Archive member included to satisfy reference by file (symbol)

/usr/local/Cellar/arm-none-eabi-gcc/9-2019-q4-major/gcc/bin/../lib/gcc/arm-none-eabi/9.2.1/thumb/v7-m/nofp/libgcc.a(_arm_muldf3.o)
                              CMakeFiles/STM_lcd.elf.dir/Src/ssd1306.c.obj (__aeabi_dmul)
/usr/local/Cellar/arm-none-eabi-gcc/9-2019-q4-major/gcc/bin/../lib/gcc/arm-none-eabi/9.2.1/thumb/v7-m/nofp/libgcc.a(_arm_mulsf3.o)
                              CMakeFiles/STM_lcd.elf.dir/Src/ssd1306.c.obj (__aeabi_fmul)
/usr/local/Cellar/arm-none-eabi-gcc/9-2019-q4-major/gcc/bin/../lib/gcc/arm-none-eabi/9.2.1/thumb/v7-m/nofp/libgcc.a(_arm_addsubdf3.o)
                              CMakeFiles/STM_lcd.elf.dir/Src/ssd1306_tests.c.obj (__aeabi_ui2d)
/usr/local/Cellar/arm-none-eabi-gcc/9-2019-q4-major/gcc/bin/../lib/gcc/arm-none-eabi/9.2.1/thumb/v7-m/nofp/libgcc.a(_arm_muldivdf3.o)
                              CMakeFiles/STM_lcd.elf.dir/Src/ssd1306.c.obj (__aeabi_ddiv)
/usr/local/Cellar/arm-none-eabi-gcc/9-2019-q4-major/gcc/bin/../lib/gcc/arm-none-eabi/9.2.1/thumb/v7-m/nofp/libgcc.a(_arm_fixdfsi.o)
                              CMakeFiles/STM_lcd.elf.dir/Src/ssd1306.c.obj (__aeabi_d2iz)
/usr/local/Cellar/arm-none-eabi-gcc/9-2019-q4-major/gcc/bin/../lib/gcc/arm-none-eabi/9.2.1/thumb/v7-m/nofp/libgcc.a(_arm_truncdfsf2.o)
                              CMakeFiles/STM_lcd.elf.dir/Src/ssd1306.c.obj (__aeabi_d2f)
/usr/local/Cellar/arm-none-eabi-gcc/9-2019-q4-major/gcc/bin/../lib/gcc/arm-none-eabi/9.2.1/thumb/v7-m/nofp/libgcc.a(_arm_addsubsf3.o)
                              CMakeFiles/STM_lcd.elf.dir/Src/ssd1306.c.obj (__aeabi_ui2f)
/usr/local/Cellar/arm-none-eabi-gcc/9-2019-q4-major/gcc/bin/../lib/gcc/arm-none-eabi/9.2.1/thumb/v7-m/nofp/libgcc.a(_arm_muldivsf3.o)
                              CMakeFiles/STM_lcd.elf.dir/Src/ssd1306.c.obj (__aeabi_fdiv)
/usr/local/Cellar/arm-none-eabi-gcc/9-2019-q4-major/gcc/bin/../lib/gcc/arm-none-eabi/9.2.1/../../../../arm-none-eabi/lib/thumb/v7-m/nofp/libg.a(lib_a-errno.o)
                              CMakeFiles/STM_lcd.elf.dir/Src/syscalls.c.obj (__errno)
/usr/local/Cellar/arm-none-eabi-gcc/9-2019-q4-major/gcc/bin/../lib/gcc/arm-none-eabi/9.2.1/../../../../arm-none-eabi/lib/thumb/v7-m/nofp/libg.a(lib_a-exit.o)
                              /usr/local/Cellar/arm-none-eabi-gcc/9-2019-q4-major/gcc/bin/../lib/gcc/arm-none-eabi/9.2.1/../../../../arm-none-eabi/lib/thumb/v7-m/nofp/crt0.o (exit)
/usr/local/Cellar/arm-none-eabi-gcc/9-2019-q4-major/gcc/bin/../lib/gcc/arm-none-eabi/9.2.1/../../../../arm-none-eabi/lib/thumb/v7-m/nofp/libg.a(lib_a-impure.o)
                              /usr/local/Cellar/arm-none-eabi-gcc/9-2019-q4-major/gcc/bin/../lib/gcc/arm-none-eabi/9.2.1/../../../../arm-none-eabi/lib/thumb/v7-m/nofp/libg.a(lib_a-exit.o) (_global_impure_ptr)
/usr/local/Cellar/arm-none-eabi-gcc/9-2019-q4-major/gcc/bin/../lib/gcc/arm-none-eabi/9.2.1/../../../../arm-none-eabi/lib/thumb/v7-m/nofp/libg.a(lib_a-init.o)
                              /usr/local/Cellar/arm-none-eabi-gcc/9-2019-q4-major/gcc/bin/../lib/gcc/arm-none-eabi/9.2.1/../../../../arm-none-eabi/lib/thumb/v7-m/nofp/crt0.o (__libc_init_array)
/usr/local/Cellar/arm-none-eabi-gcc/9-2019-q4-major/gcc/bin/../lib/gcc/arm-none-eabi/9.2.1/../../../../arm-none-eabi/lib/thumb/v7-m/nofp/libg.a(lib_a-memmove.o)
                              CMakeFiles/STM_lcd.elf.dir/Src/ssd1306_tests.c.obj (memmove)
/usr/local/Cellar/arm-none-eabi-gcc/9-2019-q4-major/gcc/bin/../lib/gcc/arm-none-eabi/9.2.1/../../../../arm-none-eabi/lib/thumb/v7-m/nofp/libg.a(lib_a-memset.o)
                              /usr/local/Cellar/arm-none-eabi-gcc/9-2019-q4-major/gcc/bin/../lib/gcc/arm-none-eabi/9.2.1/../../../../arm-none-eabi/lib/thumb/v7-m/nofp/crt0.o (memset)
/usr/local/Cellar/arm-none-eabi-gcc/9-2019-q4-major/gcc/bin/../lib/gcc/arm-none-eabi/9.2.1/../../../../arm-none-eabi/lib/thumb/v7-m/nofp/libg.a(lib_a-snprintf.o)
                              CMakeFiles/STM_lcd.elf.dir/Src/ssd1306_tests.c.obj (snprintf)
/usr/local/Cellar/arm-none-eabi-gcc/9-2019-q4-major/gcc/bin/../lib/gcc/arm-none-eabi/9.2.1/../../../../arm-none-eabi/lib/thumb/v7-m/nofp/libg.a(lib_a-svfprintf.o)
                              /usr/local/Cellar/arm-none-eabi-gcc/9-2019-q4-major/gcc/bin/../lib/gcc/arm-none-eabi/9.2.1/../../../../arm-none-eabi/lib/thumb/v7-m/nofp/libg.a(lib_a-snprintf.o) (_svfprintf_r)
/usr/local/Cellar/arm-none-eabi-gcc/9-2019-q4-major/gcc/bin/../lib/gcc/arm-none-eabi/9.2.1/../../../../arm-none-eabi/lib/thumb/v7-m/nofp/libg.a(lib_a-__call_atexit.o)
                              /usr/local/Cellar/arm-none-eabi-gcc/9-2019-q4-major/gcc/bin/../lib/gcc/arm-none-eabi/9.2.1/../../../../arm-none-eabi/lib/thumb/v7-m/nofp/libg.a(lib_a-exit.o) (__call_exitprocs)
/usr/local/Cellar/arm-none-eabi-gcc/9-2019-q4-major/gcc/bin/../lib/gcc/arm-none-eabi/9.2.1/../../../../arm-none-eabi/lib/thumb/v7-m/nofp/libg.a(lib_a-atexit.o)
[...]
Memory Configuration

Name             Origin             Length             Attributes
RAM              0x0000000020000000 0x0000000000005000 xrw
FLASH            0x0000000008000000 0x0000000000010000 xr
*default*        0x0000000000000000 0xffffffffffffffff

Linker script and memory map

LOAD /usr/local/Cellar/arm-none-eabi-gcc/9-2019-q4-major/gcc/bin/../lib/gcc/arm-none-eabi/9.2.1/thumb/v7-m/nofp/crti.o
LOAD /usr/local/Cellar/arm-none-eabi-gcc/9-2019-q4-major/gcc/bin/../lib/gcc/arm-none-eabi/9.2.1/thumb/v7-m/nofp/crtbegin.o
LOAD /usr/local/Cellar/arm-none-eabi-gcc/9-2019-q4-major/gcc/bin/../lib/gcc/arm-none-eabi/9.2.1/../../../../arm-none-eabi/lib/thumb/v7-m/nofp/crt0.o
LOAD CMakeFiles/STM_lcd.elf.dir/Drivers/STM32F1xx_HAL_Driver/Src/stm32f1xx_hal.c.obj
LOAD CMakeFiles/STM_lcd.elf.dir/Drivers/STM32F1xx_HAL_Driver/Src/stm32f1xx_hal_cortex.c.obj
LOAD CMakeFiles/STM_lcd.elf.dir/Drivers/STM32F1xx_HAL_Driver/Src/stm32f1xx_hal_dma.c.obj
LOAD CMakeFiles/STM_lcd.elf.dir/Drivers/STM32F1xx_HAL_Driver/Src/stm32f1xx_hal_exti.c.obj
LOAD CMakeFiles/STM_lcd.elf.dir/Drivers/STM32F1xx_HAL_Driver/Src/stm32f1xx_hal_flash.c.obj
LOAD CMakeFiles/STM_lcd.elf.dir/Drivers/STM32F1xx_HAL_Driver/Src/stm32f1xx_hal_flash_ex.c.obj
LOAD CMakeFiles/STM_lcd.elf.dir/Drivers/STM32F1xx_HAL_Driver/Src/stm32f1xx_hal_gpio.c.obj
LOAD CMakeFiles/STM_lcd.elf.dir/Drivers/STM32F1xx_HAL_Driver/Src/stm32f1xx_hal_gpio_ex.c.obj
LOAD CMakeFiles/STM_lcd.elf.dir/Drivers/STM32F1xx_HAL_Driver/Src/stm32f1xx_hal_pwr.c.obj
LOAD CMakeFiles/STM_lcd.elf.dir/Drivers/STM32F1xx_HAL_Driver/Src/stm32f1xx_hal_rcc.c.obj
LOAD CMakeFiles/STM_lcd.elf.dir/Drivers/STM32F1xx_HAL_Driver/Src/stm32f1xx_hal_rcc_ex.c.obj
LOAD CMakeFiles/STM_lcd.elf.dir/Drivers/STM32F1xx_HAL_Driver/Src/stm32f1xx_hal_spi.c.obj
LOAD CMakeFiles/STM_lcd.elf.dir/Drivers/STM32F1xx_HAL_Driver/Src/stm32f1xx_hal_tim.c.obj
LOAD CMakeFiles/STM_lcd.elf.dir/Drivers/STM32F1xx_HAL_Driver/Src/stm32f1xx_hal_tim_ex.c.obj
LOAD CMakeFiles/STM_lcd.elf.dir/Src/main.c.obj
LOAD CMakeFiles/STM_lcd.elf.dir/Src/oledmenu.c.obj
LOAD CMakeFiles/STM_lcd.elf.dir/Src/ssd1306.c.obj
LOAD CMakeFiles/STM_lcd.elf.dir/Src/ssd1306_fonts.c.obj
LOAD CMakeFiles/STM_lcd.elf.dir/Src/ssd1306_tests.c.obj
LOAD CMakeFiles/STM_lcd.elf.dir/Src/stm32f1xx_hal_msp.c.obj
LOAD CMakeFiles/STM_lcd.elf.dir/Src/stm32f1xx_it.c.obj
LOAD CMakeFiles/STM_lcd.elf.dir/Src/syscalls.c.obj
LOAD CMakeFiles/STM_lcd.elf.dir/Src/sysmem.c.obj
LOAD CMakeFiles/STM_lcd.elf.dir/Src/system_stm32f1xx.c.obj
LOAD CMakeFiles/STM_lcd.elf.dir/Startup/startup_stm32f103c8tx.s.obj
START GROUP
LOAD /usr/local/Cellar/arm-none-eabi-gcc/9-2019-q4-major/gcc/bin/../lib/gcc/arm-none-eabi/9.2.1/thumb/v7-m/nofp/libgcc.a
LOAD /usr/local/Cellar/arm-none-eabi-gcc/9-2019-q4-major/gcc/bin/../lib/gcc/arm-none-eabi/9.2.1/../../../../arm-none-eabi/lib/thumb/v7-m/nofp/libg.a
LOAD /usr/local/Cellar/arm-none-eabi-gcc/9-2019-q4-major/gcc/bin/../lib/gcc/arm-none-eabi/9.2.1/../../../../arm-none-eabi/lib/thumb/v7-m/nofp/libc.a
END GROUP
LOAD /usr/local/Cellar/arm-none-eabi-gcc/9-2019-q4-major/gcc/bin/../lib/gcc/arm-none-eabi/9.2.1/thumb/v7-m/nofp/crtend.o
LOAD /usr/local/Cellar/arm-none-eabi-gcc/9-2019-q4-major/gcc/bin/../lib/gcc/arm-none-eabi/9.2.1/thumb/v7-m/nofp/crtn.o
                0x0000000020005000                _estack = (ORIGIN (RAM) + LENGTH (RAM))
                0x0000000000000200                _Min_Heap_Size = 0x200
                0x0000000000000400                _Min_Stack_Size = 0x400

.isr_vector     0x0000000008000000      0x10c
                0x0000000008000000                . = ALIGN (0x4)
 *(.isr_vector)
 .isr_vector    0x0000000008000000      0x10c CMakeFiles/STM_lcd.elf.dir/Startup/startup_stm32f103c8tx.s.obj
                0x0000000008000000                g_pfnVectors
                0x000000000800010c                . = ALIGN (0x4)

.text           0x000000000800010c     0x2994
                0x000000000800010c                . = ALIGN (0x4)
 *(.text)
 .text          0x000000000800010c       0x40 /usr/local/Cellar/arm-none-eabi-gcc/9-2019-q4-major/gcc/bin/../lib/gcc/arm-none-eabi/9.2.1/thumb/v7-m/nofp/crtbegin.o
 *(.text*)
 .text.HAL_Init
                0x000000000800014c       0x2c CMakeFiles/STM_lcd.elf.dir/Drivers/STM32F1xx_HAL_Driver/Src/stm32f1xx_hal.c.obj
                0x000000000800014c                HAL_Init
 .text.HAL_InitTick
                0x0000000008000178       0x60 CMakeFiles/STM_lcd.elf.dir/Drivers/STM32F1xx_HAL_Driver/Src/stm32f1xx_hal.c.obj
                0x0000000008000178                HAL_InitTick
 .text.HAL_IncTick
                0x00000000080001d8       0x24 CMakeFiles/STM_lcd.elf.dir/Drivers/STM32F1xx_HAL_Driver/Src/stm32f1xx_hal.c.obj
                0x00000000080001d8                HAL_IncTick
 .text.HAL_GetTick
                0x00000000080001fc       0x14 CMakeFiles/STM_lcd.elf.dir/Drivers/STM32F1xx_HAL_Driver/Src/stm32f1xx_hal.c.obj
                0x00000000080001fc                HAL_GetTick
 .text.HAL_Delay
                0x0000000008000210       0x48 CMakeFiles/STM_lcd.elf.dir/Drivers/STM32F1xx_HAL_Driver/Src/stm32f1xx_hal.c.obj
                0x0000000008000210                HAL_Delay
 .text.__NVIC_SetPriorityGrouping
                0x0000000008000258       0x48 CMakeFiles/STM_lcd.elf.dir/Drivers/STM32F1xx_HAL_Driver/Src/stm32f1xx_hal_cortex.c.obj
 .text.__NVIC_GetPriorityGrouping
                0x00000000080002a0       0x1c CMakeFiles/STM_lcd.elf.dir/Drivers/STM32F1xx_HAL_Driver/Src/stm32f1xx_hal_cortex.c.obj
 .text.__NVIC_EnableIRQ
                0x00000000080002bc       0x38 CMakeFiles/STM_lcd.elf.dir/Drivers/STM32F1xx_HAL_Driver/Src/stm32f1xx_hal_cortex.c.obj
 .text.__NVIC_SetPriority
                0x00000000080002f4       0x54 CMakeFiles/STM_lcd.elf.dir/Drivers/STM32F1xx_HAL_Driver/Src/stm32f1xx_hal_cortex.c.obj
 .text.NVIC_EncodePriority
                0x0000000008000348       0x64 CMakeFiles/STM_lcd.elf.dir/Drivers/STM32F1xx_HAL_Driver/Src/stm32f1xx_hal_cortex.c.obj
 .text.SysTick_Config
                0x00000000080003ac       0x44 CMakeFiles/STM_lcd.elf.dir/Drivers/STM32F1xx_HAL_Driver/Src/stm32f1xx_hal_cortex.c.obj
 .text.HAL_NVIC_SetPriorityGrouping
                0x00000000080003f0       0x16 CMakeFiles/STM_lcd.elf.dir/Drivers/STM32F1xx_HAL_Driver/Src/stm32f1xx_hal_cortex.c.obj
                0x00000000080003f0                HAL_NVIC_SetPriorityGrouping
 .text.HAL_NVIC_SetPriority
                0x0000000008000406       0x38 CMakeFiles/STM_lcd.elf.dir/Drivers/STM32F1xx_HAL_Driver/Src/stm32f1xx_hal_cortex.c.obj
                0x0000000008000406                HAL_NVIC_SetPriority
 .text.HAL_NVIC_EnableIRQ
                0x000000000800043e       0x1c CMakeFiles/STM_lcd.elf.dir/Drivers/STM32F1xx_HAL_Driver/Src/stm32f1xx_hal_cortex.c.obj
                0x000000000800043e                HAL_NVIC_EnableIRQ
 .text.HAL_SYSTICK_Config
                0x000000000800045a       0x18 CMakeFiles/STM_lcd.elf.dir/Drivers/STM32F1xx_HAL_Driver/Src/stm32f1xx_hal_cortex.c.obj
                0x000000000800045a                HAL_SYSTICK_Config
 *fill*         0x0000000008000472        0x2 
 .text.HAL_GPIO_Init
                0x0000000008000474      0x308 CMakeFiles/STM_lcd.elf.dir/Drivers/STM32F1xx_HAL_Driver/Src/stm32f1xx_hal_gpio.c.obj
                0x0000000008000474                HAL_GPIO_Init
 .text.HAL_GPIO_ReadPin
                0x000000000800077c       0x2e CMakeFiles/STM_lcd.elf.dir/Drivers/STM32F1xx_HAL_Driver/Src/stm32f1xx_hal_gpio.c.obj
                0x000000000800077c                HAL_GPIO_ReadPin
 .text.HAL_GPIO_WritePin
                0x00000000080007aa       0x30 CMakeFiles/STM_lcd.elf.dir/Drivers/STM32F1xx_HAL_Driver/Src/stm32f1xx_hal_gpio.c.obj
                0x00000000080007aa                HAL_GPIO_WritePin
 *fill*         0x00000000080007da        0x2 
 .text.HAL_GPIO_EXTI_IRQHandler
                0x00000000080007dc       0x30 CMakeFiles/STM_lcd.elf.dir/Drivers/STM32F1xx_HAL_Driver/Src/stm32f1xx_hal_gpio.c.obj
                0x00000000080007dc                HAL_GPIO_EXTI_IRQHandler
 .text.HAL_RCC_OscConfig
                0x000000000800080c      0x500 CMakeFiles/STM_lcd.elf.dir/Drivers/STM32F1xx_HAL_Driver/Src/stm32f1xx_hal_rcc.c.obj
                0x000000000800080c                HAL_RCC_OscConfig
 .text.HAL_RCC_ClockConfig
                0x0000000008000d0c      0x1d4 CMakeFiles/STM_lcd.elf.dir/Drivers/STM32F1xx_HAL_Driver/Src/stm32f1xx_hal_rcc.c.obj
                0x0000000008000d0c                HAL_RCC_ClockConfig
 .text.HAL_RCC_GetSysClockFreq
                0x0000000008000ee0       0xc0 CMakeFiles/STM_lcd.elf.dir/Drivers/STM32F1xx_HAL_Driver/Src/stm32f1xx_hal_rcc.c.obj
                0x0000000008000ee0                HAL_RCC_GetSysClockFreq
 .text.RCC_Delay
                0x0000000008000fa0       0x3c CMakeFiles/STM_lcd.elf.dir/Drivers/STM32F1xx_HAL_Driver/Src/stm32f1xx_hal_rcc.c.obj
 .text.HAL_SPI_Init
                0x0000000008000fdc       0xc2 CMakeFiles/STM_lcd.elf.dir/Drivers/STM32F1xx_HAL_Driver/Src/stm32f1xx_hal_spi.c.obj
                0x0000000008000fdc                HAL_SPI_Init
 .text.HAL_SPI_Transmit
                0x000000000800109e      0x268 CMakeFiles/STM_lcd.elf.dir/Drivers/STM32F1xx_HAL_Driver/Src/stm32f1xx_hal_spi.c.obj
                0x000000000800109e                HAL_SPI_Transmit
 .text.SPI_WaitFlagStateUntilTimeout
                0x0000000008001306       0xd4 CMakeFiles/STM_lcd.elf.dir/Drivers/STM32F1xx_HAL_Driver/Src/stm32f1xx_hal_spi.c.obj
 .text.SPI_EndRxTxTransaction
                0x00000000080013da       0x3c CMakeFiles/STM_lcd.elf.dir/Drivers/STM32F1xx_HAL_Driver/Src/stm32f1xx_hal_spi.c.obj
 .text.HAL_TIM_Base_Init
                0x0000000008001416       0x56 CMakeFiles/STM_lcd.elf.dir/Drivers/STM32F1xx_HAL_Driver/Src/stm32f1xx_hal_tim.c.obj
                0x0000000008001416                HAL_TIM_Base_Init
 .text.HAL_TIM_Base_Start_IT
                0x000000000800146c       0x46 CMakeFiles/STM_lcd.elf.dir/Drivers/STM32F1xx_HAL_Driver/Src/stm32f1xx_hal_tim.c.obj
                0x000000000800146c                HAL_TIM_Base_Start_IT
 .text.HAL_TIM_Base_Stop_IT
                0x00000000080014b2       0x54 CMakeFiles/STM_lcd.elf.dir/Drivers/STM32F1xx_HAL_Driver/Src/stm32f1xx_hal_tim.c.obj
                0x00000000080014b2                HAL_TIM_Base_Stop_IT
 .text.HAL_TIM_IRQHandler
                0x0000000008001506      0x210 CMakeFiles/STM_lcd.elf.dir/Drivers/STM32F1xx_HAL_Driver/Src/stm32f1xx_hal_tim.c.obj
                0x0000000008001506                HAL_TIM_IRQHandler
 .text.HAL_TIM_ConfigClockSource
                0x0000000008001716      0x188 CMakeFiles/STM_lcd.elf.dir/Drivers/STM32F1xx_HAL_Driver/Src/stm32f1xx_hal_tim.c.obj
                0x0000000008001716                HAL_TIM_ConfigClockSource
 .text.HAL_TIM_OC_DelayElapsedCallback
                0x000000000800189e       0x12 CMakeFiles/STM_lcd.elf.dir/Drivers/STM32F1xx_HAL_Driver/Src/stm32f1xx_hal_tim.c.obj
                0x000000000800189e                HAL_TIM_OC_DelayElapsedCallback
 .text.HAL_TIM_IC_CaptureCallback
                0x00000000080018b0       0x12 CMakeFiles/STM_lcd.elf.dir/Drivers/STM32F1xx_HAL_Driver/Src/stm32f1xx_hal_tim.c.obj
                0x00000000080018b0                HAL_TIM_IC_CaptureCallback
 .text.HAL_TIM_PWM_PulseFinishedCallback
                0x00000000080018c2       0x12 CMakeFiles/STM_lcd.elf.dir/Drivers/STM32F1xx_HAL_Driver/Src/stm32f1xx_hal_tim.c.obj
                0x00000000080018c2                HAL_TIM_PWM_PulseFinishedCallback
 .text.HAL_TIM_TriggerCallback
                0x00000000080018d4       0x12 CMakeFiles/STM_lcd.elf.dir/Drivers/STM32F1xx_HAL_Driver/Src/stm32f1xx_hal_tim.c.obj
                0x00000000080018d4                HAL_TIM_TriggerCallback
 *fill*         0x00000000080018e6        0x2 
 .text.TIM_Base_SetConfig
                0x00000000080018e8       0xc4 CMakeFiles/STM_lcd.elf.dir/Drivers/STM32F1xx_HAL_Driver/Src/stm32f1xx_hal_tim.c.obj
                0x00000000080018e8                TIM_Base_SetConfig
 .text.TIM_TI1_ConfigInputStage
                0x00000000080019ac       0x5c CMakeFiles/STM_lcd.elf.dir/Drivers/STM32F1xx_HAL_Driver/Src/stm32f1xx_hal_tim.c.obj
 .text.TIM_TI2_ConfigInputStage
                0x0000000008001a08       0x5e CMakeFiles/STM_lcd.elf.dir/Drivers/STM32F1xx_HAL_Driver/Src/stm32f1xx_hal_tim.c.obj
 .text.TIM_ITRx_SetConfig
                0x0000000008001a66       0x34 CMakeFiles/STM_lcd.elf.dir/Drivers/STM32F1xx_HAL_Driver/Src/stm32f1xx_hal_tim.c.obj
 .text.TIM_ETR_SetConfig
                0x0000000008001a9a       0x3e CMakeFiles/STM_lcd.elf.dir/Drivers/STM32F1xx_HAL_Driver/Src/stm32f1xx_hal_tim.c.obj
                0x0000000008001a9a                TIM_ETR_SetConfig
 .text.HAL_TIMEx_MasterConfigSynchronization
                0x0000000008001ad8       0x88 CMakeFiles/STM_lcd.elf.dir/Drivers/STM32F1xx_HAL_Driver/Src/stm32f1xx_hal_tim_ex.c.obj
                0x0000000008001ad8                HAL_TIMEx_MasterConfigSynchronization
 .text.HAL_TIMEx_CommutCallback
                0x0000000008001b60       0x12 CMakeFiles/STM_lcd.elf.dir/Drivers/STM32F1xx_HAL_Driver/Src/stm32f1xx_hal_tim_ex.c.obj
                0x0000000008001b60                HAL_TIMEx_CommutCallback
 .text.HAL_TIMEx_BreakCallback
                0x0000000008001b72       0x12 CMakeFiles/STM_lcd.elf.dir/Drivers/STM32F1xx_HAL_Driver/Src/stm32f1xx_hal_tim_ex.c.obj
                0x0000000008001b72                HAL_TIMEx_BreakCallback
 .text.HAL_GPIO_EXTI_Callback
                0x0000000008001b84       0x70 CMakeFiles/STM_lcd.elf.dir/Src/main.c.obj
                0x0000000008001b84                HAL_GPIO_EXTI_Callback
 .text.HAL_TIM_PeriodElapsedCallback
                0x0000000008001bf4       0xb8 CMakeFiles/STM_lcd.elf.dir/Src/main.c.obj
                0x0000000008001bf4                HAL_TIM_PeriodElapsedCallback
 .text.main     0x0000000008001cac       0x84 CMakeFiles/STM_lcd.elf.dir/Src/main.c.obj
                0x0000000008001cac                main
 .text.SystemClock_Config
                0x0000000008001d30       0x8a CMakeFiles/STM_lcd.elf.dir/Src/main.c.obj
                0x0000000008001d30                SystemClock_Config
 *fill*         0x0000000008001dba        0x2 
 .text.MX_SPI1_Init
                0x0000000008001dbc       0x6c CMakeFiles/STM_lcd.elf.dir/Src/main.c.obj
 .text.MX_TIM1_Init
                0x0000000008001e28       0xa0 CMakeFiles/STM_lcd.elf.dir/Src/main.c.obj
 .text.MX_GPIO_Init
                0x0000000008001ec8      0x108 CMakeFiles/STM_lcd.elf.dir/Src/main.c.obj
 .text.Error_Handler
                0x0000000008001fd0        0xc CMakeFiles/STM_lcd.elf.dir/Src/main.c.obj
                0x0000000008001fd0                Error_Handler
 .text.oledmenu_display_splash
                0x0000000008001fdc       0x4c CMakeFiles/STM_lcd.elf.dir/Src/oledmenu.c.obj
                0x0000000008001fdc                oledmenu_display_splash
 .text.oledmenu_display_arrows
                0x0000000008002028       0x44 CMakeFiles/STM_lcd.elf.dir/Src/oledmenu.c.obj
                0x0000000008002028                oledmenu_display_arrows
 .text.oledmanu_display_lvls
                0x000000000800206c       0x70 CMakeFiles/STM_lcd.elf.dir/Src/oledmenu.c.obj
                0x000000000800206c                oledmanu_display_lvls
 .text.oledmenu_display_recipe
                0x00000000080020dc       0x8c CMakeFiles/STM_lcd.elf.dir/Src/oledmenu.c.obj
                0x00000000080020dc                oledmenu_display_recipe
 .text.ssd1306_Reset
                0x0000000008002168       0x38 CMakeFiles/STM_lcd.elf.dir/Src/ssd1306.c.obj
                0x0000000008002168                ssd1306_Reset
 .text.ssd1306_WriteCommand
                0x00000000080021a0       0x48 CMakeFiles/STM_lcd.elf.dir/Src/ssd1306.c.obj
                0x00000000080021a0                ssd1306_WriteCommand
 .text.ssd1306_WriteData
                0x00000000080021e8       0x48 CMakeFiles/STM_lcd.elf.dir/Src/ssd1306.c.obj
                0x00000000080021e8                ssd1306_WriteData
 .text.ssd1306_Init
                0x0000000008002230       0xdc CMakeFiles/STM_lcd.elf.dir/Src/ssd1306.c.obj
                0x0000000008002230                ssd1306_Init
 .text.ssd1306_Fill
                0x000000000800230c       0x44 CMakeFiles/STM_lcd.elf.dir/Src/ssd1306.c.obj
                0x000000000800230c                ssd1306_Fill
 .text.ssd1306_UpdateScreen
                0x0000000008002350       0x50 CMakeFiles/STM_lcd.elf.dir/Src/ssd1306.c.obj
                0x0000000008002350                ssd1306_UpdateScreen
 .text.ssd1306_DrawPixel
                0x00000000080023a0       0xc0 CMakeFiles/STM_lcd.elf.dir/Src/ssd1306.c.obj
                0x00000000080023a0                ssd1306_DrawPixel
 .text.ssd1306_WriteChar
                0x0000000008002460      0x110 CMakeFiles/STM_lcd.elf.dir/Src/ssd1306.c.obj
                0x0000000008002460                ssd1306_WriteChar
 .text.ssd1306_WriteString
                0x0000000008002570       0x4c CMakeFiles/STM_lcd.elf.dir/Src/ssd1306.c.obj
                0x0000000008002570                ssd1306_WriteString
 .text.ssd1306_SetCursor
                0x00000000080025bc       0x30 CMakeFiles/STM_lcd.elf.dir/Src/ssd1306.c.obj
                0x00000000080025bc                ssd1306_SetCursor
 .text.HAL_MspInit
                0x00000000080025ec       0x64 CMakeFiles/STM_lcd.elf.dir/Src/stm32f1xx_hal_msp.c.obj
                0x00000000080025ec                HAL_MspInit
 .text.HAL_SPI_MspInit
                0x0000000008002650       0x7c CMakeFiles/STM_lcd.elf.dir/Src/stm32f1xx_hal_msp.c.obj
                0x0000000008002650                HAL_SPI_MspInit
 .text.HAL_TIM_Base_MspInit
                0x00000000080026cc       0x7c CMakeFiles/STM_lcd.elf.dir/Src/stm32f1xx_hal_msp.c.obj
                0x00000000080026cc                HAL_TIM_Base_MspInit
 .text.NMI_Handler
                0x0000000008002748        0xc CMakeFiles/STM_lcd.elf.dir/Src/stm32f1xx_it.c.obj
                0x0000000008002748                NMI_Handler
 .text.HardFault_Handler
                0x0000000008002754        0x6 CMakeFiles/STM_lcd.elf.dir/Src/stm32f1xx_it.c.obj
                0x0000000008002754                HardFault_Handler
 .text.MemManage_Handler
                0x000000000800275a        0x6 CMakeFiles/STM_lcd.elf.dir/Src/stm32f1xx_it.c.obj
                0x000000000800275a                MemManage_Handler
 .text.BusFault_Handler
                0x0000000008002760        0x6 CMakeFiles/STM_lcd.elf.dir/Src/stm32f1xx_it.c.obj
                0x0000000008002760                BusFault_Handler
 .text.UsageFault_Handler
                0x0000000008002766        0x6 CMakeFiles/STM_lcd.elf.dir/Src/stm32f1xx_it.c.obj
                0x0000000008002766                UsageFault_Handler
 .text.SVC_Handler
                0x000000000800276c        0xc CMakeFiles/STM_lcd.elf.dir/Src/stm32f1xx_it.c.obj
                0x000000000800276c                SVC_Handler
 .text.DebugMon_Handler
                0x0000000008002778        0xc CMakeFiles/STM_lcd.elf.dir/Src/stm32f1xx_it.c.obj
                0x0000000008002778                DebugMon_Handler
 .text.PendSV_Handler
                0x0000000008002784        0xc CMakeFiles/STM_lcd.elf.dir/Src/stm32f1xx_it.c.obj
                0x0000000008002784                PendSV_Handler
 .text.SysTick_Handler
                0x0000000008002790        0xc CMakeFiles/STM_lcd.elf.dir/Src/stm32f1xx_it.c.obj
                0x0000000008002790                SysTick_Handler
 .text.TIM1_BRK_IRQHandler
                0x000000000800279c       0x14 CMakeFiles/STM_lcd.elf.dir/Src/stm32f1xx_it.c.obj
                0x000000000800279c                TIM1_BRK_IRQHandler
 .text.TIM1_UP_IRQHandler
                0x00000000080027b0       0x14 CMakeFiles/STM_lcd.elf.dir/Src/stm32f1xx_it.c.obj
                0x00000000080027b0                TIM1_UP_IRQHandler
 .text.TIM1_TRG_COM_IRQHandler
                0x00000000080027c4       0x14 CMakeFiles/STM_lcd.elf.dir/Src/stm32f1xx_it.c.obj
                0x00000000080027c4                TIM1_TRG_COM_IRQHandler
 .text.TIM1_CC_IRQHandler
                0x00000000080027d8       0x14 CMakeFiles/STM_lcd.elf.dir/Src/stm32f1xx_it.c.obj
                0x00000000080027d8                TIM1_CC_IRQHandler
 .text.EXTI15_10_IRQHandler
                0x00000000080027ec       0x20 CMakeFiles/STM_lcd.elf.dir/Src/stm32f1xx_it.c.obj
                0x00000000080027ec                EXTI15_10_IRQHandler
 .text.SystemInit
                0x000000000800280c       0x68 CMakeFiles/STM_lcd.elf.dir/Src/system_stm32f1xx.c.obj
                0x000000000800280c                SystemInit
 .text.Reset_Handler
                0x0000000008002874       0x48 CMakeFiles/STM_lcd.elf.dir/Startup/startup_stm32f103c8tx.s.obj
                0x0000000008002874                Reset_Handler
 .text.Default_Handler
                0x00000000080028bc        0x2 CMakeFiles/STM_lcd.elf.dir/Startup/startup_stm32f103c8tx.s.obj
                0x00000000080028bc                USBWakeUp_IRQHandler
                0x00000000080028bc                EXTI2_IRQHandler
                0x00000000080028bc                PVD_IRQHandler
                0x00000000080028bc                EXTI3_IRQHandler
                0x00000000080028bc                EXTI0_IRQHandler
                0x00000000080028bc                I2C2_EV_IRQHandler
                0x00000000080028bc                ADC1_2_IRQHandler
                0x00000000080028bc                SPI1_IRQHandler
                0x00000000080028bc                TAMPER_IRQHandler
                0x00000000080028bc                DMA1_Channel4_IRQHandler
                0x00000000080028bc                USART3_IRQHandler
                0x00000000080028bc                RTC_IRQHandler
                0x00000000080028bc                DMA1_Channel7_IRQHandler
                0x00000000080028bc                CAN1_RX1_IRQHandler
                0x00000000080028bc                TIM4_IRQHandler
                0x00000000080028bc                I2C1_EV_IRQHandler
                0x00000000080028bc                DMA1_Channel6_IRQHandler
                0x00000000080028bc                TIM3_IRQHandler
                0x00000000080028bc                RCC_IRQHandler
                0x00000000080028bc                DMA1_Channel1_IRQHandler
                0x00000000080028bc                Default_Handler
                0x00000000080028bc                EXTI9_5_IRQHandler
                0x00000000080028bc                SPI2_IRQHandler
                0x00000000080028bc                DMA1_Channel5_IRQHandler
                0x00000000080028bc                EXTI4_IRQHandler
                0x00000000080028bc                USB_LP_CAN1_RX0_IRQHandler
                0x00000000080028bc                USB_HP_CAN1_TX_IRQHandler
                0x00000000080028bc                DMA1_Channel3_IRQHandler
                0x00000000080028bc                WWDG_IRQHandler
                0x00000000080028bc                TIM2_IRQHandler
                0x00000000080028bc                EXTI1_IRQHandler
                0x00000000080028bc                USART2_IRQHandler
                0x00000000080028bc                I2C2_ER_IRQHandler
                0x00000000080028bc                DMA1_Channel2_IRQHandler
                0x00000000080028bc                CAN1_SCE_IRQHandler
                0x00000000080028bc                FLASH_IRQHandler
                0x00000000080028bc                USART1_IRQHandler
                0x00000000080028bc                I2C1_ER_IRQHandler
                0x00000000080028bc                RTC_Alarm_IRQHandler
 *fill*         0x00000000080028be        0x2 
 .text.__libc_init_array
                0x00000000080028c0       0x48 /usr/local/Cellar/arm-none-eabi-gcc/9-2019-q4-major/gcc/bin/../lib/gcc/arm-none-eabi/9.2.1/../../../../arm-none-eabi/lib/thumb/v7-m/nofp/libg.a(lib_a-init.o)
                0x00000000080028c0                __libc_init_array
 .text.memset   0x0000000008002908       0xa0 /usr/local/Cellar/arm-none-eabi-gcc/9-2019-q4-major/gcc/bin/../lib/gcc/arm-none-eabi/9.2.1/../../../../arm-none-eabi/lib/thumb/v7-m/nofp/libg.a(lib_a-memset.o)
                0x0000000008002908                memset
 .text.startup.register_fini
                0x00000000080029a8       0x14 /usr/local/Cellar/arm-none-eabi-gcc/9-2019-q4-major/gcc/bin/../lib/gcc/arm-none-eabi/9.2.1/../../../../arm-none-eabi/lib/thumb/v7-m/nofp/libg.a(lib_a-__call_atexit.o)
 .text.atexit   0x00000000080029bc        0xc /usr/local/Cellar/arm-none-eabi-gcc/9-2019-q4-major/gcc/bin/../lib/gcc/arm-none-eabi/9.2.1/../../../../arm-none-eabi/lib/thumb/v7-m/nofp/libg.a(lib_a-atexit.o)
                0x00000000080029bc                atexit
 .text.__libc_fini_array
                0x00000000080029c8       0x2c /usr/local/Cellar/arm-none-eabi-gcc/9-2019-q4-major/gcc/bin/../lib/gcc/arm-none-eabi/9.2.1/../../../../arm-none-eabi/lib/thumb/v7-m/nofp/libg.a(lib_a-fini.o)
                0x00000000080029c8                __libc_fini_array
 .text.__retarget_lock_acquire_recursive
                0x00000000080029f4        0x4 /usr/local/Cellar/arm-none-eabi-gcc/9-2019-q4-major/gcc/bin/../lib/gcc/arm-none-eabi/9.2.1/../../../../arm-none-eabi/lib/thumb/v7-m/nofp/libg.a(lib_a-lock.o)
                0x00000000080029f4                __retarget_lock_acquire_recursive
 .text.__retarget_lock_release_recursive
                0x00000000080029f8        0x4 /usr/local/Cellar/arm-none-eabi-gcc/9-2019-q4-major/gcc/bin/../lib/gcc/arm-none-eabi/9.2.1/../../../../arm-none-eabi/lib/thumb/v7-m/nofp/libg.a(lib_a-lock.o)
                0x00000000080029f8                __retarget_lock_release_recursive
 .text.__register_exitproc
                0x00000000080029fc       0x8c /usr/local/Cellar/arm-none-eabi-gcc/9-2019-q4-major/gcc/bin/../lib/gcc/arm-none-eabi/9.2.1/../../../../arm-none-eabi/lib/thumb/v7-m/nofp/libg.a(lib_a-__atexit.o)
                0x00000000080029fc                __register_exitproc
 *(.glue_7)
 .glue_7        0x0000000008002a88        0x0 linker stubs
 *(.glue_7t)
 .glue_7t       0x0000000008002a88        0x0 linker stubs
 *(.eh_frame)
 .eh_frame      0x0000000008002a88        0x0 /usr/local/Cellar/arm-none-eabi-gcc/9-2019-q4-major/gcc/bin/../lib/gcc/arm-none-eabi/9.2.1/thumb/v7-m/nofp/crtbegin.o
 *(.init)
 .init          0x0000000008002a88        0x4 /usr/local/Cellar/arm-none-eabi-gcc/9-2019-q4-major/gcc/bin/../lib/gcc/arm-none-eabi/9.2.1/thumb/v7-m/nofp/crti.o
                0x0000000008002a88                _init
 .init          0x0000000008002a8c        0x8 /usr/local/Cellar/arm-none-eabi-gcc/9-2019-q4-major/gcc/bin/../lib/gcc/arm-none-eabi/9.2.1/thumb/v7-m/nofp/crtn.o
 *(.fini)
 .fini          0x0000000008002a94        0x4 /usr/local/Cellar/arm-none-eabi-gcc/9-2019-q4-major/gcc/bin/../lib/gcc/arm-none-eabi/9.2.1/thumb/v7-m/nofp/crti.o
                0x0000000008002a94                _fini
 .fini          0x0000000008002a98        0x8 /usr/local/Cellar/arm-none-eabi-gcc/9-2019-q4-major/gcc/bin/../lib/gcc/arm-none-eabi/9.2.1/thumb/v7-m/nofp/crtn.o
                0x0000000008002aa0                . = ALIGN (0x4)
                0x0000000008002aa0                _etext = .

.vfp11_veneer   0x0000000008002aa0        0x0
 .vfp11_veneer  0x0000000008002aa0        0x0 linker stubs

.v4_bx          0x0000000008002aa0        0x0
 .v4_bx         0x0000000008002aa0        0x0 linker stubs

.iplt           0x0000000008002aa0        0x0
 .iplt          0x0000000008002aa0        0x0 /usr/local/Cellar/arm-none-eabi-gcc/9-2019-q4-major/gcc/bin/../lib/gcc/arm-none-eabi/9.2.1/thumb/v7-m/nofp/crtbegin.o

.rodata         0x0000000008002aa0     0x1b24
                0x0000000008002aa0                . = ALIGN (0x4)
 *(.rodata)
 .rodata        0x0000000008002aa0       0x10 CMakeFiles/STM_lcd.elf.dir/Drivers/STM32F1xx_HAL_Driver/Src/stm32f1xx_hal_rcc.c.obj
 .rodata        0x0000000008002ab0       0x12 CMakeFiles/STM_lcd.elf.dir/Src/main.c.obj
 *fill*         0x0000000008002ac2        0x2 
 .rodata        0x0000000008002ac4       0x33 CMakeFiles/STM_lcd.elf.dir/Src/oledmenu.c.obj
 *(.rodata*)
 *fill*         0x0000000008002af7        0x1 
 .rodata.Font7x10
                0x0000000008002af8      0x76c CMakeFiles/STM_lcd.elf.dir/Src/ssd1306_fonts.c.obj
 .rodata.Font11x18
                0x0000000008003264      0xd5c CMakeFiles/STM_lcd.elf.dir/Src/ssd1306_fonts.c.obj
 .rodata.Font6x8
                0x0000000008003fc0      0x5f0 CMakeFiles/STM_lcd.elf.dir/Src/ssd1306_fonts.c.obj
 .rodata.AHBPrescTable
                0x00000000080045b0       0x10 CMakeFiles/STM_lcd.elf.dir/Src/system_stm32f1xx.c.obj
                0x00000000080045b0                AHBPrescTable
 .rodata._global_impure_ptr
                0x00000000080045c0        0x4 /usr/local/Cellar/arm-none-eabi-gcc/9-2019-q4-major/gcc/bin/../lib/gcc/arm-none-eabi/9.2.1/../../../../arm-none-eabi/lib/thumb/v7-m/nofp/libg.a(lib_a-impure.o)
                0x00000000080045c0                _global_impure_ptr
                0x00000000080045c4                . = ALIGN (0x4)

.rel.dyn        0x00000000080045c4        0x0
 .rel.iplt      0x00000000080045c4        0x0 /usr/local/Cellar/arm-none-eabi-gcc/9-2019-q4-major/gcc/bin/../lib/gcc/arm-none-eabi/9.2.1/thumb/v7-m/nofp/crtbegin.o

.ARM.extab      0x00000000080045c4        0x0
                0x00000000080045c4                . = ALIGN (0x4)
 *(.ARM.extab* .gnu.linkonce.armextab.*)
                0x00000000080045c4                . = ALIGN (0x4)

.ARM            0x00000000080045c4        0x0
                0x00000000080045c4                . = ALIGN (0x4)
                0x00000000080045c4                __exidx_start = .
 *(.ARM.exidx*)
                0x00000000080045c4                __exidx_end = .
                0x00000000080045c4                . = ALIGN (0x4)

.preinit_array  0x00000000080045c4        0x0
                0x00000000080045c4                . = ALIGN (0x4)
                0x00000000080045c4                PROVIDE (__preinit_array_start = .)
 *(.preinit_array*)
                0x00000000080045c4                PROVIDE (__preinit_array_end = .)
                0x00000000080045c4                . = ALIGN (0x4)

.init_array     0x00000000080045c4        0x8
                0x00000000080045c4                . = ALIGN (0x4)
                0x00000000080045c4                PROVIDE (__init_array_start = .)
 *(SORT_BY_NAME(.init_array.*))
 .init_array.00000
                0x00000000080045c4        0x4 /usr/local/Cellar/arm-none-eabi-gcc/9-2019-q4-major/gcc/bin/../lib/gcc/arm-none-eabi/9.2.1/../../../../arm-none-eabi/lib/thumb/v7-m/nofp/libg.a(lib_a-__call_atexit.o)
 *(.init_array*)
 .init_array    0x00000000080045c8        0x4 /usr/local/Cellar/arm-none-eabi-gcc/9-2019-q4-major/gcc/bin/../lib/gcc/arm-none-eabi/9.2.1/thumb/v7-m/nofp/crtbegin.o
                0x00000000080045cc                PROVIDE (__init_array_end = .)
                0x00000000080045cc                . = ALIGN (0x4)

.fini_array     0x00000000080045cc        0x4
                0x00000000080045cc                . = ALIGN (0x4)
                0x00000000080045cc                PROVIDE (__fini_array_start = .)
 *(SORT_BY_NAME(.fini_array.*))
 *(.fini_array*)
 .fini_array    0x00000000080045cc        0x4 /usr/local/Cellar/arm-none-eabi-gcc/9-2019-q4-major/gcc/bin/../lib/gcc/arm-none-eabi/9.2.1/thumb/v7-m/nofp/crtbegin.o
                0x00000000080045d0                PROVIDE (__fini_array_end = .)
                0x00000000080045d0                . = ALIGN (0x4)
                0x00000000080045d0                _sidata = LOADADDR (.data)

.data           0x0000000020000000      0x454 load address 0x00000000080045d0
                0x0000000020000000                . = ALIGN (0x4)
                0x0000000020000000                _sdata = .
 *(.data)
 *(.data*)
 .data.uwTickPrio
                0x0000000020000000        0x4 CMakeFiles/STM_lcd.elf.dir/Drivers/STM32F1xx_HAL_Driver/Src/stm32f1xx_hal.c.obj
                0x0000000020000000                uwTickPrio
 .data.uwTickFreq
                0x0000000020000004        0x1 CMakeFiles/STM_lcd.elf.dir/Drivers/STM32F1xx_HAL_Driver/Src/stm32f1xx_hal.c.obj
                0x0000000020000004                uwTickFreq
 .data.debounceState
                0x0000000020000005        0x1 CMakeFiles/STM_lcd.elf.dir/Src/main.c.obj
                0x0000000020000005                debounceState
 *fill*         0x0000000020000006        0x2 
 .data.Font_6x8
                0x0000000020000008        0x8 CMakeFiles/STM_lcd.elf.dir/Src/ssd1306_fonts.c.obj
                0x0000000020000008                Font_6x8
 .data.Font_7x10
                0x0000000020000010        0x8 CMakeFiles/STM_lcd.elf.dir/Src/ssd1306_fonts.c.obj
                0x0000000020000010                Font_7x10
 .data.Font_11x18
                0x0000000020000018        0x8 CMakeFiles/STM_lcd.elf.dir/Src/ssd1306_fonts.c.obj
                0x0000000020000018                Font_11x18
 .data.SystemCoreClock
                0x0000000020000020        0x4 CMakeFiles/STM_lcd.elf.dir/Src/system_stm32f1xx.c.obj
                0x0000000020000020                SystemCoreClock
 *fill*         0x0000000020000024        0x4 
 .data.impure_data
                0x0000000020000028      0x428 /usr/local/Cellar/arm-none-eabi-gcc/9-2019-q4-major/gcc/bin/../lib/gcc/arm-none-eabi/9.2.1/../../../../arm-none-eabi/lib/thumb/v7-m/nofp/libg.a(lib_a-impure.o)
 .data.__atexit_recursive_mutex
                0x0000000020000450        0x4 /usr/local/Cellar/arm-none-eabi-gcc/9-2019-q4-major/gcc/bin/../lib/gcc/arm-none-eabi/9.2.1/../../../../arm-none-eabi/lib/thumb/v7-m/nofp/libg.a(lib_a-__call_atexit.o)
                0x0000000020000450                __atexit_recursive_mutex
                0x0000000020000454                . = ALIGN (0x4)
                0x0000000020000454                _edata = .

.igot.plt       0x0000000020000454        0x0 load address 0x0000000008004a24
 .igot.plt      0x0000000020000454        0x0 /usr/local/Cellar/arm-none-eabi-gcc/9-2019-q4-major/gcc/bin/../lib/gcc/arm-none-eabi/9.2.1/thumb/v7-m/nofp/crtbegin.o
                0x0000000020000454                . = ALIGN (0x4)

.bss            0x0000000020000454      0x6cc load address 0x0000000008004a24
                0x0000000020000454                _sbss = .
                0x0000000020000454                __bss_start__ = _sbss
 *(.bss)
 .bss           0x0000000020000454       0x1c /usr/local/Cellar/arm-none-eabi-gcc/9-2019-q4-major/gcc/bin/../lib/gcc/arm-none-eabi/9.2.1/thumb/v7-m/nofp/crtbegin.o
 *(.bss*)
 .bss.uwTick    0x0000000020000470        0x4 CMakeFiles/STM_lcd.elf.dir/Drivers/STM32F1xx_HAL_Driver/Src/stm32f1xx_hal.c.obj
                0x0000000020000470                uwTick
 .bss.hspi1     0x0000000020000474       0x58 CMakeFiles/STM_lcd.elf.dir/Src/main.c.obj
                0x0000000020000474                hspi1
 .bss.htim1     0x00000000200004cc       0x40 CMakeFiles/STM_lcd.elf.dir/Src/main.c.obj
                0x00000000200004cc                htim1
 .bss.current_recipe
                0x000000002000050c        0x4 CMakeFiles/STM_lcd.elf.dir/Src/main.c.obj
                0x000000002000050c                current_recipe
 .bss.selection_level
                0x0000000020000510        0x4 CMakeFiles/STM_lcd.elf.dir/Src/main.c.obj
                0x0000000020000510                selection_level
 .bss.recipes_array
                0x0000000020000514      0x1e0 CMakeFiles/STM_lcd.elf.dir/Src/main.c.obj
                0x0000000020000514                recipes_array
 .bss.SSD1306_Buffer
                0x00000000200006f4      0x400 CMakeFiles/STM_lcd.elf.dir/Src/ssd1306.c.obj
 .bss.SSD1306   0x0000000020000af4        0x6 CMakeFiles/STM_lcd.elf.dir/Src/ssd1306.c.obj
 *(COMMON)
 *fill*         0x0000000020000afa        0x2 
 COMMON         0x0000000020000afc       0x21 /usr/local/Cellar/arm-none-eabi-gcc/9-2019-q4-major/gcc/bin/../lib/gcc/arm-none-eabi/9.2.1/../../../../arm-none-eabi/lib/thumb/v7-m/nofp/libg.a(lib_a-lock.o)
                0x0000000020000afc                __lock___atexit_recursive_mutex
                0x0000000020000b00                __lock___arc4random_mutex
                0x0000000020000b04                __lock___env_recursive_mutex
                0x0000000020000b08                __lock___sinit_recursive_mutex
                0x0000000020000b0c                __lock___malloc_recursive_mutex
                0x0000000020000b10                __lock___at_quick_exit_mutex
                0x0000000020000b14                __lock___dd_hash_mutex
                0x0000000020000b18                __lock___tz_mutex
                0x0000000020000b1c                __lock___sfp_recursive_mutex
                0x0000000020000b20                . = ALIGN (0x4)
 *fill*         0x0000000020000b1d        0x3 
                0x0000000020000b20                _ebss = .
                0x0000000020000b20                __bss_end__ = _ebss

._user_heap_stack
                0x0000000020000b20      0x600 load address 0x0000000008004a24
                0x0000000020000b20                . = ALIGN (0x8)
                0x0000000020000b20                PROVIDE (end = .)
                [!provide]                        PROVIDE (_end = .)
                0x0000000020000d20                . = (. + _Min_Heap_Size)
 *fill*         0x0000000020000b20      0x200 
                0x0000000020001120                . = (. + _Min_Stack_Size)
 *fill*         0x0000000020000d20      0x400 
                0x0000000020001120                . = ALIGN (0x8)

/DISCARD/
 libc.a(*)
 libm.a(*)
 libgcc.a(*)

.ARM.attributes
                0x0000000000000000       0x29
 *(.ARM.attributes)
 .ARM.attributes
                0x0000000000000000       0x1d /usr/local/Cellar/arm-none-eabi-gcc/9-2019-q4-major/gcc/bin/../lib/gcc/arm-none-eabi/9.2.1/thumb/v7-m/nofp/crti.o
 .ARM.attributes
                0x000000000000001d       0x2d /usr/local/Cellar/arm-none-eabi-gcc/9-2019-q4-major/gcc/bin/../lib/gcc/arm-none-eabi/9.2.1/thumb/v7-m/nofp/crtbegin.o
 .ARM.attributes
                0x000000000000004a       0x2d CMakeFiles/STM_lcd.elf.dir/Drivers/STM32F1xx_HAL_Driver/Src/stm32f1xx_hal.c.obj
 .ARM.attributes
                0x0000000000000077       0x2d CMakeFiles/STM_lcd.elf.dir/Drivers/STM32F1xx_HAL_Driver/Src/stm32f1xx_hal_cortex.c.obj
 .ARM.attributes
                0x00000000000000a4       0x2d CMakeFiles/STM_lcd.elf.dir/Drivers/STM32F1xx_HAL_Driver/Src/stm32f1xx_hal_gpio.c.obj
 .ARM.attributes
                0x00000000000000d1       0x2d CMakeFiles/STM_lcd.elf.dir/Drivers/STM32F1xx_HAL_Driver/Src/stm32f1xx_hal_rcc.c.obj
 .ARM.attributes
                0x00000000000000fe       0x2d CMakeFiles/STM_lcd.elf.dir/Drivers/STM32F1xx_HAL_Driver/Src/stm32f1xx_hal_spi.c.obj
 .ARM.attributes
                0x000000000000012b       0x2d CMakeFiles/STM_lcd.elf.dir/Drivers/STM32F1xx_HAL_Driver/Src/stm32f1xx_hal_tim.c.obj
 .ARM.attributes
                0x0000000000000158       0x2d CMakeFiles/STM_lcd.elf.dir/Drivers/STM32F1xx_HAL_Driver/Src/stm32f1xx_hal_tim_ex.c.obj
 .ARM.attributes
                0x0000000000000185       0x2d CMakeFiles/STM_lcd.elf.dir/Src/main.c.obj
 .ARM.attributes
                0x00000000000001b2       0x2d CMakeFiles/STM_lcd.elf.dir/Src/oledmenu.c.obj
 .ARM.attributes
                0x00000000000001df       0x2d CMakeFiles/STM_lcd.elf.dir/Src/ssd1306.c.obj
 .ARM.attributes
                0x000000000000020c       0x33 CMakeFiles/STM_lcd.elf.dir/Src/ssd1306_fonts.c.obj
 .ARM.attributes
                0x000000000000023f       0x2d CMakeFiles/STM_lcd.elf.dir/Src/stm32f1xx_hal_msp.c.obj
 .ARM.attributes
                0x000000000000026c       0x2d CMakeFiles/STM_lcd.elf.dir/Src/stm32f1xx_it.c.obj
 .ARM.attributes
                0x0000000000000299       0x2d CMakeFiles/STM_lcd.elf.dir/Src/system_stm32f1xx.c.obj
 .ARM.attributes
                0x00000000000002c6       0x21 CMakeFiles/STM_lcd.elf.dir/Startup/startup_stm32f103c8tx.s.obj
 .ARM.attributes
                0x00000000000002e7       0x2d /usr/local/Cellar/arm-none-eabi-gcc/9-2019-q4-major/gcc/bin/../lib/gcc/arm-none-eabi/9.2.1/../../../../arm-none-eabi/lib/thumb/v7-m/nofp/libg.a(lib_a-impure.o)
 .ARM.attributes
                0x0000000000000314       0x2d /usr/local/Cellar/arm-none-eabi-gcc/9-2019-q4-major/gcc/bin/../lib/gcc/arm-none-eabi/9.2.1/../../../../arm-none-eabi/lib/thumb/v7-m/nofp/libg.a(lib_a-init.o)
 .ARM.attributes
                0x0000000000000341       0x2d /usr/local/Cellar/arm-none-eabi-gcc/9-2019-q4-major/gcc/bin/../lib/gcc/arm-none-eabi/9.2.1/../../../../arm-none-eabi/lib/thumb/v7-m/nofp/libg.a(lib_a-memset.o)
 .ARM.attributes
                0x000000000000036e       0x2d /usr/local/Cellar/arm-none-eabi-gcc/9-2019-q4-major/gcc/bin/../lib/gcc/arm-none-eabi/9.2.1/../../../../arm-none-eabi/lib/thumb/v7-m/nofp/libg.a(lib_a-__call_atexit.o)
 .ARM.attributes
                0x000000000000039b       0x2d /usr/local/Cellar/arm-none-eabi-gcc/9-2019-q4-major/gcc/bin/../lib/gcc/arm-none-eabi/9.2.1/../../../../arm-none-eabi/lib/thumb/v7-m/nofp/libg.a(lib_a-atexit.o)
 .ARM.attributes
                0x00000000000003c8       0x2d /usr/local/Cellar/arm-none-eabi-gcc/9-2019-q4-major/gcc/bin/../lib/gcc/arm-none-eabi/9.2.1/../../../../arm-none-eabi/lib/thumb/v7-m/nofp/libg.a(lib_a-fini.o)
 .ARM.attributes
                0x00000000000003f5       0x2d /usr/local/Cellar/arm-none-eabi-gcc/9-2019-q4-major/gcc/bin/../lib/gcc/arm-none-eabi/9.2.1/../../../../arm-none-eabi/lib/thumb/v7-m/nofp/libg.a(lib_a-lock.o)
 .ARM.attributes
                0x0000000000000422       0x2d /usr/local/Cellar/arm-none-eabi-gcc/9-2019-q4-major/gcc/bin/../lib/gcc/arm-none-eabi/9.2.1/../../../../arm-none-eabi/lib/thumb/v7-m/nofp/libg.a(lib_a-__atexit.o)
 .ARM.attributes
                0x000000000000044f       0x1d /usr/local/Cellar/arm-none-eabi-gcc/9-2019-q4-major/gcc/bin/../lib/gcc/arm-none-eabi/9.2.1/thumb/v7-m/nofp/crtn.o
OUTPUT(STM_lcd.elf elf32-littlearm)

.debug_info     0x0000000000000000     0xbc30
 .debug_info    0x0000000000000000      0x747 CMakeFiles/STM_lcd.elf.dir/Drivers/STM32F1xx_HAL_Driver/Src/stm32f1xx_hal.c.obj
 .debug_info    0x0000000000000747      0xbc5 CMakeFiles/STM_lcd.elf.dir/Drivers/STM32F1xx_HAL_Driver/Src/stm32f1xx_hal_cortex.c.obj
 .debug_info    0x000000000000130c      0x6da CMakeFiles/STM_lcd.elf.dir/Drivers/STM32F1xx_HAL_Driver/Src/stm32f1xx_hal_gpio.c.obj
 .debug_info    0x00000000000019e6      0x877 CMakeFiles/STM_lcd.elf.dir/Drivers/STM32F1xx_HAL_Driver/Src/stm32f1xx_hal_rcc.c.obj
 .debug_info    0x000000000000225d     0x1668 CMakeFiles/STM_lcd.elf.dir/Drivers/STM32F1xx_HAL_Driver/Src/stm32f1xx_hal_spi.c.obj
 .debug_info    0x00000000000038c5     0x2669 CMakeFiles/STM_lcd.elf.dir/Drivers/STM32F1xx_HAL_Driver/Src/stm32f1xx_hal_tim.c.obj
 .debug_info    0x0000000000005f2e     0x11fb CMakeFiles/STM_lcd.elf.dir/Drivers/STM32F1xx_HAL_Driver/Src/stm32f1xx_hal_tim_ex.c.obj
 .debug_info    0x0000000000007129     0x1033 CMakeFiles/STM_lcd.elf.dir/Src/main.c.obj
 .debug_info    0x000000000000815c      0x7d8 CMakeFiles/STM_lcd.elf.dir/Src/oledmenu.c.obj
 .debug_info    0x0000000000008934     0x16c5 CMakeFiles/STM_lcd.elf.dir/Src/ssd1306.c.obj
 .debug_info    0x0000000000009ff9      0x215 CMakeFiles/STM_lcd.elf.dir/Src/ssd1306_fonts.c.obj
 .debug_info    0x000000000000a20e      0xdcf CMakeFiles/STM_lcd.elf.dir/Src/stm32f1xx_hal_msp.c.obj
 .debug_info    0x000000000000afdd      0x7cf CMakeFiles/STM_lcd.elf.dir/Src/stm32f1xx_it.c.obj
 .debug_info    0x000000000000b7ac      0x462 CMakeFiles/STM_lcd.elf.dir/Src/system_stm32f1xx.c.obj
 .debug_info    0x000000000000bc0e       0x22 CMakeFiles/STM_lcd.elf.dir/Startup/startup_stm32f103c8tx.s.obj

.debug_abbrev   0x0000000000000000     0x1d7c
 .debug_abbrev  0x0000000000000000      0x1fd CMakeFiles/STM_lcd.elf.dir/Drivers/STM32F1xx_HAL_Driver/Src/stm32f1xx_hal.c.obj
 .debug_abbrev  0x00000000000001fd      0x310 CMakeFiles/STM_lcd.elf.dir/Drivers/STM32F1xx_HAL_Driver/Src/stm32f1xx_hal_cortex.c.obj
 .debug_abbrev  0x000000000000050d      0x1e5 CMakeFiles/STM_lcd.elf.dir/Drivers/STM32F1xx_HAL_Driver/Src/stm32f1xx_hal_gpio.c.obj
 .debug_abbrev  0x00000000000006f2      0x270 CMakeFiles/STM_lcd.elf.dir/Drivers/STM32F1xx_HAL_Driver/Src/stm32f1xx_hal_rcc.c.obj
 .debug_abbrev  0x0000000000000962      0x26b CMakeFiles/STM_lcd.elf.dir/Drivers/STM32F1xx_HAL_Driver/Src/stm32f1xx_hal_spi.c.obj
 .debug_abbrev  0x0000000000000bcd      0x25b CMakeFiles/STM_lcd.elf.dir/Drivers/STM32F1xx_HAL_Driver/Src/stm32f1xx_hal_tim.c.obj
 .debug_abbrev  0x0000000000000e28      0x249 CMakeFiles/STM_lcd.elf.dir/Drivers/STM32F1xx_HAL_Driver/Src/stm32f1xx_hal_tim_ex.c.obj
 .debug_abbrev  0x0000000000001071      0x27f CMakeFiles/STM_lcd.elf.dir/Src/main.c.obj
 .debug_abbrev  0x00000000000012f0      0x198 CMakeFiles/STM_lcd.elf.dir/Src/oledmenu.c.obj
 .debug_abbrev  0x0000000000001488      0x381 CMakeFiles/STM_lcd.elf.dir/Src/ssd1306.c.obj
 .debug_abbrev  0x0000000000001809       0xc4 CMakeFiles/STM_lcd.elf.dir/Src/ssd1306_fonts.c.obj
 .debug_abbrev  0x00000000000018cd      0x1c5 CMakeFiles/STM_lcd.elf.dir/Src/stm32f1xx_hal_msp.c.obj
 .debug_abbrev  0x0000000000001a92      0x18d CMakeFiles/STM_lcd.elf.dir/Src/stm32f1xx_it.c.obj
 .debug_abbrev  0x0000000000001c1f      0x14b CMakeFiles/STM_lcd.elf.dir/Src/system_stm32f1xx.c.obj
 .debug_abbrev  0x0000000000001d6a       0x12 CMakeFiles/STM_lcd.elf.dir/Startup/startup_stm32f103c8tx.s.obj

.debug_aranges  0x0000000000000000      0xbf0
 .debug_aranges
                0x0000000000000000       0xe0 CMakeFiles/STM_lcd.elf.dir/Drivers/STM32F1xx_HAL_Driver/Src/stm32f1xx_hal.c.obj
 .debug_aranges
                0x00000000000000e0      0x100 CMakeFiles/STM_lcd.elf.dir/Drivers/STM32F1xx_HAL_Driver/Src/stm32f1xx_hal_cortex.c.obj
 .debug_aranges
                0x00000000000001e0       0x58 CMakeFiles/STM_lcd.elf.dir/Drivers/STM32F1xx_HAL_Driver/Src/stm32f1xx_hal_gpio.c.obj
 .debug_aranges
                0x0000000000000238       0x90 CMakeFiles/STM_lcd.elf.dir/Drivers/STM32F1xx_HAL_Driver/Src/stm32f1xx_hal_rcc.c.obj
 .debug_aranges
                0x00000000000002c8      0x1d0 CMakeFiles/STM_lcd.elf.dir/Drivers/STM32F1xx_HAL_Driver/Src/stm32f1xx_hal_spi.c.obj
 .debug_aranges
                0x0000000000000498      0x3a8 CMakeFiles/STM_lcd.elf.dir/Drivers/STM32F1xx_HAL_Driver/Src/stm32f1xx_hal_tim.c.obj
 .debug_aranges
                0x0000000000000840      0x150 CMakeFiles/STM_lcd.elf.dir/Drivers/STM32F1xx_HAL_Driver/Src/stm32f1xx_hal_tim_ex.c.obj
 .debug_aranges
                0x0000000000000990       0x58 CMakeFiles/STM_lcd.elf.dir/Src/main.c.obj
 .debug_aranges
                0x00000000000009e8       0x38 CMakeFiles/STM_lcd.elf.dir/Src/oledmenu.c.obj
 .debug_aranges
                0x0000000000000a20       0xa0 CMakeFiles/STM_lcd.elf.dir/Src/ssd1306.c.obj
 .debug_aranges
                0x0000000000000ac0       0x18 CMakeFiles/STM_lcd.elf.dir/Src/ssd1306_fonts.c.obj
 .debug_aranges
                0x0000000000000ad8       0x40 CMakeFiles/STM_lcd.elf.dir/Src/stm32f1xx_hal_msp.c.obj
 .debug_aranges
                0x0000000000000b18       0x88 CMakeFiles/STM_lcd.elf.dir/Src/stm32f1xx_it.c.obj
 .debug_aranges
                0x0000000000000ba0       0x28 CMakeFiles/STM_lcd.elf.dir/Src/system_stm32f1xx.c.obj
 .debug_aranges
                0x0000000000000bc8       0x28 CMakeFiles/STM_lcd.elf.dir/Startup/startup_stm32f103c8tx.s.obj

.debug_ranges   0x0000000000000000      0xb00
 .debug_ranges  0x0000000000000000       0xd0 CMakeFiles/STM_lcd.elf.dir/Drivers/STM32F1xx_HAL_Driver/Src/stm32f1xx_hal.c.obj
 .debug_ranges  0x00000000000000d0       0xf0 CMakeFiles/STM_lcd.elf.dir/Drivers/STM32F1xx_HAL_Driver/Src/stm32f1xx_hal_cortex.c.obj
 .debug_ranges  0x00000000000001c0       0x48 CMakeFiles/STM_lcd.elf.dir/Drivers/STM32F1xx_HAL_Driver/Src/stm32f1xx_hal_gpio.c.obj
 .debug_ranges  0x0000000000000208       0x80 CMakeFiles/STM_lcd.elf.dir/Drivers/STM32F1xx_HAL_Driver/Src/stm32f1xx_hal_rcc.c.obj
 .debug_ranges  0x0000000000000288      0x1c0 CMakeFiles/STM_lcd.elf.dir/Drivers/STM32F1xx_HAL_Driver/Src/stm32f1xx_hal_spi.c.obj
 .debug_ranges  0x0000000000000448      0x398 CMakeFiles/STM_lcd.elf.dir/Drivers/STM32F1xx_HAL_Driver/Src/stm32f1xx_hal_tim.c.obj
 .debug_ranges  0x00000000000007e0      0x140 CMakeFiles/STM_lcd.elf.dir/Drivers/STM32F1xx_HAL_Driver/Src/stm32f1xx_hal_tim_ex.c.obj
 .debug_ranges  0x0000000000000920       0x48 CMakeFiles/STM_lcd.elf.dir/Src/main.c.obj
 .debug_ranges  0x0000000000000968       0x28 CMakeFiles/STM_lcd.elf.dir/Src/oledmenu.c.obj
 .debug_ranges  0x0000000000000990       0x90 CMakeFiles/STM_lcd.elf.dir/Src/ssd1306.c.obj
 .debug_ranges  0x0000000000000a20       0x30 CMakeFiles/STM_lcd.elf.dir/Src/stm32f1xx_hal_msp.c.obj
 .debug_ranges  0x0000000000000a50       0x78 CMakeFiles/STM_lcd.elf.dir/Src/stm32f1xx_it.c.obj
 .debug_ranges  0x0000000000000ac8       0x18 CMakeFiles/STM_lcd.elf.dir/Src/system_stm32f1xx.c.obj
 .debug_ranges  0x0000000000000ae0       0x20 CMakeFiles/STM_lcd.elf.dir/Startup/startup_stm32f103c8tx.s.obj

.debug_line     0x0000000000000000     0x8651
 .debug_line    0x0000000000000000      0x56a CMakeFiles/STM_lcd.elf.dir/Drivers/STM32F1xx_HAL_Driver/Src/stm32f1xx_hal.c.obj
 .debug_line    0x000000000000056a      0x750 CMakeFiles/STM_lcd.elf.dir/Drivers/STM32F1xx_HAL_Driver/Src/stm32f1xx_hal_cortex.c.obj
 .debug_line    0x0000000000000cba      0x622 CMakeFiles/STM_lcd.elf.dir/Drivers/STM32F1xx_HAL_Driver/Src/stm32f1xx_hal_gpio.c.obj
 .debug_line    0x00000000000012dc      0x9d6 CMakeFiles/STM_lcd.elf.dir/Drivers/STM32F1xx_HAL_Driver/Src/stm32f1xx_hal_rcc.c.obj
 .debug_line    0x0000000000001cb2     0x17d0 CMakeFiles/STM_lcd.elf.dir/Drivers/STM32F1xx_HAL_Driver/Src/stm32f1xx_hal_spi.c.obj
 .debug_line    0x0000000000003482     0x23f7 CMakeFiles/STM_lcd.elf.dir/Drivers/STM32F1xx_HAL_Driver/Src/stm32f1xx_hal_tim.c.obj
 .debug_line    0x0000000000005879      0xdc0 CMakeFiles/STM_lcd.elf.dir/Drivers/STM32F1xx_HAL_Driver/Src/stm32f1xx_hal_tim_ex.c.obj
 .debug_line    0x0000000000006639      0x5b7 CMakeFiles/STM_lcd.elf.dir/Src/main.c.obj
 .debug_line    0x0000000000006bf0      0x3a7 CMakeFiles/STM_lcd.elf.dir/Src/oledmenu.c.obj
 .debug_line    0x0000000000006f97      0x8ed CMakeFiles/STM_lcd.elf.dir/Src/ssd1306.c.obj
 .debug_line    0x0000000000007884      0x182 CMakeFiles/STM_lcd.elf.dir/Src/ssd1306_fonts.c.obj
 .debug_line    0x0000000000007a06      0x3ef CMakeFiles/STM_lcd.elf.dir/Src/stm32f1xx_hal_msp.c.obj
 .debug_line    0x0000000000007df5      0x456 CMakeFiles/STM_lcd.elf.dir/Src/stm32f1xx_it.c.obj
 .debug_line    0x000000000000824b      0x353 CMakeFiles/STM_lcd.elf.dir/Src/system_stm32f1xx.c.obj
 .debug_line    0x000000000000859e       0xb3 CMakeFiles/STM_lcd.elf.dir/Startup/startup_stm32f103c8tx.s.obj

.debug_str      0x0000000000000000     0x3c35
 .debug_str     0x0000000000000000      0x82e CMakeFiles/STM_lcd.elf.dir/Drivers/STM32F1xx_HAL_Driver/Src/stm32f1xx_hal.c.obj
                                        0x897 (size before relaxing)
 .debug_str     0x000000000000082e      0x43e CMakeFiles/STM_lcd.elf.dir/Drivers/STM32F1xx_HAL_Driver/Src/stm32f1xx_hal_cortex.c.obj
                                        0x9fe (size before relaxing)
 .debug_str     0x0000000000000c6c      0x203 CMakeFiles/STM_lcd.elf.dir/Drivers/STM32F1xx_HAL_Driver/Src/stm32f1xx_hal_gpio.c.obj
                                        0x54f (size before relaxing)
 .debug_str     0x0000000000000e6f      0x35e CMakeFiles/STM_lcd.elf.dir/Drivers/STM32F1xx_HAL_Driver/Src/stm32f1xx_hal_rcc.c.obj
                                        0x70a (size before relaxing)
 .debug_str     0x00000000000011cd      0x8da CMakeFiles/STM_lcd.elf.dir/Drivers/STM32F1xx_HAL_Driver/Src/stm32f1xx_hal_spi.c.obj
                                        0xc37 (size before relaxing)
 .debug_str     0x0000000000001aa7      0xff3 CMakeFiles/STM_lcd.elf.dir/Drivers/STM32F1xx_HAL_Driver/Src/stm32f1xx_hal_tim.c.obj
                                       0x152d (size before relaxing)
 .debug_str     0x0000000000002a9a      0x5ad CMakeFiles/STM_lcd.elf.dir/Drivers/STM32F1xx_HAL_Driver/Src/stm32f1xx_hal_tim_ex.c.obj
                                        0xd2d (size before relaxing)
 .debug_str     0x0000000000003047      0x150 CMakeFiles/STM_lcd.elf.dir/Src/main.c.obj
                                        0xf1c (size before relaxing)
 .debug_str     0x0000000000003197       0xd8 CMakeFiles/STM_lcd.elf.dir/Src/oledmenu.c.obj
                                        0x7ba (size before relaxing)
 .debug_str     0x000000000000326f      0x6c5 CMakeFiles/STM_lcd.elf.dir/Src/ssd1306.c.obj
                                        0xdff (size before relaxing)
 .debug_str     0x0000000000003934       0x81 CMakeFiles/STM_lcd.elf.dir/Src/ssd1306_fonts.c.obj
                                        0x2a1 (size before relaxing)
 .debug_str     0x00000000000039b5       0x59 CMakeFiles/STM_lcd.elf.dir/Src/stm32f1xx_hal_msp.c.obj
                                        0xcc5 (size before relaxing)
 .debug_str     0x0000000000003a0e      0x141 CMakeFiles/STM_lcd.elf.dir/Src/stm32f1xx_it.c.obj
                                        0x7f2 (size before relaxing)
 .debug_str     0x0000000000003b4f       0x81 CMakeFiles/STM_lcd.elf.dir/Src/system_stm32f1xx.c.obj
                                        0x3be (size before relaxing)
 .debug_str     0x0000000000003bd0       0x65 CMakeFiles/STM_lcd.elf.dir/Startup/startup_stm32f103c8tx.s.obj
                                         0xae (size before relaxing)

.comment        0x0000000000000000       0x79
 .comment       0x0000000000000000       0x79 CMakeFiles/STM_lcd.elf.dir/Drivers/STM32F1xx_HAL_Driver/Src/stm32f1xx_hal.c.obj
                                         0x7a (size before relaxing)
 .comment       0x0000000000000079       0x7a CMakeFiles/STM_lcd.elf.dir/Drivers/STM32F1xx_HAL_Driver/Src/stm32f1xx_hal_cortex.c.obj
 .comment       0x0000000000000079       0x7a CMakeFiles/STM_lcd.elf.dir/Drivers/STM32F1xx_HAL_Driver/Src/stm32f1xx_hal_gpio.c.obj
 .comment       0x0000000000000079       0x7a CMakeFiles/STM_lcd.elf.dir/Drivers/STM32F1xx_HAL_Driver/Src/stm32f1xx_hal_rcc.c.obj
 .comment       0x0000000000000079       0x7a CMakeFiles/STM_lcd.elf.dir/Drivers/STM32F1xx_HAL_Driver/Src/stm32f1xx_hal_spi.c.obj
 .comment       0x0000000000000079       0x7a CMakeFiles/STM_lcd.elf.dir/Drivers/STM32F1xx_HAL_Driver/Src/stm32f1xx_hal_tim.c.obj
 .comment       0x0000000000000079       0x7a CMakeFiles/STM_lcd.elf.dir/Drivers/STM32F1xx_HAL_Driver/Src/stm32f1xx_hal_tim_ex.c.obj
 .comment       0x0000000000000079       0x7a CMakeFiles/STM_lcd.elf.dir/Src/main.c.obj
 .comment       0x0000000000000079       0x7a CMakeFiles/STM_lcd.elf.dir/Src/oledmenu.c.obj
 .comment       0x0000000000000079       0x7a CMakeFiles/STM_lcd.elf.dir/Src/ssd1306.c.obj
 .comment       0x0000000000000079       0x7a CMakeFiles/STM_lcd.elf.dir/Src/ssd1306_fonts.c.obj
 .comment       0x0000000000000079       0x7a CMakeFiles/STM_lcd.elf.dir/Src/stm32f1xx_hal_msp.c.obj
 .comment       0x0000000000000079       0x7a CMakeFiles/STM_lcd.elf.dir/Src/stm32f1xx_it.c.obj
 .comment       0x0000000000000079       0x7a CMakeFiles/STM_lcd.elf.dir/Src/system_stm32f1xx.c.obj

.debug_frame    0x0000000000000000     0x3288
 .debug_frame   0x0000000000000000      0x334 CMakeFiles/STM_lcd.elf.dir/Drivers/STM32F1xx_HAL_Driver/Src/stm32f1xx_hal.c.obj
 .debug_frame   0x0000000000000334      0x428 CMakeFiles/STM_lcd.elf.dir/Drivers/STM32F1xx_HAL_Driver/Src/stm32f1xx_hal_cortex.c.obj
 .debug_frame   0x000000000000075c      0x14c CMakeFiles/STM_lcd.elf.dir/Drivers/STM32F1xx_HAL_Driver/Src/stm32f1xx_hal_gpio.c.obj
 .debug_frame   0x00000000000008a8      0x21c CMakeFiles/STM_lcd.elf.dir/Drivers/STM32F1xx_HAL_Driver/Src/stm32f1xx_hal_rcc.c.obj
 .debug_frame   0x0000000000000ac4      0x824 CMakeFiles/STM_lcd.elf.dir/Drivers/STM32F1xx_HAL_Driver/Src/stm32f1xx_hal_spi.c.obj
 .debug_frame   0x00000000000012e8     0x10e8 CMakeFiles/STM_lcd.elf.dir/Drivers/STM32F1xx_HAL_Driver/Src/stm32f1xx_hal_tim.c.obj
 .debug_frame   0x00000000000023d0      0x5c0 CMakeFiles/STM_lcd.elf.dir/Drivers/STM32F1xx_HAL_Driver/Src/stm32f1xx_hal_tim_ex.c.obj
 .debug_frame   0x0000000000002990      0x11c CMakeFiles/STM_lcd.elf.dir/Src/main.c.obj
 .debug_frame   0x0000000000002aac       0x9c CMakeFiles/STM_lcd.elf.dir/Src/oledmenu.c.obj
 .debug_frame   0x0000000000002b48      0x290 CMakeFiles/STM_lcd.elf.dir/Src/ssd1306.c.obj
 .debug_frame   0x0000000000002dd8       0xc8 CMakeFiles/STM_lcd.elf.dir/Src/stm32f1xx_hal_msp.c.obj
 .debug_frame   0x0000000000002ea0      0x198 CMakeFiles/STM_lcd.elf.dir/Src/stm32f1xx_it.c.obj
 .debug_frame   0x0000000000003038       0x58 CMakeFiles/STM_lcd.elf.dir/Src/system_stm32f1xx.c.obj
 .debug_frame   0x0000000000003090       0x2c /usr/local/Cellar/arm-none-eabi-gcc/9-2019-q4-major/gcc/bin/../lib/gcc/arm-none-eabi/9.2.1/../../../../arm-none-eabi/lib/thumb/v7-m/nofp/libg.a(lib_a-init.o)
 .debug_frame   0x00000000000030bc       0x38 /usr/local/Cellar/arm-none-eabi-gcc/9-2019-q4-major/gcc/bin/../lib/gcc/arm-none-eabi/9.2.1/../../../../arm-none-eabi/lib/thumb/v7-m/nofp/libg.a(lib_a-memset.o)
 .debug_frame   0x00000000000030f4       0x5c /usr/local/Cellar/arm-none-eabi-gcc/9-2019-q4-major/gcc/bin/../lib/gcc/arm-none-eabi/9.2.1/../../../../arm-none-eabi/lib/thumb/v7-m/nofp/libg.a(lib_a-__call_atexit.o)
 .debug_frame   0x0000000000003150       0x20 /usr/local/Cellar/arm-none-eabi-gcc/9-2019-q4-major/gcc/bin/../lib/gcc/arm-none-eabi/9.2.1/../../../../arm-none-eabi/lib/thumb/v7-m/nofp/libg.a(lib_a-atexit.o)
 .debug_frame   0x0000000000003170       0x34 /usr/local/Cellar/arm-none-eabi-gcc/9-2019-q4-major/gcc/bin/../lib/gcc/arm-none-eabi/9.2.1/../../../../arm-none-eabi/lib/thumb/v7-m/nofp/libg.a(lib_a-fini.o)
 .debug_frame   0x00000000000031a4       0xb0 /usr/local/Cellar/arm-none-eabi-gcc/9-2019-q4-major/gcc/bin/../lib/gcc/arm-none-eabi/9.2.1/../../../../arm-none-eabi/lib/thumb/v7-m/nofp/libg.a(lib_a-lock.o)
 .debug_frame   0x0000000000003254       0x34 /usr/local/Cellar/arm-none-eabi-gcc/9-2019-q4-major/gcc/bin/../lib/gcc/arm-none-eabi/9.2.1/../../../../arm-none-eabi/lib/thumb/v7-m/nofp/libg.a(lib_a-__atexit.o)
