Archive member included to satisfy reference by file (symbol)

/usr/local/Cellar/arm-none-eabi-gcc/9-2019-q4-major/gcc/bin/../lib/gcc/arm-none-eabi/9.2.1/thumb/v7-m/nofp/libgcc.a(_arm_muldf3.o)
                              CMakeFiles/STM_lcd.elf.dir/Src/ssd1306.c.obj (__aeabi_dmul)
/usr/local/Cellar/arm-none-eabi-gcc/9-2019-q4-major/gcc/bin/../lib/gcc/arm-none-eabi/9.2.1/thumb/v7-m/nofp/libgcc.a(_arm_mulsf3.o)
                              CMakeFiles/STM_lcd.elf.dir/Src/ssd1306.c.obj (__aeabi_fmul)
/usr/local/Cellar/arm-none-eabi-gcc/9-2019-q4-major/gcc/bin/../lib/gcc/arm-none-eabi/9.2.1/thumb/v7-m/nofp/libgcc.a(_arm_addsubdf3.o)
                              CMakeFiles/STM_lcd.elf.dir/Src/ssd1306_tests.c.obj (__aeabi_ui2d)
/usr/local/Cellar/arm-none-eabi-gcc/9-2019-q4-major/gcc/bin/../lib/gcc/arm-none-eabi/9.2.1/thumb/v7-m/nofp/libgcc.a(_arm_muldivdf3.o)
                              CMakeFiles/STM_lcd.elf.dir/Src/ssd1306.c.obj (__aeabi_ddiv)
/usr/local/Cellar/arm-none-eabi-gcc/9-2019-q4-major/gcc/bin/../lib/gcc/arm-none-eabi/9.2.1/thumb/v7-m/nofp/libgcc.a(_arm_fixdfsi.o)
                              CMakeFiles/STM_lcd.elf.dir/Src/ssd1306.c.obj (__aeabi_d2iz)
/usr/local/Cellar/arm-none-eabi-gcc/9-2019-q4-major/gcc/bin/../lib/gcc/arm-none-eabi/9.2.1/thumb/v7-m/nofp/libgcc.a(_arm_truncdfsf2.o)
                              CMakeFiles/STM_lcd.elf.dir/Src/ssd1306.c.obj (__aeabi_d2f)
/usr/local/Cellar/arm-none-eabi-gcc/9-2019-q4-major/gcc/bin/../lib/gcc/arm-none-eabi/9.2.1/thumb/v7-m/nofp/libgcc.a(_arm_addsubsf3.o)
                              CMakeFiles/STM_lcd.elf.dir/Src/ssd1306.c.obj (__aeabi_ui2f)
/usr/local/Cellar/arm-none-eabi-gcc/9-2019-q4-major/gcc/bin/../lib/gcc/arm-none-eabi/9.2.1/thumb/v7-m/nofp/libgcc.a(_arm_muldivsf3.o)
                              CMakeFiles/STM_lcd.elf.dir/Src/ssd1306.c.obj (__aeabi_fdiv)
/usr/local/Cellar/arm-none-eabi-gcc/9-2019-q4-major/gcc/bin/../lib/gcc/arm-none-eabi/9.2.1/../../../../arm-none-eabi/lib/thumb/v7-m/nofp/libg.a(lib_a-errno.o)
                              CMakeFiles/STM_lcd.elf.dir/Src/syscalls.c.obj (__errno)
/usr/local/Cellar/arm-none-eabi-gcc/9-2019-q4-major/gcc/bin/../lib/gcc/arm-none-eabi/9.2.1/../../../../arm-none-eabi/lib/thumb/v7-m/nofp/libg.a(lib_a-exit.o)
                              /usr/local/Cellar/arm-none-eabi-gcc/9-2019-q4-major/gcc/bin/../lib/gcc/arm-none-eabi/9.2.1/../../../../arm-none-eabi/lib/thumb/v7-m/nofp/crt0.o (exit)
/usr/local/Cellar/arm-none-eabi-gcc/9-2019-q4-major/gcc/bin/../lib/gcc/arm-none-eabi/9.2.1/../../../../arm-none-eabi/lib/thumb/v7-m/nofp/libg.a(lib_a-impure.o)
                              /usr/local/Cellar/arm-none-eabi-gcc/9-2019-q4-major/gcc/bin/../lib/gcc/arm-none-eabi/9.2.1/../../../../arm-none-eabi/lib/thumb/v7-m/nofp/libg.a(lib_a-exit.o) (_global_impure_ptr)
/usr/local/Cellar/arm-none-eabi-gcc/9-2019-q4-major/gcc/bin/../lib/gcc/arm-none-eabi/9.2.1/../../../../arm-none-eabi/lib/thumb/v7-m/nofp/libg.a(lib_a-init.o)
                              /usr/local/Cellar/arm-none-eabi-gcc/9-2019-q4-major/gcc/bin/../lib/gcc/arm-none-eabi/9.2.1/../../../../arm-none-eabi/lib/thumb/v7-m/nofp/crt0.o (__libc_init_array)
/usr/local/Cellar/arm-none-eabi-gcc/9-2019-q4-major/gcc/bin/../lib/gcc/arm-none-eabi/9.2.1/../../../../arm-none-eabi/lib/thumb/v7-m/nofp/libg.a(lib_a-memmove.o)
                              CMakeFiles/STM_lcd.elf.dir/Src/ssd1306_tests.c.obj (memmove)
/usr/local/Cellar/arm-none-eabi-gcc/9-2019-q4-major/gcc/bin/../lib/gcc/arm-none-eabi/9.2.1/../../../../arm-none-eabi/lib/thumb/v7-m/nofp/libg.a(lib_a-memset.o)
                              /usr/local/Cellar/arm-none-eabi-gcc/9-2019-q4-major/gcc/bin/../lib/gcc/arm-none-eabi/9.2.1/../../../../arm-none-eabi/lib/thumb/v7-m/nofp/crt0.o (memset)
/usr/local/Cellar/arm-none-eabi-gcc/9-2019-q4-major/gcc/bin/../lib/gcc/arm-none-eabi/9.2.1/../../../../arm-none-eabi/lib/thumb/v7-m/nofp/libg.a(lib_a-snprintf.o)
                              CMakeFiles/STM_lcd.elf.dir/Src/ssd1306_tests.c.obj (snprintf)
/usr/local/Cellar/arm-none-eabi-gcc/9-2019-q4-major/gcc/bin/../lib/gcc/arm-none-eabi/9.2.1/../../../../arm-none-eabi/lib/thumb/v7-m/nofp/libg.a(lib_a-sprintf.o)
                              CMakeFiles/STM_lcd.elf.dir/Src/oledmenu.c.obj (sprintf)
/usr/local/Cellar/arm-none-eabi-gcc/9-2019-q4-major/gcc/bin/../lib/gcc/arm-none-eabi/9.2.1/../../../../arm-none-eabi/lib/thumb/v7-m/nofp/libg.a(lib_a-svfprintf.o)
                              /usr/local/Cellar/arm-none-eabi-gcc/9-2019-q4-major/gcc/bin/../lib/gcc/arm-none-eabi/9.2.1/../../../../arm-none-eabi/lib/thumb/v7-m/nofp/libg.a(lib_a-snprintf.o) (_svfprintf_r)
/usr/local/Cellar/arm-none-eabi-gcc/9-2019-q4-major/gcc/bin/../lib/gcc/arm-none-eabi/9.2.1/../../../../arm-none-eabi/lib/thumb/v7-m/nofp/libg.a(lib_a-__call_atexit.o)
                              /usr/local/Cellar/arm-none-eabi-gcc/9-2019-q4-major/gcc/bin/../lib/gcc/arm-none-eabi/9.2.1/../../../../arm-none-eabi/lib/thumb/v7-m/nofp/libg.a(lib_a-exit.o) (__call_exitprocs)
[...]
Memory Configuration

Name             Origin             Length             Attributes
RAM              0x0000000020000000 0x0000000000005000 xrw
FLASH            0x0000000008000000 0x0000000000010000 xr
*default*        0x0000000000000000 0xffffffffffffffff

Linker script and memory map

LOAD /usr/local/Cellar/arm-none-eabi-gcc/9-2019-q4-major/gcc/bin/../lib/gcc/arm-none-eabi/9.2.1/thumb/v7-m/nofp/crti.o
LOAD /usr/local/Cellar/arm-none-eabi-gcc/9-2019-q4-major/gcc/bin/../lib/gcc/arm-none-eabi/9.2.1/thumb/v7-m/nofp/crtbegin.o
LOAD /usr/local/Cellar/arm-none-eabi-gcc/9-2019-q4-major/gcc/bin/../lib/gcc/arm-none-eabi/9.2.1/../../../../arm-none-eabi/lib/thumb/v7-m/nofp/crt0.o
LOAD CMakeFiles/STM_lcd.elf.dir/Drivers/STM32F1xx_HAL_Driver/Src/stm32f1xx_hal.c.obj
LOAD CMakeFiles/STM_lcd.elf.dir/Drivers/STM32F1xx_HAL_Driver/Src/stm32f1xx_hal_cortex.c.obj
LOAD CMakeFiles/STM_lcd.elf.dir/Drivers/STM32F1xx_HAL_Driver/Src/stm32f1xx_hal_dma.c.obj
LOAD CMakeFiles/STM_lcd.elf.dir/Drivers/STM32F1xx_HAL_Driver/Src/stm32f1xx_hal_exti.c.obj
LOAD CMakeFiles/STM_lcd.elf.dir/Drivers/STM32F1xx_HAL_Driver/Src/stm32f1xx_hal_flash.c.obj
LOAD CMakeFiles/STM_lcd.elf.dir/Drivers/STM32F1xx_HAL_Driver/Src/stm32f1xx_hal_flash_ex.c.obj
LOAD CMakeFiles/STM_lcd.elf.dir/Drivers/STM32F1xx_HAL_Driver/Src/stm32f1xx_hal_gpio.c.obj
LOAD CMakeFiles/STM_lcd.elf.dir/Drivers/STM32F1xx_HAL_Driver/Src/stm32f1xx_hal_gpio_ex.c.obj
LOAD CMakeFiles/STM_lcd.elf.dir/Drivers/STM32F1xx_HAL_Driver/Src/stm32f1xx_hal_pwr.c.obj
LOAD CMakeFiles/STM_lcd.elf.dir/Drivers/STM32F1xx_HAL_Driver/Src/stm32f1xx_hal_rcc.c.obj
LOAD CMakeFiles/STM_lcd.elf.dir/Drivers/STM32F1xx_HAL_Driver/Src/stm32f1xx_hal_rcc_ex.c.obj
LOAD CMakeFiles/STM_lcd.elf.dir/Drivers/STM32F1xx_HAL_Driver/Src/stm32f1xx_hal_spi.c.obj
LOAD CMakeFiles/STM_lcd.elf.dir/Drivers/STM32F1xx_HAL_Driver/Src/stm32f1xx_hal_tim.c.obj
LOAD CMakeFiles/STM_lcd.elf.dir/Drivers/STM32F1xx_HAL_Driver/Src/stm32f1xx_hal_tim_ex.c.obj
LOAD CMakeFiles/STM_lcd.elf.dir/Src/main.c.obj
LOAD CMakeFiles/STM_lcd.elf.dir/Src/oledmenu.c.obj
LOAD CMakeFiles/STM_lcd.elf.dir/Src/ssd1306.c.obj
LOAD CMakeFiles/STM_lcd.elf.dir/Src/ssd1306_fonts.c.obj
LOAD CMakeFiles/STM_lcd.elf.dir/Src/ssd1306_tests.c.obj
LOAD CMakeFiles/STM_lcd.elf.dir/Src/stm32f1xx_hal_msp.c.obj
LOAD CMakeFiles/STM_lcd.elf.dir/Src/stm32f1xx_it.c.obj
LOAD CMakeFiles/STM_lcd.elf.dir/Src/syscalls.c.obj
LOAD CMakeFiles/STM_lcd.elf.dir/Src/sysmem.c.obj
LOAD CMakeFiles/STM_lcd.elf.dir/Src/system_stm32f1xx.c.obj
LOAD CMakeFiles/STM_lcd.elf.dir/Startup/startup_stm32f103c8tx.s.obj
START GROUP
LOAD /usr/local/Cellar/arm-none-eabi-gcc/9-2019-q4-major/gcc/bin/../lib/gcc/arm-none-eabi/9.2.1/thumb/v7-m/nofp/libgcc.a
LOAD /usr/local/Cellar/arm-none-eabi-gcc/9-2019-q4-major/gcc/bin/../lib/gcc/arm-none-eabi/9.2.1/../../../../arm-none-eabi/lib/thumb/v7-m/nofp/libg.a
LOAD /usr/local/Cellar/arm-none-eabi-gcc/9-2019-q4-major/gcc/bin/../lib/gcc/arm-none-eabi/9.2.1/../../../../arm-none-eabi/lib/thumb/v7-m/nofp/libc.a
END GROUP
LOAD /usr/local/Cellar/arm-none-eabi-gcc/9-2019-q4-major/gcc/bin/../lib/gcc/arm-none-eabi/9.2.1/thumb/v7-m/nofp/crtend.o
LOAD /usr/local/Cellar/arm-none-eabi-gcc/9-2019-q4-major/gcc/bin/../lib/gcc/arm-none-eabi/9.2.1/thumb/v7-m/nofp/crtn.o
                0x0000000020005000                _estack = (ORIGIN (RAM) + LENGTH (RAM))
                0x0000000000000200                _Min_Heap_Size = 0x200
                0x0000000000000400                _Min_Stack_Size = 0x400

.isr_vector     0x0000000008000000      0x10c
                0x0000000008000000                . = ALIGN (0x4)
 *(.isr_vector)
 .isr_vector    0x0000000008000000      0x10c CMakeFiles/STM_lcd.elf.dir/Startup/startup_stm32f103c8tx.s.obj
                0x0000000008000000                g_pfnVectors
                0x000000000800010c                . = ALIGN (0x4)

.text           0x0000000008000110     0x7b94
                0x0000000008000110                . = ALIGN (0x4)
 *(.text)
 .text          0x0000000008000110       0x40 /usr/local/Cellar/arm-none-eabi-gcc/9-2019-q4-major/gcc/bin/../lib/gcc/arm-none-eabi/9.2.1/thumb/v7-m/nofp/crtbegin.o
 .text          0x0000000008000150      0x378 /usr/local/Cellar/arm-none-eabi-gcc/9-2019-q4-major/gcc/bin/../lib/gcc/arm-none-eabi/9.2.1/thumb/v7-m/nofp/libgcc.a(_arm_addsubdf3.o)
                0x0000000008000150                __aeabi_drsub
                0x0000000008000158                __subdf3
                0x0000000008000158                __aeabi_dsub
                0x000000000800015c                __aeabi_dadd
                0x000000000800015c                __adddf3
                0x00000000080003d4                __aeabi_ui2d
                0x00000000080003d4                __floatunsidf
                0x00000000080003f4                __floatsidf
                0x00000000080003f4                __aeabi_i2d
                0x0000000008000418                __extendsfdf2
                0x0000000008000418                __aeabi_f2d
                0x000000000800045c                __aeabi_ul2d
                0x000000000800045c                __floatundidf
                0x000000000800046c                __aeabi_l2d
                0x000000000800046c                __floatdidf
 .text          0x00000000080004c8      0x424 /usr/local/Cellar/arm-none-eabi-gcc/9-2019-q4-major/gcc/bin/../lib/gcc/arm-none-eabi/9.2.1/thumb/v7-m/nofp/libgcc.a(_arm_muldivdf3.o)
                0x00000000080004c8                __aeabi_dmul
                0x00000000080004c8                __muldf3
                0x000000000800071c                __aeabi_ddiv
                0x000000000800071c                __divdf3
 .text          0x00000000080008ec       0x50 /usr/local/Cellar/arm-none-eabi-gcc/9-2019-q4-major/gcc/bin/../lib/gcc/arm-none-eabi/9.2.1/thumb/v7-m/nofp/libgcc.a(_arm_fixdfsi.o)
                0x00000000080008ec                __fixdfsi
                0x00000000080008ec                __aeabi_d2iz
 .text          0x000000000800093c       0xec /usr/local/Cellar/arm-none-eabi-gcc/9-2019-q4-major/gcc/bin/../lib/gcc/arm-none-eabi/9.2.1/../../../../arm-none-eabi/lib/thumb/v7-m/nofp/libg.a(lib_a-memcpy.o)
                0x000000000800093c                memcpy
 .text          0x0000000008000a28      0x110 /usr/local/Cellar/arm-none-eabi-gcc/9-2019-q4-major/gcc/bin/../lib/gcc/arm-none-eabi/9.2.1/thumb/v7-m/nofp/libgcc.a(_arm_cmpdf2.o)
                0x0000000008000a28                __gedf2
                0x0000000008000a28                __gtdf2
                0x0000000008000a30                __ledf2
                0x0000000008000a30                __ltdf2
                0x0000000008000a38                __cmpdf2
                0x0000000008000a38                __eqdf2
                0x0000000008000a38                __nedf2
                0x0000000008000ab4                __aeabi_cdrcmple
                0x0000000008000ac4                __aeabi_cdcmple
                0x0000000008000ac4                __aeabi_cdcmpeq
                0x0000000008000ad4                __aeabi_dcmpeq
                0x0000000008000ae8                __aeabi_dcmplt
                0x0000000008000afc                __aeabi_dcmple
                0x0000000008000b10                __aeabi_dcmpge
                0x0000000008000b24                __aeabi_dcmpgt
 .text          0x0000000008000b38       0x2c /usr/local/Cellar/arm-none-eabi-gcc/9-2019-q4-major/gcc/bin/../lib/gcc/arm-none-eabi/9.2.1/thumb/v7-m/nofp/libgcc.a(_arm_unorddf2.o)
                0x0000000008000b38                __aeabi_dcmpun
                0x0000000008000b38                __unorddf2
 .text          0x0000000008000b64       0x30 /usr/local/Cellar/arm-none-eabi-gcc/9-2019-q4-major/gcc/bin/../lib/gcc/arm-none-eabi/9.2.1/thumb/v7-m/nofp/libgcc.a(_aeabi_uldivmod.o)
                0x0000000008000b64                __aeabi_uldivmod
 .text          0x0000000008000b94      0x2c4 /usr/local/Cellar/arm-none-eabi-gcc/9-2019-q4-major/gcc/bin/../lib/gcc/arm-none-eabi/9.2.1/thumb/v7-m/nofp/libgcc.a(_udivmoddi4.o)
                0x0000000008000b94                __udivmoddi4
 .text          0x0000000008000e58        0x4 /usr/local/Cellar/arm-none-eabi-gcc/9-2019-q4-major/gcc/bin/../lib/gcc/arm-none-eabi/9.2.1/thumb/v7-m/nofp/libgcc.a(_dvmd_tls.o)
                0x0000000008000e58                __aeabi_ldiv0
                0x0000000008000e58                __aeabi_idiv0
 *(.text*)
 .text.HAL_Init
                0x0000000008000e5c       0x2c CMakeFiles/STM_lcd.elf.dir/Drivers/STM32F1xx_HAL_Driver/Src/stm32f1xx_hal.c.obj
                0x0000000008000e5c                HAL_Init
 .text.HAL_InitTick
                0x0000000008000e88       0x60 CMakeFiles/STM_lcd.elf.dir/Drivers/STM32F1xx_HAL_Driver/Src/stm32f1xx_hal.c.obj
                0x0000000008000e88                HAL_InitTick
 .text.HAL_IncTick
                0x0000000008000ee8       0x24 CMakeFiles/STM_lcd.elf.dir/Drivers/STM32F1xx_HAL_Driver/Src/stm32f1xx_hal.c.obj
                0x0000000008000ee8                HAL_IncTick
 .text.HAL_GetTick
                0x0000000008000f0c       0x14 CMakeFiles/STM_lcd.elf.dir/Drivers/STM32F1xx_HAL_Driver/Src/stm32f1xx_hal.c.obj
                0x0000000008000f0c                HAL_GetTick
 .text.HAL_Delay
                0x0000000008000f20       0x48 CMakeFiles/STM_lcd.elf.dir/Drivers/STM32F1xx_HAL_Driver/Src/stm32f1xx_hal.c.obj
                0x0000000008000f20                HAL_Delay
 .text.__NVIC_SetPriorityGrouping
                0x0000000008000f68       0x48 CMakeFiles/STM_lcd.elf.dir/Drivers/STM32F1xx_HAL_Driver/Src/stm32f1xx_hal_cortex.c.obj
 .text.__NVIC_GetPriorityGrouping
                0x0000000008000fb0       0x1c CMakeFiles/STM_lcd.elf.dir/Drivers/STM32F1xx_HAL_Driver/Src/stm32f1xx_hal_cortex.c.obj
 .text.__NVIC_EnableIRQ
                0x0000000008000fcc       0x38 CMakeFiles/STM_lcd.elf.dir/Drivers/STM32F1xx_HAL_Driver/Src/stm32f1xx_hal_cortex.c.obj
 .text.__NVIC_SetPriority
                0x0000000008001004       0x54 CMakeFiles/STM_lcd.elf.dir/Drivers/STM32F1xx_HAL_Driver/Src/stm32f1xx_hal_cortex.c.obj
 .text.NVIC_EncodePriority
                0x0000000008001058       0x64 CMakeFiles/STM_lcd.elf.dir/Drivers/STM32F1xx_HAL_Driver/Src/stm32f1xx_hal_cortex.c.obj
 .text.SysTick_Config
                0x00000000080010bc       0x44 CMakeFiles/STM_lcd.elf.dir/Drivers/STM32F1xx_HAL_Driver/Src/stm32f1xx_hal_cortex.c.obj
 .text.HAL_NVIC_SetPriorityGrouping
                0x0000000008001100       0x16 CMakeFiles/STM_lcd.elf.dir/Drivers/STM32F1xx_HAL_Driver/Src/stm32f1xx_hal_cortex.c.obj
                0x0000000008001100                HAL_NVIC_SetPriorityGrouping
 .text.HAL_NVIC_SetPriority
                0x0000000008001116       0x38 CMakeFiles/STM_lcd.elf.dir/Drivers/STM32F1xx_HAL_Driver/Src/stm32f1xx_hal_cortex.c.obj
                0x0000000008001116                HAL_NVIC_SetPriority
 .text.HAL_NVIC_EnableIRQ
                0x000000000800114e       0x1c CMakeFiles/STM_lcd.elf.dir/Drivers/STM32F1xx_HAL_Driver/Src/stm32f1xx_hal_cortex.c.obj
                0x000000000800114e                HAL_NVIC_EnableIRQ
 .text.HAL_SYSTICK_Config
                0x000000000800116a       0x18 CMakeFiles/STM_lcd.elf.dir/Drivers/STM32F1xx_HAL_Driver/Src/stm32f1xx_hal_cortex.c.obj
                0x000000000800116a                HAL_SYSTICK_Config
 *fill*         0x0000000008001182        0x2 
 .text.HAL_GPIO_Init
                0x0000000008001184      0x308 CMakeFiles/STM_lcd.elf.dir/Drivers/STM32F1xx_HAL_Driver/Src/stm32f1xx_hal_gpio.c.obj
                0x0000000008001184                HAL_GPIO_Init
 .text.HAL_GPIO_ReadPin
                0x000000000800148c       0x2e CMakeFiles/STM_lcd.elf.dir/Drivers/STM32F1xx_HAL_Driver/Src/stm32f1xx_hal_gpio.c.obj
                0x000000000800148c                HAL_GPIO_ReadPin
 .text.HAL_GPIO_WritePin
                0x00000000080014ba       0x30 CMakeFiles/STM_lcd.elf.dir/Drivers/STM32F1xx_HAL_Driver/Src/stm32f1xx_hal_gpio.c.obj
                0x00000000080014ba                HAL_GPIO_WritePin
 *fill*         0x00000000080014ea        0x2 
 .text.HAL_GPIO_EXTI_IRQHandler
                0x00000000080014ec       0x30 CMakeFiles/STM_lcd.elf.dir/Drivers/STM32F1xx_HAL_Driver/Src/stm32f1xx_hal_gpio.c.obj
                0x00000000080014ec                HAL_GPIO_EXTI_IRQHandler
 .text.HAL_RCC_OscConfig
                0x000000000800151c      0x500 CMakeFiles/STM_lcd.elf.dir/Drivers/STM32F1xx_HAL_Driver/Src/stm32f1xx_hal_rcc.c.obj
                0x000000000800151c                HAL_RCC_OscConfig
 .text.HAL_RCC_ClockConfig
                0x0000000008001a1c      0x1d4 CMakeFiles/STM_lcd.elf.dir/Drivers/STM32F1xx_HAL_Driver/Src/stm32f1xx_hal_rcc.c.obj
                0x0000000008001a1c                HAL_RCC_ClockConfig
 .text.HAL_RCC_GetSysClockFreq
                0x0000000008001bf0       0xc0 CMakeFiles/STM_lcd.elf.dir/Drivers/STM32F1xx_HAL_Driver/Src/stm32f1xx_hal_rcc.c.obj
                0x0000000008001bf0                HAL_RCC_GetSysClockFreq
 .text.RCC_Delay
                0x0000000008001cb0       0x3c CMakeFiles/STM_lcd.elf.dir/Drivers/STM32F1xx_HAL_Driver/Src/stm32f1xx_hal_rcc.c.obj
 .text.HAL_SPI_Init
                0x0000000008001cec       0xc2 CMakeFiles/STM_lcd.elf.dir/Drivers/STM32F1xx_HAL_Driver/Src/stm32f1xx_hal_spi.c.obj
                0x0000000008001cec                HAL_SPI_Init
 .text.HAL_SPI_Transmit
                0x0000000008001dae      0x268 CMakeFiles/STM_lcd.elf.dir/Drivers/STM32F1xx_HAL_Driver/Src/stm32f1xx_hal_spi.c.obj
                0x0000000008001dae                HAL_SPI_Transmit
 .text.SPI_WaitFlagStateUntilTimeout
                0x0000000008002016       0xd4 CMakeFiles/STM_lcd.elf.dir/Drivers/STM32F1xx_HAL_Driver/Src/stm32f1xx_hal_spi.c.obj
 .text.SPI_EndRxTxTransaction
                0x00000000080020ea       0x3c CMakeFiles/STM_lcd.elf.dir/Drivers/STM32F1xx_HAL_Driver/Src/stm32f1xx_hal_spi.c.obj
 .text.HAL_TIM_Base_Init
                0x0000000008002126       0x56 CMakeFiles/STM_lcd.elf.dir/Drivers/STM32F1xx_HAL_Driver/Src/stm32f1xx_hal_tim.c.obj
                0x0000000008002126                HAL_TIM_Base_Init
 .text.HAL_TIM_Base_Start_IT
                0x000000000800217c       0x46 CMakeFiles/STM_lcd.elf.dir/Drivers/STM32F1xx_HAL_Driver/Src/stm32f1xx_hal_tim.c.obj
                0x000000000800217c                HAL_TIM_Base_Start_IT
 .text.HAL_TIM_Base_Stop_IT
                0x00000000080021c2       0x54 CMakeFiles/STM_lcd.elf.dir/Drivers/STM32F1xx_HAL_Driver/Src/stm32f1xx_hal_tim.c.obj
                0x00000000080021c2                HAL_TIM_Base_Stop_IT
 .text.HAL_TIM_IRQHandler
                0x0000000008002216      0x210 CMakeFiles/STM_lcd.elf.dir/Drivers/STM32F1xx_HAL_Driver/Src/stm32f1xx_hal_tim.c.obj
                0x0000000008002216                HAL_TIM_IRQHandler
 .text.HAL_TIM_ConfigClockSource
                0x0000000008002426      0x188 CMakeFiles/STM_lcd.elf.dir/Drivers/STM32F1xx_HAL_Driver/Src/stm32f1xx_hal_tim.c.obj
                0x0000000008002426                HAL_TIM_ConfigClockSource
 .text.HAL_TIM_OC_DelayElapsedCallback
                0x00000000080025ae       0x12 CMakeFiles/STM_lcd.elf.dir/Drivers/STM32F1xx_HAL_Driver/Src/stm32f1xx_hal_tim.c.obj
                0x00000000080025ae                HAL_TIM_OC_DelayElapsedCallback
 .text.HAL_TIM_IC_CaptureCallback
                0x00000000080025c0       0x12 CMakeFiles/STM_lcd.elf.dir/Drivers/STM32F1xx_HAL_Driver/Src/stm32f1xx_hal_tim.c.obj
                0x00000000080025c0                HAL_TIM_IC_CaptureCallback
 .text.HAL_TIM_PWM_PulseFinishedCallback
                0x00000000080025d2       0x12 CMakeFiles/STM_lcd.elf.dir/Drivers/STM32F1xx_HAL_Driver/Src/stm32f1xx_hal_tim.c.obj
                0x00000000080025d2                HAL_TIM_PWM_PulseFinishedCallback
 .text.HAL_TIM_TriggerCallback
                0x00000000080025e4       0x12 CMakeFiles/STM_lcd.elf.dir/Drivers/STM32F1xx_HAL_Driver/Src/stm32f1xx_hal_tim.c.obj
                0x00000000080025e4                HAL_TIM_TriggerCallback
 *fill*         0x00000000080025f6        0x2 
 .text.TIM_Base_SetConfig
                0x00000000080025f8       0xc4 CMakeFiles/STM_lcd.elf.dir/Drivers/STM32F1xx_HAL_Driver/Src/stm32f1xx_hal_tim.c.obj
                0x00000000080025f8                TIM_Base_SetConfig
 .text.TIM_TI1_ConfigInputStage
                0x00000000080026bc       0x5c CMakeFiles/STM_lcd.elf.dir/Drivers/STM32F1xx_HAL_Driver/Src/stm32f1xx_hal_tim.c.obj
 .text.TIM_TI2_ConfigInputStage
                0x0000000008002718       0x5e CMakeFiles/STM_lcd.elf.dir/Drivers/STM32F1xx_HAL_Driver/Src/stm32f1xx_hal_tim.c.obj
 .text.TIM_ITRx_SetConfig
                0x0000000008002776       0x34 CMakeFiles/STM_lcd.elf.dir/Drivers/STM32F1xx_HAL_Driver/Src/stm32f1xx_hal_tim.c.obj
 .text.TIM_ETR_SetConfig
                0x00000000080027aa       0x3e CMakeFiles/STM_lcd.elf.dir/Drivers/STM32F1xx_HAL_Driver/Src/stm32f1xx_hal_tim.c.obj
                0x00000000080027aa                TIM_ETR_SetConfig
 .text.HAL_TIMEx_MasterConfigSynchronization
                0x00000000080027e8       0x88 CMakeFiles/STM_lcd.elf.dir/Drivers/STM32F1xx_HAL_Driver/Src/stm32f1xx_hal_tim_ex.c.obj
                0x00000000080027e8                HAL_TIMEx_MasterConfigSynchronization
 .text.HAL_TIMEx_CommutCallback
                0x0000000008002870       0x12 CMakeFiles/STM_lcd.elf.dir/Drivers/STM32F1xx_HAL_Driver/Src/stm32f1xx_hal_tim_ex.c.obj
                0x0000000008002870                HAL_TIMEx_CommutCallback
 .text.HAL_TIMEx_BreakCallback
                0x0000000008002882       0x12 CMakeFiles/STM_lcd.elf.dir/Drivers/STM32F1xx_HAL_Driver/Src/stm32f1xx_hal_tim_ex.c.obj
                0x0000000008002882                HAL_TIMEx_BreakCallback
 .text.HAL_GPIO_EXTI_Callback
                0x0000000008002894       0x7c CMakeFiles/STM_lcd.elf.dir/Src/main.c.obj
                0x0000000008002894                HAL_GPIO_EXTI_Callback
 .text.HAL_TIM_PeriodElapsedCallback
                0x0000000008002910      0x108 CMakeFiles/STM_lcd.elf.dir/Src/main.c.obj
                0x0000000008002910                HAL_TIM_PeriodElapsedCallback
 .text.main     0x0000000008002a18       0xb4 CMakeFiles/STM_lcd.elf.dir/Src/main.c.obj
                0x0000000008002a18                main
 .text.SystemClock_Config
                0x0000000008002acc       0x8a CMakeFiles/STM_lcd.elf.dir/Src/main.c.obj
                0x0000000008002acc                SystemClock_Config
 *fill*         0x0000000008002b56        0x2 
 .text.MX_SPI1_Init
                0x0000000008002b58       0x6c CMakeFiles/STM_lcd.elf.dir/Src/main.c.obj
 .text.MX_TIM1_Init
                0x0000000008002bc4       0xa0 CMakeFiles/STM_lcd.elf.dir/Src/main.c.obj
 .text.MX_GPIO_Init
                0x0000000008002c64      0x108 CMakeFiles/STM_lcd.elf.dir/Src/main.c.obj
 .text.Error_Handler
                0x0000000008002d6c        0xc CMakeFiles/STM_lcd.elf.dir/Src/main.c.obj
                0x0000000008002d6c                Error_Handler
 .text.oledmenu_display_splash
                0x0000000008002d78       0x4c CMakeFiles/STM_lcd.elf.dir/Src/oledmenu.c.obj
                0x0000000008002d78                oledmenu_display_splash
 .text.oledmenu_display_arrows
                0x0000000008002dc4       0x44 CMakeFiles/STM_lcd.elf.dir/Src/oledmenu.c.obj
                0x0000000008002dc4                oledmenu_display_arrows
 .text.oledmenu_display_lvls
                0x0000000008002e08      0x12c CMakeFiles/STM_lcd.elf.dir/Src/oledmenu.c.obj
                0x0000000008002e08                oledmenu_display_lvls
 .text.oledmenu_display_confirm_screen
                0x0000000008002f34      0x11c CMakeFiles/STM_lcd.elf.dir/Src/oledmenu.c.obj
                0x0000000008002f34                oledmenu_display_confirm_screen
 .text.oledmenu_display_recipe
                0x0000000008003050       0xc0 CMakeFiles/STM_lcd.elf.dir/Src/oledmenu.c.obj
                0x0000000008003050                oledmenu_display_recipe
 .text.ssd1306_Reset
                0x0000000008003110       0x38 CMakeFiles/STM_lcd.elf.dir/Src/ssd1306.c.obj
                0x0000000008003110                ssd1306_Reset
 .text.ssd1306_WriteCommand
                0x0000000008003148       0x48 CMakeFiles/STM_lcd.elf.dir/Src/ssd1306.c.obj
                0x0000000008003148                ssd1306_WriteCommand
 .text.ssd1306_WriteData
                0x0000000008003190       0x48 CMakeFiles/STM_lcd.elf.dir/Src/ssd1306.c.obj
                0x0000000008003190                ssd1306_WriteData
 .text.ssd1306_Init
                0x00000000080031d8       0xdc CMakeFiles/STM_lcd.elf.dir/Src/ssd1306.c.obj
                0x00000000080031d8                ssd1306_Init
 .text.ssd1306_Fill
                0x00000000080032b4       0x44 CMakeFiles/STM_lcd.elf.dir/Src/ssd1306.c.obj
                0x00000000080032b4                ssd1306_Fill
 .text.ssd1306_UpdateScreen
                0x00000000080032f8       0x50 CMakeFiles/STM_lcd.elf.dir/Src/ssd1306.c.obj
                0x00000000080032f8                ssd1306_UpdateScreen
 .text.ssd1306_DrawPixel
                0x0000000008003348       0xc0 CMakeFiles/STM_lcd.elf.dir/Src/ssd1306.c.obj
                0x0000000008003348                ssd1306_DrawPixel
 .text.ssd1306_WriteChar
                0x0000000008003408      0x110 CMakeFiles/STM_lcd.elf.dir/Src/ssd1306.c.obj
                0x0000000008003408                ssd1306_WriteChar
 .text.ssd1306_WriteString
                0x0000000008003518       0x4c CMakeFiles/STM_lcd.elf.dir/Src/ssd1306.c.obj
                0x0000000008003518                ssd1306_WriteString
 .text.ssd1306_SetCursor
                0x0000000008003564       0x30 CMakeFiles/STM_lcd.elf.dir/Src/ssd1306.c.obj
                0x0000000008003564                ssd1306_SetCursor
 .text.HAL_MspInit
                0x0000000008003594       0x64 CMakeFiles/STM_lcd.elf.dir/Src/stm32f1xx_hal_msp.c.obj
                0x0000000008003594                HAL_MspInit
 .text.HAL_SPI_MspInit
                0x00000000080035f8       0x7c CMakeFiles/STM_lcd.elf.dir/Src/stm32f1xx_hal_msp.c.obj
                0x00000000080035f8                HAL_SPI_MspInit
 .text.HAL_TIM_Base_MspInit
                0x0000000008003674       0x7c CMakeFiles/STM_lcd.elf.dir/Src/stm32f1xx_hal_msp.c.obj
                0x0000000008003674                HAL_TIM_Base_MspInit
 .text.NMI_Handler
                0x00000000080036f0        0xc CMakeFiles/STM_lcd.elf.dir/Src/stm32f1xx_it.c.obj
                0x00000000080036f0                NMI_Handler
 .text.HardFault_Handler
                0x00000000080036fc        0x6 CMakeFiles/STM_lcd.elf.dir/Src/stm32f1xx_it.c.obj
                0x00000000080036fc                HardFault_Handler
 .text.MemManage_Handler
                0x0000000008003702        0x6 CMakeFiles/STM_lcd.elf.dir/Src/stm32f1xx_it.c.obj
                0x0000000008003702                MemManage_Handler
 .text.BusFault_Handler
                0x0000000008003708        0x6 CMakeFiles/STM_lcd.elf.dir/Src/stm32f1xx_it.c.obj
                0x0000000008003708                BusFault_Handler
 .text.UsageFault_Handler
                0x000000000800370e        0x6 CMakeFiles/STM_lcd.elf.dir/Src/stm32f1xx_it.c.obj
                0x000000000800370e                UsageFault_Handler
 .text.SVC_Handler
                0x0000000008003714        0xc CMakeFiles/STM_lcd.elf.dir/Src/stm32f1xx_it.c.obj
                0x0000000008003714                SVC_Handler
 .text.DebugMon_Handler
                0x0000000008003720        0xc CMakeFiles/STM_lcd.elf.dir/Src/stm32f1xx_it.c.obj
                0x0000000008003720                DebugMon_Handler
 .text.PendSV_Handler
                0x000000000800372c        0xc CMakeFiles/STM_lcd.elf.dir/Src/stm32f1xx_it.c.obj
                0x000000000800372c                PendSV_Handler
 .text.SysTick_Handler
                0x0000000008003738        0xc CMakeFiles/STM_lcd.elf.dir/Src/stm32f1xx_it.c.obj
                0x0000000008003738                SysTick_Handler
 .text.TIM1_BRK_IRQHandler
                0x0000000008003744       0x14 CMakeFiles/STM_lcd.elf.dir/Src/stm32f1xx_it.c.obj
                0x0000000008003744                TIM1_BRK_IRQHandler
 .text.TIM1_UP_IRQHandler
                0x0000000008003758       0x14 CMakeFiles/STM_lcd.elf.dir/Src/stm32f1xx_it.c.obj
                0x0000000008003758                TIM1_UP_IRQHandler
 .text.TIM1_TRG_COM_IRQHandler
                0x000000000800376c       0x14 CMakeFiles/STM_lcd.elf.dir/Src/stm32f1xx_it.c.obj
                0x000000000800376c                TIM1_TRG_COM_IRQHandler
 .text.TIM1_CC_IRQHandler
                0x0000000008003780       0x14 CMakeFiles/STM_lcd.elf.dir/Src/stm32f1xx_it.c.obj
                0x0000000008003780                TIM1_CC_IRQHandler
 .text.EXTI15_10_IRQHandler
                0x0000000008003794       0x20 CMakeFiles/STM_lcd.elf.dir/Src/stm32f1xx_it.c.obj
                0x0000000008003794                EXTI15_10_IRQHandler
 .text._sbrk    0x00000000080037b4       0x58 CMakeFiles/STM_lcd.elf.dir/Src/sysmem.c.obj
                0x00000000080037b4                _sbrk
 .text.SystemInit
                0x000000000800380c       0x68 CMakeFiles/STM_lcd.elf.dir/Src/system_stm32f1xx.c.obj
                0x000000000800380c                SystemInit
 .text.Reset_Handler
                0x0000000008003874       0x48 CMakeFiles/STM_lcd.elf.dir/Startup/startup_stm32f103c8tx.s.obj
                0x0000000008003874                Reset_Handler
 .text.Default_Handler
                0x00000000080038bc        0x2 CMakeFiles/STM_lcd.elf.dir/Startup/startup_stm32f103c8tx.s.obj
                0x00000000080038bc                USBWakeUp_IRQHandler
                0x00000000080038bc                EXTI2_IRQHandler
                0x00000000080038bc                PVD_IRQHandler
                0x00000000080038bc                EXTI3_IRQHandler
                0x00000000080038bc                EXTI0_IRQHandler
                0x00000000080038bc                I2C2_EV_IRQHandler
                0x00000000080038bc                ADC1_2_IRQHandler
                0x00000000080038bc                SPI1_IRQHandler
                0x00000000080038bc                TAMPER_IRQHandler
                0x00000000080038bc                DMA1_Channel4_IRQHandler
                0x00000000080038bc                USART3_IRQHandler
                0x00000000080038bc                RTC_IRQHandler
                0x00000000080038bc                DMA1_Channel7_IRQHandler
                0x00000000080038bc                CAN1_RX1_IRQHandler
                0x00000000080038bc                TIM4_IRQHandler
                0x00000000080038bc                I2C1_EV_IRQHandler
                0x00000000080038bc                DMA1_Channel6_IRQHandler
                0x00000000080038bc                TIM3_IRQHandler
                0x00000000080038bc                RCC_IRQHandler
                0x00000000080038bc                DMA1_Channel1_IRQHandler
                0x00000000080038bc                Default_Handler
                0x00000000080038bc                EXTI9_5_IRQHandler
                0x00000000080038bc                SPI2_IRQHandler
                0x00000000080038bc                DMA1_Channel5_IRQHandler
                0x00000000080038bc                EXTI4_IRQHandler
                0x00000000080038bc                USB_LP_CAN1_RX0_IRQHandler
                0x00000000080038bc                USB_HP_CAN1_TX_IRQHandler
                0x00000000080038bc                DMA1_Channel3_IRQHandler
                0x00000000080038bc                WWDG_IRQHandler
                0x00000000080038bc                TIM2_IRQHandler
                0x00000000080038bc                EXTI1_IRQHandler
                0x00000000080038bc                USART2_IRQHandler
                0x00000000080038bc                I2C2_ER_IRQHandler
                0x00000000080038bc                DMA1_Channel2_IRQHandler
                0x00000000080038bc                CAN1_SCE_IRQHandler
                0x00000000080038bc                FLASH_IRQHandler
                0x00000000080038bc                USART1_IRQHandler
                0x00000000080038bc                I2C1_ER_IRQHandler
                0x00000000080038bc                RTC_Alarm_IRQHandler
 *fill*         0x00000000080038be        0x2 
 .text.__errno  0x00000000080038c0        0xc /usr/local/Cellar/arm-none-eabi-gcc/9-2019-q4-major/gcc/bin/../lib/gcc/arm-none-eabi/9.2.1/../../../../arm-none-eabi/lib/thumb/v7-m/nofp/libg.a(lib_a-errno.o)
                0x00000000080038c0                __errno
 .text.__libc_init_array
                0x00000000080038cc       0x48 /usr/local/Cellar/arm-none-eabi-gcc/9-2019-q4-major/gcc/bin/../lib/gcc/arm-none-eabi/9.2.1/../../../../arm-none-eabi/lib/thumb/v7-m/nofp/libg.a(lib_a-init.o)
                0x00000000080038cc                __libc_init_array
 .text.memmove  0x0000000008003914       0xd4 /usr/local/Cellar/arm-none-eabi-gcc/9-2019-q4-major/gcc/bin/../lib/gcc/arm-none-eabi/9.2.1/../../../../arm-none-eabi/lib/thumb/v7-m/nofp/libg.a(lib_a-memmove.o)
                0x0000000008003914                memmove
 .text.memset   0x00000000080039e8       0xa0 /usr/local/Cellar/arm-none-eabi-gcc/9-2019-q4-major/gcc/bin/../lib/gcc/arm-none-eabi/9.2.1/../../../../arm-none-eabi/lib/thumb/v7-m/nofp/libg.a(lib_a-memset.o)
                0x00000000080039e8                memset
 .text.sprintf  0x0000000008003a88       0x44 /usr/local/Cellar/arm-none-eabi-gcc/9-2019-q4-major/gcc/bin/../lib/gcc/arm-none-eabi/9.2.1/../../../../arm-none-eabi/lib/thumb/v7-m/nofp/libg.a(lib_a-sprintf.o)
                0x0000000008003a88                sprintf
 .text._svfprintf_r
                0x0000000008003acc     0x1b50 /usr/local/Cellar/arm-none-eabi-gcc/9-2019-q4-major/gcc/bin/../lib/gcc/arm-none-eabi/9.2.1/../../../../arm-none-eabi/lib/thumb/v7-m/nofp/libg.a(lib_a-svfprintf.o)
                0x0000000008003acc                _svfprintf_r
 .text.startup.register_fini
                0x000000000800561c       0x14 /usr/local/Cellar/arm-none-eabi-gcc/9-2019-q4-major/gcc/bin/../lib/gcc/arm-none-eabi/9.2.1/../../../../arm-none-eabi/lib/thumb/v7-m/nofp/libg.a(lib_a-__call_atexit.o)
 .text.atexit   0x0000000008005630        0xc /usr/local/Cellar/arm-none-eabi-gcc/9-2019-q4-major/gcc/bin/../lib/gcc/arm-none-eabi/9.2.1/../../../../arm-none-eabi/lib/thumb/v7-m/nofp/libg.a(lib_a-atexit.o)
                0x0000000008005630                atexit
 .text.quorem   0x000000000800563c      0x120 /usr/local/Cellar/arm-none-eabi-gcc/9-2019-q4-major/gcc/bin/../lib/gcc/arm-none-eabi/9.2.1/../../../../arm-none-eabi/lib/thumb/v7-m/nofp/libg.a(lib_a-dtoa.o)
 *fill*         0x000000000800575c        0x4 
 .text._dtoa_r  0x0000000008005760      0xe8c /usr/local/Cellar/arm-none-eabi-gcc/9-2019-q4-major/gcc/bin/../lib/gcc/arm-none-eabi/9.2.1/../../../../arm-none-eabi/lib/thumb/v7-m/nofp/libg.a(lib_a-dtoa.o)
                0x0000000008005760                _dtoa_r
 .text.__libc_fini_array
                0x00000000080065ec       0x2c /usr/local/Cellar/arm-none-eabi-gcc/9-2019-q4-major/gcc/bin/../lib/gcc/arm-none-eabi/9.2.1/../../../../arm-none-eabi/lib/thumb/v7-m/nofp/libg.a(lib_a-fini.o)
                0x00000000080065ec                __libc_fini_array
 .text._malloc_trim_r
                0x0000000008006618       0xa0 /usr/local/Cellar/arm-none-eabi-gcc/9-2019-q4-major/gcc/bin/../lib/gcc/arm-none-eabi/9.2.1/../../../../arm-none-eabi/lib/thumb/v7-m/nofp/libg.a(lib_a-freer.o)
                0x0000000008006618                _malloc_trim_r
 .text._free_r  0x00000000080066b8      0x20c /usr/local/Cellar/arm-none-eabi-gcc/9-2019-q4-major/gcc/bin/../lib/gcc/arm-none-eabi/9.2.1/../../../../arm-none-eabi/lib/thumb/v7-m/nofp/libg.a(lib_a-freer.o)
                0x00000000080066b8                _free_r
 .text._localeconv_r
                0x00000000080068c4        0x8 /usr/local/Cellar/arm-none-eabi-gcc/9-2019-q4-major/gcc/bin/../lib/gcc/arm-none-eabi/9.2.1/../../../../arm-none-eabi/lib/thumb/v7-m/nofp/libg.a(lib_a-localeconv.o)
                0x00000000080068c4                _localeconv_r
 .text.__retarget_lock_acquire_recursive
                0x00000000080068cc        0x4 /usr/local/Cellar/arm-none-eabi-gcc/9-2019-q4-major/gcc/bin/../lib/gcc/arm-none-eabi/9.2.1/../../../../arm-none-eabi/lib/thumb/v7-m/nofp/libg.a(lib_a-lock.o)
                0x00000000080068cc                __retarget_lock_acquire_recursive
 .text.__retarget_lock_release_recursive
                0x00000000080068d0        0x4 /usr/local/Cellar/arm-none-eabi-gcc/9-2019-q4-major/gcc/bin/../lib/gcc/arm-none-eabi/9.2.1/../../../../arm-none-eabi/lib/thumb/v7-m/nofp/libg.a(lib_a-lock.o)
                0x00000000080068d0                __retarget_lock_release_recursive
 .text._malloc_r
                0x00000000080068d4      0x55c /usr/local/Cellar/arm-none-eabi-gcc/9-2019-q4-major/gcc/bin/../lib/gcc/arm-none-eabi/9.2.1/../../../../arm-none-eabi/lib/thumb/v7-m/nofp/libg.a(lib_a-mallocr.o)
                0x00000000080068d4                _malloc_r
 .text.memchr   0x0000000008006e30       0x80 /usr/local/Cellar/arm-none-eabi-gcc/9-2019-q4-major/gcc/bin/../lib/gcc/arm-none-eabi/9.2.1/../../../../arm-none-eabi/lib/thumb/v7-m/nofp/libg.a(lib_a-memchr-stub.o)
                0x0000000008006e30                memchr
 .text.__malloc_lock
                0x0000000008006eb0        0xc /usr/local/Cellar/arm-none-eabi-gcc/9-2019-q4-major/gcc/bin/../lib/gcc/arm-none-eabi/9.2.1/../../../../arm-none-eabi/lib/thumb/v7-m/nofp/libg.a(lib_a-mlock.o)
                0x0000000008006eb0                __malloc_lock
 .text.__malloc_unlock
                0x0000000008006ebc        0xc /usr/local/Cellar/arm-none-eabi-gcc/9-2019-q4-major/gcc/bin/../lib/gcc/arm-none-eabi/9.2.1/../../../../arm-none-eabi/lib/thumb/v7-m/nofp/libg.a(lib_a-mlock.o)
                0x0000000008006ebc                __malloc_unlock
 .text._Balloc  0x0000000008006ec8       0x4c /usr/local/Cellar/arm-none-eabi-gcc/9-2019-q4-major/gcc/bin/../lib/gcc/arm-none-eabi/9.2.1/../../../../arm-none-eabi/lib/thumb/v7-m/nofp/libg.a(lib_a-mprec.o)
                0x0000000008006ec8                _Balloc
 .text._Bfree   0x0000000008006f14       0x14 /usr/local/Cellar/arm-none-eabi-gcc/9-2019-q4-major/gcc/bin/../lib/gcc/arm-none-eabi/9.2.1/../../../../arm-none-eabi/lib/thumb/v7-m/nofp/libg.a(lib_a-mprec.o)
                0x0000000008006f14                _Bfree
 .text.__multadd
                0x0000000008006f28       0x7c /usr/local/Cellar/arm-none-eabi-gcc/9-2019-q4-major/gcc/bin/../lib/gcc/arm-none-eabi/9.2.1/../../../../arm-none-eabi/lib/thumb/v7-m/nofp/libg.a(lib_a-mprec.o)
                0x0000000008006f28                __multadd
 .text.__hi0bits
                0x0000000008006fa4       0x40 /usr/local/Cellar/arm-none-eabi-gcc/9-2019-q4-major/gcc/bin/../lib/gcc/arm-none-eabi/9.2.1/../../../../arm-none-eabi/lib/thumb/v7-m/nofp/libg.a(lib_a-mprec.o)
                0x0000000008006fa4                __hi0bits
 .text.__lo0bits
                0x0000000008006fe4       0x60 /usr/local/Cellar/arm-none-eabi-gcc/9-2019-q4-major/gcc/bin/../lib/gcc/arm-none-eabi/9.2.1/../../../../arm-none-eabi/lib/thumb/v7-m/nofp/libg.a(lib_a-mprec.o)
                0x0000000008006fe4                __lo0bits
 .text.__i2b    0x0000000008007044       0x14 /usr/local/Cellar/arm-none-eabi-gcc/9-2019-q4-major/gcc/bin/../lib/gcc/arm-none-eabi/9.2.1/../../../../arm-none-eabi/lib/thumb/v7-m/nofp/libg.a(lib_a-mprec.o)
                0x0000000008007044                __i2b
 .text.__multiply
                0x0000000008007058      0x144 /usr/local/Cellar/arm-none-eabi-gcc/9-2019-q4-major/gcc/bin/../lib/gcc/arm-none-eabi/9.2.1/../../../../arm-none-eabi/lib/thumb/v7-m/nofp/libg.a(lib_a-mprec.o)
                0x0000000008007058                __multiply
 .text.__pow5mult
                0x000000000800719c       0xa0 /usr/local/Cellar/arm-none-eabi-gcc/9-2019-q4-major/gcc/bin/../lib/gcc/arm-none-eabi/9.2.1/../../../../arm-none-eabi/lib/thumb/v7-m/nofp/libg.a(lib_a-mprec.o)
                0x000000000800719c                __pow5mult
 .text.__lshift
                0x000000000800723c       0xd0 /usr/local/Cellar/arm-none-eabi-gcc/9-2019-q4-major/gcc/bin/../lib/gcc/arm-none-eabi/9.2.1/../../../../arm-none-eabi/lib/thumb/v7-m/nofp/libg.a(lib_a-mprec.o)
                0x000000000800723c                __lshift
 .text.__mcmp   0x000000000800730c       0x3c /usr/local/Cellar/arm-none-eabi-gcc/9-2019-q4-major/gcc/bin/../lib/gcc/arm-none-eabi/9.2.1/../../../../arm-none-eabi/lib/thumb/v7-m/nofp/libg.a(lib_a-mprec.o)
                0x000000000800730c                __mcmp
 .text.__mdiff  0x0000000008007348      0x138 /usr/local/Cellar/arm-none-eabi-gcc/9-2019-q4-major/gcc/bin/../lib/gcc/arm-none-eabi/9.2.1/../../../../arm-none-eabi/lib/thumb/v7-m/nofp/libg.a(lib_a-mprec.o)
                0x0000000008007348                __mdiff
 .text.__d2b    0x0000000008007480       0xa8 /usr/local/Cellar/arm-none-eabi-gcc/9-2019-q4-major/gcc/bin/../lib/gcc/arm-none-eabi/9.2.1/../../../../arm-none-eabi/lib/thumb/v7-m/nofp/libg.a(lib_a-mprec.o)
                0x0000000008007480                __d2b
 .text.frexp    0x0000000008007528       0x70 /usr/local/Cellar/arm-none-eabi-gcc/9-2019-q4-major/gcc/bin/../lib/gcc/arm-none-eabi/9.2.1/../../../../arm-none-eabi/lib/thumb/v7-m/nofp/libg.a(lib_a-s_frexp.o)
                0x0000000008007528                frexp
 .text._sbrk_r  0x0000000008007598       0x24 /usr/local/Cellar/arm-none-eabi-gcc/9-2019-q4-major/gcc/bin/../lib/gcc/arm-none-eabi/9.2.1/../../../../arm-none-eabi/lib/thumb/v7-m/nofp/libg.a(lib_a-sbrkr.o)
                0x0000000008007598                _sbrk_r
 .text.strlen   0x00000000080075bc       0x5c /usr/local/Cellar/arm-none-eabi-gcc/9-2019-q4-major/gcc/bin/../lib/gcc/arm-none-eabi/9.2.1/../../../../arm-none-eabi/lib/thumb/v7-m/nofp/libg.a(lib_a-strlen-stub.o)
                0x00000000080075bc                strlen
 .text.strncpy  0x0000000008007618       0x68 /usr/local/Cellar/arm-none-eabi-gcc/9-2019-q4-major/gcc/bin/../lib/gcc/arm-none-eabi/9.2.1/../../../../arm-none-eabi/lib/thumb/v7-m/nofp/libg.a(lib_a-strncpy.o)
                0x0000000008007618                strncpy
 .text.__ssprint_r
                0x0000000008007680       0xf8 /usr/local/Cellar/arm-none-eabi-gcc/9-2019-q4-major/gcc/bin/../lib/gcc/arm-none-eabi/9.2.1/../../../../arm-none-eabi/lib/thumb/v7-m/nofp/libg.a(lib_a-svfiprintf.o)
                0x0000000008007680                __ssprint_r
 .text.__register_exitproc
                0x0000000008007778       0x8c /usr/local/Cellar/arm-none-eabi-gcc/9-2019-q4-major/gcc/bin/../lib/gcc/arm-none-eabi/9.2.1/../../../../arm-none-eabi/lib/thumb/v7-m/nofp/libg.a(lib_a-__atexit.o)
                0x0000000008007778                __register_exitproc
 .text._calloc_r
                0x0000000008007804       0x60 /usr/local/Cellar/arm-none-eabi-gcc/9-2019-q4-major/gcc/bin/../lib/gcc/arm-none-eabi/9.2.1/../../../../arm-none-eabi/lib/thumb/v7-m/nofp/libg.a(lib_a-callocr.o)
                0x0000000008007804                _calloc_r
 .text.__ascii_mbtowc
                0x0000000008007864       0x2c /usr/local/Cellar/arm-none-eabi-gcc/9-2019-q4-major/gcc/bin/../lib/gcc/arm-none-eabi/9.2.1/../../../../arm-none-eabi/lib/thumb/v7-m/nofp/libg.a(lib_a-mbtowc_r.o)
                0x0000000008007864                __ascii_mbtowc
 .text._realloc_r
                0x0000000008007890      0x3e0 /usr/local/Cellar/arm-none-eabi-gcc/9-2019-q4-major/gcc/bin/../lib/gcc/arm-none-eabi/9.2.1/../../../../arm-none-eabi/lib/thumb/v7-m/nofp/libg.a(lib_a-reallocr.o)
                0x0000000008007890                _realloc_r
 .text.__ascii_wctomb
                0x0000000008007c70       0x1c /usr/local/Cellar/arm-none-eabi-gcc/9-2019-q4-major/gcc/bin/../lib/gcc/arm-none-eabi/9.2.1/../../../../arm-none-eabi/lib/thumb/v7-m/nofp/libg.a(lib_a-wctomb_r.o)
                0x0000000008007c70                __ascii_wctomb
 *(.glue_7)
 .glue_7        0x0000000008007c8c        0x0 linker stubs
 *(.glue_7t)
 .glue_7t       0x0000000008007c8c        0x0 linker stubs
 *(.eh_frame)
 .eh_frame      0x0000000008007c8c        0x0 /usr/local/Cellar/arm-none-eabi-gcc/9-2019-q4-major/gcc/bin/../lib/gcc/arm-none-eabi/9.2.1/thumb/v7-m/nofp/crtbegin.o
 *(.init)
 .init          0x0000000008007c8c        0x4 /usr/local/Cellar/arm-none-eabi-gcc/9-2019-q4-major/gcc/bin/../lib/gcc/arm-none-eabi/9.2.1/thumb/v7-m/nofp/crti.o
                0x0000000008007c8c                _init
 .init          0x0000000008007c90        0x8 /usr/local/Cellar/arm-none-eabi-gcc/9-2019-q4-major/gcc/bin/../lib/gcc/arm-none-eabi/9.2.1/thumb/v7-m/nofp/crtn.o
 *(.fini)
 .fini          0x0000000008007c98        0x4 /usr/local/Cellar/arm-none-eabi-gcc/9-2019-q4-major/gcc/bin/../lib/gcc/arm-none-eabi/9.2.1/thumb/v7-m/nofp/crti.o
                0x0000000008007c98                _fini
 .fini          0x0000000008007c9c        0x8 /usr/local/Cellar/arm-none-eabi-gcc/9-2019-q4-major/gcc/bin/../lib/gcc/arm-none-eabi/9.2.1/thumb/v7-m/nofp/crtn.o
                0x0000000008007ca4                . = ALIGN (0x4)
                0x0000000008007ca4                _etext = .

.vfp11_veneer   0x0000000008007ca4        0x0
 .vfp11_veneer  0x0000000008007ca4        0x0 linker stubs

.v4_bx          0x0000000008007ca4        0x0
 .v4_bx         0x0000000008007ca4        0x0 linker stubs

.iplt           0x0000000008007ca4        0x0
 .iplt          0x0000000008007ca4        0x0 /usr/local/Cellar/arm-none-eabi-gcc/9-2019-q4-major/gcc/bin/../lib/gcc/arm-none-eabi/9.2.1/thumb/v7-m/nofp/crtbegin.o

.rodata         0x0000000008007ca8     0x1dd0
                0x0000000008007ca8                . = ALIGN (0x4)
 *(.rodata)
 .rodata        0x0000000008007ca8       0x10 CMakeFiles/STM_lcd.elf.dir/Drivers/STM32F1xx_HAL_Driver/Src/stm32f1xx_hal_rcc.c.obj
 .rodata        0x0000000008007cb8       0x12 CMakeFiles/STM_lcd.elf.dir/Src/main.c.obj
 *fill*         0x0000000008007cca        0x2 
 .rodata        0x0000000008007ccc       0x57 CMakeFiles/STM_lcd.elf.dir/Src/oledmenu.c.obj
 *(.rodata*)
 *fill*         0x0000000008007d23        0x1 
 .rodata.Font7x10
                0x0000000008007d24      0x76c CMakeFiles/STM_lcd.elf.dir/Src/ssd1306_fonts.c.obj
 .rodata.Font11x18
                0x0000000008008490      0xd5c CMakeFiles/STM_lcd.elf.dir/Src/ssd1306_fonts.c.obj
 .rodata.Font6x8
                0x00000000080091ec      0x5f0 CMakeFiles/STM_lcd.elf.dir/Src/ssd1306_fonts.c.obj
 .rodata.AHBPrescTable
                0x00000000080097dc       0x10 CMakeFiles/STM_lcd.elf.dir/Src/system_stm32f1xx.c.obj
                0x00000000080097dc                AHBPrescTable
 .rodata._global_impure_ptr
                0x00000000080097ec        0x4 /usr/local/Cellar/arm-none-eabi-gcc/9-2019-q4-major/gcc/bin/../lib/gcc/arm-none-eabi/9.2.1/../../../../arm-none-eabi/lib/thumb/v7-m/nofp/libg.a(lib_a-impure.o)
                0x00000000080097ec                _global_impure_ptr
 .rodata._svfprintf_r.str1.4
                0x00000000080097f0       0x42 /usr/local/Cellar/arm-none-eabi-gcc/9-2019-q4-major/gcc/bin/../lib/gcc/arm-none-eabi/9.2.1/../../../../arm-none-eabi/lib/thumb/v7-m/nofp/libg.a(lib_a-svfprintf.o)
 *fill*         0x0000000008009832        0x2 
 .rodata.blanks.7345
                0x0000000008009834       0x10 /usr/local/Cellar/arm-none-eabi-gcc/9-2019-q4-major/gcc/bin/../lib/gcc/arm-none-eabi/9.2.1/../../../../arm-none-eabi/lib/thumb/v7-m/nofp/libg.a(lib_a-svfprintf.o)
 .rodata.zeroes.7346
                0x0000000008009844       0x10 /usr/local/Cellar/arm-none-eabi-gcc/9-2019-q4-major/gcc/bin/../lib/gcc/arm-none-eabi/9.2.1/../../../../arm-none-eabi/lib/thumb/v7-m/nofp/libg.a(lib_a-svfprintf.o)
 .rodata._dtoa_r.str1.4
                0x0000000008009854        0xd /usr/local/Cellar/arm-none-eabi-gcc/9-2019-q4-major/gcc/bin/../lib/gcc/arm-none-eabi/9.2.1/../../../../arm-none-eabi/lib/thumb/v7-m/nofp/libg.a(lib_a-dtoa.o)
                                         0x12 (size before relaxing)
 *fill*         0x0000000008009861        0x7 
 .rodata.__mprec_bigtens
                0x0000000008009868       0x28 /usr/local/Cellar/arm-none-eabi-gcc/9-2019-q4-major/gcc/bin/../lib/gcc/arm-none-eabi/9.2.1/../../../../arm-none-eabi/lib/thumb/v7-m/nofp/libg.a(lib_a-mprec.o)
                0x0000000008009868                __mprec_bigtens
 .rodata.__mprec_tens
                0x0000000008009890       0xc8 /usr/local/Cellar/arm-none-eabi-gcc/9-2019-q4-major/gcc/bin/../lib/gcc/arm-none-eabi/9.2.1/../../../../arm-none-eabi/lib/thumb/v7-m/nofp/libg.a(lib_a-mprec.o)
                0x0000000008009890                __mprec_tens
 .rodata.p05.6115
                0x0000000008009958        0xc /usr/local/Cellar/arm-none-eabi-gcc/9-2019-q4-major/gcc/bin/../lib/gcc/arm-none-eabi/9.2.1/../../../../arm-none-eabi/lib/thumb/v7-m/nofp/libg.a(lib_a-mprec.o)
 .rodata._setlocale_r.str1.4
                0x0000000008009964        0xa /usr/local/Cellar/arm-none-eabi-gcc/9-2019-q4-major/gcc/bin/../lib/gcc/arm-none-eabi/9.2.1/../../../../arm-none-eabi/lib/thumb/v7-m/nofp/libg.a(lib_a-locale.o)
                                          0xd (size before relaxing)
 *fill*         0x000000000800996e        0x2 
 .rodata.str1.4
                0x0000000008009970        0x2 /usr/local/Cellar/arm-none-eabi-gcc/9-2019-q4-major/gcc/bin/../lib/gcc/arm-none-eabi/9.2.1/../../../../arm-none-eabi/lib/thumb/v7-m/nofp/libg.a(lib_a-locale.o)
 *fill*         0x0000000008009972        0x2 
 .rodata._ctype_
                0x0000000008009974      0x101 /usr/local/Cellar/arm-none-eabi-gcc/9-2019-q4-major/gcc/bin/../lib/gcc/arm-none-eabi/9.2.1/../../../../arm-none-eabi/lib/thumb/v7-m/nofp/libg.a(lib_a-ctype_.o)
                0x0000000008009974                _ctype_
                0x0000000008009a78                . = ALIGN (0x4)
 *fill*         0x0000000008009a75        0x3 

.ARM.extab      0x0000000008009a78        0x0
                0x0000000008009a78                . = ALIGN (0x4)
 *(.ARM.extab* .gnu.linkonce.armextab.*)
                0x0000000008009a78                . = ALIGN (0x4)

.ARM            0x0000000008009a78        0x8
                0x0000000008009a78                . = ALIGN (0x4)
                0x0000000008009a78                __exidx_start = .
 *(.ARM.exidx*)
 .ARM.exidx     0x0000000008009a78        0x8 /usr/local/Cellar/arm-none-eabi-gcc/9-2019-q4-major/gcc/bin/../lib/gcc/arm-none-eabi/9.2.1/thumb/v7-m/nofp/libgcc.a(_udivmoddi4.o)
                0x0000000008009a80                __exidx_end = .
                0x0000000008009a80                . = ALIGN (0x4)

.rel.dyn        0x0000000008009a80        0x0
 .rel.iplt      0x0000000008009a80        0x0 /usr/local/Cellar/arm-none-eabi-gcc/9-2019-q4-major/gcc/bin/../lib/gcc/arm-none-eabi/9.2.1/thumb/v7-m/nofp/crtbegin.o

.preinit_array  0x0000000008009a80        0x0
                0x0000000008009a80                . = ALIGN (0x4)
                0x0000000008009a80                PROVIDE (__preinit_array_start = .)
 *(.preinit_array*)
                0x0000000008009a80                PROVIDE (__preinit_array_end = .)
                0x0000000008009a80                . = ALIGN (0x4)

.init_array     0x0000000008009a80        0x8
                0x0000000008009a80                . = ALIGN (0x4)
                0x0000000008009a80                PROVIDE (__init_array_start = .)
 *(SORT_BY_NAME(.init_array.*))
 .init_array.00000
                0x0000000008009a80        0x4 /usr/local/Cellar/arm-none-eabi-gcc/9-2019-q4-major/gcc/bin/../lib/gcc/arm-none-eabi/9.2.1/../../../../arm-none-eabi/lib/thumb/v7-m/nofp/libg.a(lib_a-__call_atexit.o)
 *(.init_array*)
 .init_array    0x0000000008009a84        0x4 /usr/local/Cellar/arm-none-eabi-gcc/9-2019-q4-major/gcc/bin/../lib/gcc/arm-none-eabi/9.2.1/thumb/v7-m/nofp/crtbegin.o
                0x0000000008009a88                PROVIDE (__init_array_end = .)
                0x0000000008009a88                . = ALIGN (0x4)

.fini_array     0x0000000008009a88        0x4
                0x0000000008009a88                . = ALIGN (0x4)
                0x0000000008009a88                PROVIDE (__fini_array_start = .)
 *(SORT_BY_NAME(.fini_array.*))
 *(.fini_array*)
 .fini_array    0x0000000008009a88        0x4 /usr/local/Cellar/arm-none-eabi-gcc/9-2019-q4-major/gcc/bin/../lib/gcc/arm-none-eabi/9.2.1/thumb/v7-m/nofp/crtbegin.o
                0x0000000008009a8c                PROVIDE (__fini_array_end = .)
                0x0000000008009a8c                . = ALIGN (0x4)
                0x0000000008009a8c                _sidata = LOADADDR (.data)

.data           0x0000000020000000      0x9d8 load address 0x0000000008009a8c
                0x0000000020000000                . = ALIGN (0x4)
                0x0000000020000000                _sdata = .
 *(.data)
 *(.data*)
 .data.uwTickPrio
                0x0000000020000000        0x4 CMakeFiles/STM_lcd.elf.dir/Drivers/STM32F1xx_HAL_Driver/Src/stm32f1xx_hal.c.obj
                0x0000000020000000                uwTickPrio
 .data.uwTickFreq
                0x0000000020000004        0x1 CMakeFiles/STM_lcd.elf.dir/Drivers/STM32F1xx_HAL_Driver/Src/stm32f1xx_hal.c.obj
                0x0000000020000004                uwTickFreq
 *fill*         0x0000000020000005        0x3 
 .data.selection_level2
                0x0000000020000008        0x4 CMakeFiles/STM_lcd.elf.dir/Src/main.c.obj
                0x0000000020000008                selection_level2
 .data.debounceState
                0x000000002000000c        0x1 CMakeFiles/STM_lcd.elf.dir/Src/main.c.obj
                0x000000002000000c                debounceState
 *fill*         0x000000002000000d        0x3 
 .data.Font_6x8
                0x0000000020000010        0x8 CMakeFiles/STM_lcd.elf.dir/Src/ssd1306_fonts.c.obj
                0x0000000020000010                Font_6x8
 .data.Font_7x10
                0x0000000020000018        0x8 CMakeFiles/STM_lcd.elf.dir/Src/ssd1306_fonts.c.obj
                0x0000000020000018                Font_7x10
 .data.Font_11x18
                0x0000000020000020        0x8 CMakeFiles/STM_lcd.elf.dir/Src/ssd1306_fonts.c.obj
                0x0000000020000020                Font_11x18
 .data.SystemCoreClock
                0x0000000020000028        0x4 CMakeFiles/STM_lcd.elf.dir/Src/system_stm32f1xx.c.obj
                0x0000000020000028                SystemCoreClock
 .data._impure_ptr
                0x000000002000002c        0x4 /usr/local/Cellar/arm-none-eabi-gcc/9-2019-q4-major/gcc/bin/../lib/gcc/arm-none-eabi/9.2.1/../../../../arm-none-eabi/lib/thumb/v7-m/nofp/libg.a(lib_a-impure.o)
                0x000000002000002c                _impure_ptr
 .data.impure_data
                0x0000000020000030      0x428 /usr/local/Cellar/arm-none-eabi-gcc/9-2019-q4-major/gcc/bin/../lib/gcc/arm-none-eabi/9.2.1/../../../../arm-none-eabi/lib/thumb/v7-m/nofp/libg.a(lib_a-impure.o)
 .data.__atexit_recursive_mutex
                0x0000000020000458        0x4 /usr/local/Cellar/arm-none-eabi-gcc/9-2019-q4-major/gcc/bin/../lib/gcc/arm-none-eabi/9.2.1/../../../../arm-none-eabi/lib/thumb/v7-m/nofp/libg.a(lib_a-__call_atexit.o)
                0x0000000020000458                __atexit_recursive_mutex
 .data.__malloc_av_
                0x000000002000045c      0x408 /usr/local/Cellar/arm-none-eabi-gcc/9-2019-q4-major/gcc/bin/../lib/gcc/arm-none-eabi/9.2.1/../../../../arm-none-eabi/lib/thumb/v7-m/nofp/libg.a(lib_a-mallocr.o)
                0x000000002000045c                __malloc_av_
 .data.__malloc_sbrk_base
                0x0000000020000864        0x4 /usr/local/Cellar/arm-none-eabi-gcc/9-2019-q4-major/gcc/bin/../lib/gcc/arm-none-eabi/9.2.1/../../../../arm-none-eabi/lib/thumb/v7-m/nofp/libg.a(lib_a-mallocr.o)
                0x0000000020000864                __malloc_sbrk_base
 .data.__malloc_trim_threshold
                0x0000000020000868        0x4 /usr/local/Cellar/arm-none-eabi-gcc/9-2019-q4-major/gcc/bin/../lib/gcc/arm-none-eabi/9.2.1/../../../../arm-none-eabi/lib/thumb/v7-m/nofp/libg.a(lib_a-mallocr.o)
                0x0000000020000868                __malloc_trim_threshold
 .data.__global_locale
                0x000000002000086c      0x16c /usr/local/Cellar/arm-none-eabi-gcc/9-2019-q4-major/gcc/bin/../lib/gcc/arm-none-eabi/9.2.1/../../../../arm-none-eabi/lib/thumb/v7-m/nofp/libg.a(lib_a-locale.o)
                0x000000002000086c                __global_locale
                0x00000000200009d8                . = ALIGN (0x4)
                0x00000000200009d8                _edata = .

.igot.plt       0x00000000200009d8        0x0 load address 0x000000000800a464
 .igot.plt      0x00000000200009d8        0x0 /usr/local/Cellar/arm-none-eabi-gcc/9-2019-q4-major/gcc/bin/../lib/gcc/arm-none-eabi/9.2.1/thumb/v7-m/nofp/crtbegin.o
                0x00000000200009d8                . = ALIGN (0x4)

.bss            0x00000000200009d8      0x708 load address 0x000000000800a464
                0x00000000200009d8                _sbss = .
                0x00000000200009d8                __bss_start__ = _sbss
 *(.bss)
 .bss           0x00000000200009d8       0x1c /usr/local/Cellar/arm-none-eabi-gcc/9-2019-q4-major/gcc/bin/../lib/gcc/arm-none-eabi/9.2.1/thumb/v7-m/nofp/crtbegin.o
 *(.bss*)
 .bss.uwTick    0x00000000200009f4        0x4 CMakeFiles/STM_lcd.elf.dir/Drivers/STM32F1xx_HAL_Driver/Src/stm32f1xx_hal.c.obj
                0x00000000200009f4                uwTick
 .bss.hspi1     0x00000000200009f8       0x58 CMakeFiles/STM_lcd.elf.dir/Src/main.c.obj
                0x00000000200009f8                hspi1
 .bss.htim1     0x0000000020000a50       0x40 CMakeFiles/STM_lcd.elf.dir/Src/main.c.obj
                0x0000000020000a50                htim1
 .bss.current_recipe
                0x0000000020000a90        0x4 CMakeFiles/STM_lcd.elf.dir/Src/main.c.obj
                0x0000000020000a90                current_recipe
 .bss.selection_level
                0x0000000020000a94        0x4 CMakeFiles/STM_lcd.elf.dir/Src/main.c.obj
                0x0000000020000a94                selection_level
 .bss.recipes_array
                0x0000000020000a98      0x1e0 CMakeFiles/STM_lcd.elf.dir/Src/main.c.obj
                0x0000000020000a98                recipes_array
 .bss.SSD1306_Buffer
                0x0000000020000c78      0x400 CMakeFiles/STM_lcd.elf.dir/Src/ssd1306.c.obj
 .bss.SSD1306   0x0000000020001078        0x6 CMakeFiles/STM_lcd.elf.dir/Src/ssd1306.c.obj
 *fill*         0x000000002000107e        0x2 
 .bss.heap_end.5201
                0x0000000020001080        0x4 CMakeFiles/STM_lcd.elf.dir/Src/sysmem.c.obj
 .bss.__malloc_current_mallinfo
                0x0000000020001084       0x28 /usr/local/Cellar/arm-none-eabi-gcc/9-2019-q4-major/gcc/bin/../lib/gcc/arm-none-eabi/9.2.1/../../../../arm-none-eabi/lib/thumb/v7-m/nofp/libg.a(lib_a-mallocr.o)
                0x0000000020001084                __malloc_current_mallinfo
 .bss.__malloc_max_sbrked_mem
                0x00000000200010ac        0x4 /usr/local/Cellar/arm-none-eabi-gcc/9-2019-q4-major/gcc/bin/../lib/gcc/arm-none-eabi/9.2.1/../../../../arm-none-eabi/lib/thumb/v7-m/nofp/libg.a(lib_a-mallocr.o)
                0x00000000200010ac                __malloc_max_sbrked_mem
 .bss.__malloc_max_total_mem
                0x00000000200010b0        0x4 /usr/local/Cellar/arm-none-eabi-gcc/9-2019-q4-major/gcc/bin/../lib/gcc/arm-none-eabi/9.2.1/../../../../arm-none-eabi/lib/thumb/v7-m/nofp/libg.a(lib_a-mallocr.o)
                0x00000000200010b0                __malloc_max_total_mem
 .bss.__malloc_top_pad
                0x00000000200010b4        0x4 /usr/local/Cellar/arm-none-eabi-gcc/9-2019-q4-major/gcc/bin/../lib/gcc/arm-none-eabi/9.2.1/../../../../arm-none-eabi/lib/thumb/v7-m/nofp/libg.a(lib_a-mallocr.o)
                0x00000000200010b4                __malloc_top_pad
 *(COMMON)
 COMMON         0x00000000200010b8       0x21 /usr/local/Cellar/arm-none-eabi-gcc/9-2019-q4-major/gcc/bin/../lib/gcc/arm-none-eabi/9.2.1/../../../../arm-none-eabi/lib/thumb/v7-m/nofp/libg.a(lib_a-lock.o)
                0x00000000200010b8                __lock___atexit_recursive_mutex
                0x00000000200010bc                __lock___arc4random_mutex
                0x00000000200010c0                __lock___env_recursive_mutex
                0x00000000200010c4                __lock___sinit_recursive_mutex
                0x00000000200010c8                __lock___malloc_recursive_mutex
                0x00000000200010cc                __lock___at_quick_exit_mutex
                0x00000000200010d0                __lock___dd_hash_mutex
                0x00000000200010d4                __lock___tz_mutex
                0x00000000200010d8                __lock___sfp_recursive_mutex
 *fill*         0x00000000200010d9        0x3 
 COMMON         0x00000000200010dc        0x4 /usr/local/Cellar/arm-none-eabi-gcc/9-2019-q4-major/gcc/bin/../lib/gcc/arm-none-eabi/9.2.1/../../../../arm-none-eabi/lib/thumb/v7-m/nofp/libg.a(lib_a-reent.o)
                0x00000000200010dc                errno
                0x00000000200010e0                . = ALIGN (0x4)
                0x00000000200010e0                _ebss = .
                0x00000000200010e0                __bss_end__ = _ebss

._user_heap_stack
                0x00000000200010e0      0x600 load address 0x000000000800a464
                0x00000000200010e0                . = ALIGN (0x8)
                0x00000000200010e0                PROVIDE (end = .)
                [!provide]                        PROVIDE (_end = .)
                0x00000000200012e0                . = (. + _Min_Heap_Size)
 *fill*         0x00000000200010e0      0x200 
                0x00000000200016e0                . = (. + _Min_Stack_Size)
 *fill*         0x00000000200012e0      0x400 
                0x00000000200016e0                . = ALIGN (0x8)

/DISCARD/
 libc.a(*)
 libm.a(*)
 libgcc.a(*)

.ARM.attributes
                0x0000000000000000       0x29
 *(.ARM.attributes)
 .ARM.attributes
                0x0000000000000000       0x1d /usr/local/Cellar/arm-none-eabi-gcc/9-2019-q4-major/gcc/bin/../lib/gcc/arm-none-eabi/9.2.1/thumb/v7-m/nofp/crti.o
 .ARM.attributes
                0x000000000000001d       0x2d /usr/local/Cellar/arm-none-eabi-gcc/9-2019-q4-major/gcc/bin/../lib/gcc/arm-none-eabi/9.2.1/thumb/v7-m/nofp/crtbegin.o
 .ARM.attributes
                0x000000000000004a       0x2d CMakeFiles/STM_lcd.elf.dir/Drivers/STM32F1xx_HAL_Driver/Src/stm32f1xx_hal.c.obj
 .ARM.attributes
                0x0000000000000077       0x2d CMakeFiles/STM_lcd.elf.dir/Drivers/STM32F1xx_HAL_Driver/Src/stm32f1xx_hal_cortex.c.obj
 .ARM.attributes
                0x00000000000000a4       0x2d CMakeFiles/STM_lcd.elf.dir/Drivers/STM32F1xx_HAL_Driver/Src/stm32f1xx_hal_gpio.c.obj
 .ARM.attributes
                0x00000000000000d1       0x2d CMakeFiles/STM_lcd.elf.dir/Drivers/STM32F1xx_HAL_Driver/Src/stm32f1xx_hal_rcc.c.obj
 .ARM.attributes
                0x00000000000000fe       0x2d CMakeFiles/STM_lcd.elf.dir/Drivers/STM32F1xx_HAL_Driver/Src/stm32f1xx_hal_spi.c.obj
 .ARM.attributes
                0x000000000000012b       0x2d CMakeFiles/STM_lcd.elf.dir/Drivers/STM32F1xx_HAL_Driver/Src/stm32f1xx_hal_tim.c.obj
 .ARM.attributes
                0x0000000000000158       0x2d CMakeFiles/STM_lcd.elf.dir/Drivers/STM32F1xx_HAL_Driver/Src/stm32f1xx_hal_tim_ex.c.obj
 .ARM.attributes
                0x0000000000000185       0x2d CMakeFiles/STM_lcd.elf.dir/Src/main.c.obj
 .ARM.attributes
                0x00000000000001b2       0x2d CMakeFiles/STM_lcd.elf.dir/Src/oledmenu.c.obj
 .ARM.attributes
                0x00000000000001df       0x2d CMakeFiles/STM_lcd.elf.dir/Src/ssd1306.c.obj
 .ARM.attributes
                0x000000000000020c       0x33 CMakeFiles/STM_lcd.elf.dir/Src/ssd1306_fonts.c.obj
 .ARM.attributes
                0x000000000000023f       0x2d CMakeFiles/STM_lcd.elf.dir/Src/stm32f1xx_hal_msp.c.obj
 .ARM.attributes
                0x000000000000026c       0x2d CMakeFiles/STM_lcd.elf.dir/Src/stm32f1xx_it.c.obj
 .ARM.attributes
                0x0000000000000299       0x2d CMakeFiles/STM_lcd.elf.dir/Src/sysmem.c.obj
 .ARM.attributes
                0x00000000000002c6       0x2d CMakeFiles/STM_lcd.elf.dir/Src/system_stm32f1xx.c.obj
 .ARM.attributes
                0x00000000000002f3       0x21 CMakeFiles/STM_lcd.elf.dir/Startup/startup_stm32f103c8tx.s.obj
 .ARM.attributes
                0x0000000000000314       0x1d /usr/local/Cellar/arm-none-eabi-gcc/9-2019-q4-major/gcc/bin/../lib/gcc/arm-none-eabi/9.2.1/thumb/v7-m/nofp/libgcc.a(_arm_addsubdf3.o)
 .ARM.attributes
                0x0000000000000331       0x1d /usr/local/Cellar/arm-none-eabi-gcc/9-2019-q4-major/gcc/bin/../lib/gcc/arm-none-eabi/9.2.1/thumb/v7-m/nofp/libgcc.a(_arm_muldivdf3.o)
 .ARM.attributes
                0x000000000000034e       0x1d /usr/local/Cellar/arm-none-eabi-gcc/9-2019-q4-major/gcc/bin/../lib/gcc/arm-none-eabi/9.2.1/thumb/v7-m/nofp/libgcc.a(_arm_fixdfsi.o)
 .ARM.attributes
                0x000000000000036b       0x2d /usr/local/Cellar/arm-none-eabi-gcc/9-2019-q4-major/gcc/bin/../lib/gcc/arm-none-eabi/9.2.1/../../../../arm-none-eabi/lib/thumb/v7-m/nofp/libg.a(lib_a-errno.o)
 .ARM.attributes
                0x0000000000000398       0x2d /usr/local/Cellar/arm-none-eabi-gcc/9-2019-q4-major/gcc/bin/../lib/gcc/arm-none-eabi/9.2.1/../../../../arm-none-eabi/lib/thumb/v7-m/nofp/libg.a(lib_a-impure.o)
 .ARM.attributes
                0x00000000000003c5       0x2d /usr/local/Cellar/arm-none-eabi-gcc/9-2019-q4-major/gcc/bin/../lib/gcc/arm-none-eabi/9.2.1/../../../../arm-none-eabi/lib/thumb/v7-m/nofp/libg.a(lib_a-init.o)
 .ARM.attributes
                0x00000000000003f2       0x2d /usr/local/Cellar/arm-none-eabi-gcc/9-2019-q4-major/gcc/bin/../lib/gcc/arm-none-eabi/9.2.1/../../../../arm-none-eabi/lib/thumb/v7-m/nofp/libg.a(lib_a-memmove.o)
 .ARM.attributes
                0x000000000000041f       0x2d /usr/local/Cellar/arm-none-eabi-gcc/9-2019-q4-major/gcc/bin/../lib/gcc/arm-none-eabi/9.2.1/../../../../arm-none-eabi/lib/thumb/v7-m/nofp/libg.a(lib_a-memset.o)
 .ARM.attributes
                0x000000000000044c       0x2d /usr/local/Cellar/arm-none-eabi-gcc/9-2019-q4-major/gcc/bin/../lib/gcc/arm-none-eabi/9.2.1/../../../../arm-none-eabi/lib/thumb/v7-m/nofp/libg.a(lib_a-sprintf.o)
 .ARM.attributes
                0x0000000000000479       0x2d /usr/local/Cellar/arm-none-eabi-gcc/9-2019-q4-major/gcc/bin/../lib/gcc/arm-none-eabi/9.2.1/../../../../arm-none-eabi/lib/thumb/v7-m/nofp/libg.a(lib_a-svfprintf.o)
 .ARM.attributes
                0x00000000000004a6       0x2d /usr/local/Cellar/arm-none-eabi-gcc/9-2019-q4-major/gcc/bin/../lib/gcc/arm-none-eabi/9.2.1/../../../../arm-none-eabi/lib/thumb/v7-m/nofp/libg.a(lib_a-__call_atexit.o)
 .ARM.attributes
                0x00000000000004d3       0x2d /usr/local/Cellar/arm-none-eabi-gcc/9-2019-q4-major/gcc/bin/../lib/gcc/arm-none-eabi/9.2.1/../../../../arm-none-eabi/lib/thumb/v7-m/nofp/libg.a(lib_a-atexit.o)
 .ARM.attributes
                0x0000000000000500       0x2d /usr/local/Cellar/arm-none-eabi-gcc/9-2019-q4-major/gcc/bin/../lib/gcc/arm-none-eabi/9.2.1/../../../../arm-none-eabi/lib/thumb/v7-m/nofp/libg.a(lib_a-dtoa.o)
 .ARM.attributes
                0x000000000000052d       0x2d /usr/local/Cellar/arm-none-eabi-gcc/9-2019-q4-major/gcc/bin/../lib/gcc/arm-none-eabi/9.2.1/../../../../arm-none-eabi/lib/thumb/v7-m/nofp/libg.a(lib_a-fini.o)
 .ARM.attributes
                0x000000000000055a       0x2d /usr/local/Cellar/arm-none-eabi-gcc/9-2019-q4-major/gcc/bin/../lib/gcc/arm-none-eabi/9.2.1/../../../../arm-none-eabi/lib/thumb/v7-m/nofp/libg.a(lib_a-freer.o)
 .ARM.attributes
                0x0000000000000587       0x2d /usr/local/Cellar/arm-none-eabi-gcc/9-2019-q4-major/gcc/bin/../lib/gcc/arm-none-eabi/9.2.1/../../../../arm-none-eabi/lib/thumb/v7-m/nofp/libg.a(lib_a-localeconv.o)
 .ARM.attributes
                0x00000000000005b4       0x2d /usr/local/Cellar/arm-none-eabi-gcc/9-2019-q4-major/gcc/bin/../lib/gcc/arm-none-eabi/9.2.1/../../../../arm-none-eabi/lib/thumb/v7-m/nofp/libg.a(lib_a-lock.o)
 .ARM.attributes
                0x00000000000005e1       0x2d /usr/local/Cellar/arm-none-eabi-gcc/9-2019-q4-major/gcc/bin/../lib/gcc/arm-none-eabi/9.2.1/../../../../arm-none-eabi/lib/thumb/v7-m/nofp/libg.a(lib_a-mallocr.o)
 .ARM.attributes
                0x000000000000060e       0x2d /usr/local/Cellar/arm-none-eabi-gcc/9-2019-q4-major/gcc/bin/../lib/gcc/arm-none-eabi/9.2.1/../../../../arm-none-eabi/lib/thumb/v7-m/nofp/libg.a(lib_a-memchr-stub.o)
 .ARM.attributes
                0x000000000000063b       0x1b /usr/local/Cellar/arm-none-eabi-gcc/9-2019-q4-major/gcc/bin/../lib/gcc/arm-none-eabi/9.2.1/../../../../arm-none-eabi/lib/thumb/v7-m/nofp/libg.a(lib_a-memcpy.o)
 .ARM.attributes
                0x0000000000000656       0x2d /usr/local/Cellar/arm-none-eabi-gcc/9-2019-q4-major/gcc/bin/../lib/gcc/arm-none-eabi/9.2.1/../../../../arm-none-eabi/lib/thumb/v7-m/nofp/libg.a(lib_a-mlock.o)
 .ARM.attributes
                0x0000000000000683       0x2d /usr/local/Cellar/arm-none-eabi-gcc/9-2019-q4-major/gcc/bin/../lib/gcc/arm-none-eabi/9.2.1/../../../../arm-none-eabi/lib/thumb/v7-m/nofp/libg.a(lib_a-mprec.o)
 .ARM.attributes
                0x00000000000006b0       0x2d /usr/local/Cellar/arm-none-eabi-gcc/9-2019-q4-major/gcc/bin/../lib/gcc/arm-none-eabi/9.2.1/../../../../arm-none-eabi/lib/thumb/v7-m/nofp/libg.a(lib_a-s_frexp.o)
 .ARM.attributes
                0x00000000000006dd       0x2d /usr/local/Cellar/arm-none-eabi-gcc/9-2019-q4-major/gcc/bin/../lib/gcc/arm-none-eabi/9.2.1/../../../../arm-none-eabi/lib/thumb/v7-m/nofp/libg.a(lib_a-sbrkr.o)
 .ARM.attributes
                0x000000000000070a       0x2d /usr/local/Cellar/arm-none-eabi-gcc/9-2019-q4-major/gcc/bin/../lib/gcc/arm-none-eabi/9.2.1/../../../../arm-none-eabi/lib/thumb/v7-m/nofp/libg.a(lib_a-strlen-stub.o)
 .ARM.attributes
                0x0000000000000737       0x2d /usr/local/Cellar/arm-none-eabi-gcc/9-2019-q4-major/gcc/bin/../lib/gcc/arm-none-eabi/9.2.1/../../../../arm-none-eabi/lib/thumb/v7-m/nofp/libg.a(lib_a-strncpy.o)
 .ARM.attributes
                0x0000000000000764       0x2d /usr/local/Cellar/arm-none-eabi-gcc/9-2019-q4-major/gcc/bin/../lib/gcc/arm-none-eabi/9.2.1/../../../../arm-none-eabi/lib/thumb/v7-m/nofp/libg.a(lib_a-svfiprintf.o)
 .ARM.attributes
                0x0000000000000791       0x2d /usr/local/Cellar/arm-none-eabi-gcc/9-2019-q4-major/gcc/bin/../lib/gcc/arm-none-eabi/9.2.1/../../../../arm-none-eabi/lib/thumb/v7-m/nofp/libg.a(lib_a-__atexit.o)
 .ARM.attributes
                0x00000000000007be       0x2d /usr/local/Cellar/arm-none-eabi-gcc/9-2019-q4-major/gcc/bin/../lib/gcc/arm-none-eabi/9.2.1/../../../../arm-none-eabi/lib/thumb/v7-m/nofp/libg.a(lib_a-callocr.o)
 .ARM.attributes
                0x00000000000007eb       0x2d /usr/local/Cellar/arm-none-eabi-gcc/9-2019-q4-major/gcc/bin/../lib/gcc/arm-none-eabi/9.2.1/../../../../arm-none-eabi/lib/thumb/v7-m/nofp/libg.a(lib_a-locale.o)
 .ARM.attributes
                0x0000000000000818       0x2d /usr/local/Cellar/arm-none-eabi-gcc/9-2019-q4-major/gcc/bin/../lib/gcc/arm-none-eabi/9.2.1/../../../../arm-none-eabi/lib/thumb/v7-m/nofp/libg.a(lib_a-mbtowc_r.o)
 .ARM.attributes
                0x0000000000000845       0x2d /usr/local/Cellar/arm-none-eabi-gcc/9-2019-q4-major/gcc/bin/../lib/gcc/arm-none-eabi/9.2.1/../../../../arm-none-eabi/lib/thumb/v7-m/nofp/libg.a(lib_a-reallocr.o)
 .ARM.attributes
                0x0000000000000872       0x2d /usr/local/Cellar/arm-none-eabi-gcc/9-2019-q4-major/gcc/bin/../lib/gcc/arm-none-eabi/9.2.1/../../../../arm-none-eabi/lib/thumb/v7-m/nofp/libg.a(lib_a-reent.o)
 .ARM.attributes
                0x000000000000089f       0x2d /usr/local/Cellar/arm-none-eabi-gcc/9-2019-q4-major/gcc/bin/../lib/gcc/arm-none-eabi/9.2.1/../../../../arm-none-eabi/lib/thumb/v7-m/nofp/libg.a(lib_a-wctomb_r.o)
 .ARM.attributes
                0x00000000000008cc       0x2d /usr/local/Cellar/arm-none-eabi-gcc/9-2019-q4-major/gcc/bin/../lib/gcc/arm-none-eabi/9.2.1/../../../../arm-none-eabi/lib/thumb/v7-m/nofp/libg.a(lib_a-ctype_.o)
 .ARM.attributes
                0x00000000000008f9       0x1d /usr/local/Cellar/arm-none-eabi-gcc/9-2019-q4-major/gcc/bin/../lib/gcc/arm-none-eabi/9.2.1/thumb/v7-m/nofp/libgcc.a(_arm_cmpdf2.o)
 .ARM.attributes
                0x0000000000000916       0x1d /usr/local/Cellar/arm-none-eabi-gcc/9-2019-q4-major/gcc/bin/../lib/gcc/arm-none-eabi/9.2.1/thumb/v7-m/nofp/libgcc.a(_arm_unorddf2.o)
 .ARM.attributes
                0x0000000000000933       0x1d /usr/local/Cellar/arm-none-eabi-gcc/9-2019-q4-major/gcc/bin/../lib/gcc/arm-none-eabi/9.2.1/thumb/v7-m/nofp/libgcc.a(_aeabi_uldivmod.o)
 .ARM.attributes
                0x0000000000000950       0x2d /usr/local/Cellar/arm-none-eabi-gcc/9-2019-q4-major/gcc/bin/../lib/gcc/arm-none-eabi/9.2.1/thumb/v7-m/nofp/libgcc.a(_udivmoddi4.o)
 .ARM.attributes
                0x000000000000097d       0x1d /usr/local/Cellar/arm-none-eabi-gcc/9-2019-q4-major/gcc/bin/../lib/gcc/arm-none-eabi/9.2.1/thumb/v7-m/nofp/libgcc.a(_dvmd_tls.o)
 .ARM.attributes
                0x000000000000099a       0x1d /usr/local/Cellar/arm-none-eabi-gcc/9-2019-q4-major/gcc/bin/../lib/gcc/arm-none-eabi/9.2.1/thumb/v7-m/nofp/crtn.o
OUTPUT(STM_lcd.elf elf32-littlearm)

.debug_info     0x0000000000000000     0xcf02
 .debug_info    0x0000000000000000      0x747 CMakeFiles/STM_lcd.elf.dir/Drivers/STM32F1xx_HAL_Driver/Src/stm32f1xx_hal.c.obj
 .debug_info    0x0000000000000747      0xbc5 CMakeFiles/STM_lcd.elf.dir/Drivers/STM32F1xx_HAL_Driver/Src/stm32f1xx_hal_cortex.c.obj
 .debug_info    0x000000000000130c      0x6da CMakeFiles/STM_lcd.elf.dir/Drivers/STM32F1xx_HAL_Driver/Src/stm32f1xx_hal_gpio.c.obj
 .debug_info    0x00000000000019e6      0x877 CMakeFiles/STM_lcd.elf.dir/Drivers/STM32F1xx_HAL_Driver/Src/stm32f1xx_hal_rcc.c.obj
 .debug_info    0x000000000000225d     0x1668 CMakeFiles/STM_lcd.elf.dir/Drivers/STM32F1xx_HAL_Driver/Src/stm32f1xx_hal_spi.c.obj
 .debug_info    0x00000000000038c5     0x2669 CMakeFiles/STM_lcd.elf.dir/Drivers/STM32F1xx_HAL_Driver/Src/stm32f1xx_hal_tim.c.obj
 .debug_info    0x0000000000005f2e     0x11fb CMakeFiles/STM_lcd.elf.dir/Drivers/STM32F1xx_HAL_Driver/Src/stm32f1xx_hal_tim_ex.c.obj
 .debug_info    0x0000000000007129     0x1047 CMakeFiles/STM_lcd.elf.dir/Src/main.c.obj
 .debug_info    0x0000000000008170     0x10ec CMakeFiles/STM_lcd.elf.dir/Src/oledmenu.c.obj
 .debug_info    0x000000000000925c     0x16c5 CMakeFiles/STM_lcd.elf.dir/Src/ssd1306.c.obj
 .debug_info    0x000000000000a921      0x215 CMakeFiles/STM_lcd.elf.dir/Src/ssd1306_fonts.c.obj
 .debug_info    0x000000000000ab36      0xdcf CMakeFiles/STM_lcd.elf.dir/Src/stm32f1xx_hal_msp.c.obj
 .debug_info    0x000000000000b905      0x7cf CMakeFiles/STM_lcd.elf.dir/Src/stm32f1xx_it.c.obj
 .debug_info    0x000000000000c0d4      0x9aa CMakeFiles/STM_lcd.elf.dir/Src/sysmem.c.obj
 .debug_info    0x000000000000ca7e      0x462 CMakeFiles/STM_lcd.elf.dir/Src/system_stm32f1xx.c.obj
 .debug_info    0x000000000000cee0       0x22 CMakeFiles/STM_lcd.elf.dir/Startup/startup_stm32f103c8tx.s.obj

.debug_abbrev   0x0000000000000000     0x202c
 .debug_abbrev  0x0000000000000000      0x1fd CMakeFiles/STM_lcd.elf.dir/Drivers/STM32F1xx_HAL_Driver/Src/stm32f1xx_hal.c.obj
 .debug_abbrev  0x00000000000001fd      0x310 CMakeFiles/STM_lcd.elf.dir/Drivers/STM32F1xx_HAL_Driver/Src/stm32f1xx_hal_cortex.c.obj
 .debug_abbrev  0x000000000000050d      0x1e5 CMakeFiles/STM_lcd.elf.dir/Drivers/STM32F1xx_HAL_Driver/Src/stm32f1xx_hal_gpio.c.obj
 .debug_abbrev  0x00000000000006f2      0x270 CMakeFiles/STM_lcd.elf.dir/Drivers/STM32F1xx_HAL_Driver/Src/stm32f1xx_hal_rcc.c.obj
 .debug_abbrev  0x0000000000000962      0x26b CMakeFiles/STM_lcd.elf.dir/Drivers/STM32F1xx_HAL_Driver/Src/stm32f1xx_hal_spi.c.obj
 .debug_abbrev  0x0000000000000bcd      0x25b CMakeFiles/STM_lcd.elf.dir/Drivers/STM32F1xx_HAL_Driver/Src/stm32f1xx_hal_tim.c.obj
 .debug_abbrev  0x0000000000000e28      0x249 CMakeFiles/STM_lcd.elf.dir/Drivers/STM32F1xx_HAL_Driver/Src/stm32f1xx_hal_tim_ex.c.obj
 .debug_abbrev  0x0000000000001071      0x265 CMakeFiles/STM_lcd.elf.dir/Src/main.c.obj
 .debug_abbrev  0x00000000000012d6      0x244 CMakeFiles/STM_lcd.elf.dir/Src/oledmenu.c.obj
 .debug_abbrev  0x000000000000151a      0x381 CMakeFiles/STM_lcd.elf.dir/Src/ssd1306.c.obj
 .debug_abbrev  0x000000000000189b       0xc4 CMakeFiles/STM_lcd.elf.dir/Src/ssd1306_fonts.c.obj
 .debug_abbrev  0x000000000000195f      0x1c5 CMakeFiles/STM_lcd.elf.dir/Src/stm32f1xx_hal_msp.c.obj
 .debug_abbrev  0x0000000000001b24      0x18d CMakeFiles/STM_lcd.elf.dir/Src/stm32f1xx_it.c.obj
 .debug_abbrev  0x0000000000001cb1      0x21e CMakeFiles/STM_lcd.elf.dir/Src/sysmem.c.obj
 .debug_abbrev  0x0000000000001ecf      0x14b CMakeFiles/STM_lcd.elf.dir/Src/system_stm32f1xx.c.obj
 .debug_abbrev  0x000000000000201a       0x12 CMakeFiles/STM_lcd.elf.dir/Startup/startup_stm32f103c8tx.s.obj

.debug_aranges  0x0000000000000000      0xc18
 .debug_aranges
                0x0000000000000000       0xe0 CMakeFiles/STM_lcd.elf.dir/Drivers/STM32F1xx_HAL_Driver/Src/stm32f1xx_hal.c.obj
 .debug_aranges
                0x00000000000000e0      0x100 CMakeFiles/STM_lcd.elf.dir/Drivers/STM32F1xx_HAL_Driver/Src/stm32f1xx_hal_cortex.c.obj
 .debug_aranges
                0x00000000000001e0       0x58 CMakeFiles/STM_lcd.elf.dir/Drivers/STM32F1xx_HAL_Driver/Src/stm32f1xx_hal_gpio.c.obj
 .debug_aranges
                0x0000000000000238       0x90 CMakeFiles/STM_lcd.elf.dir/Drivers/STM32F1xx_HAL_Driver/Src/stm32f1xx_hal_rcc.c.obj
 .debug_aranges
                0x00000000000002c8      0x1d0 CMakeFiles/STM_lcd.elf.dir/Drivers/STM32F1xx_HAL_Driver/Src/stm32f1xx_hal_spi.c.obj
 .debug_aranges
                0x0000000000000498      0x3a8 CMakeFiles/STM_lcd.elf.dir/Drivers/STM32F1xx_HAL_Driver/Src/stm32f1xx_hal_tim.c.obj
 .debug_aranges
                0x0000000000000840      0x150 CMakeFiles/STM_lcd.elf.dir/Drivers/STM32F1xx_HAL_Driver/Src/stm32f1xx_hal_tim_ex.c.obj
 .debug_aranges
                0x0000000000000990       0x58 CMakeFiles/STM_lcd.elf.dir/Src/main.c.obj
 .debug_aranges
                0x00000000000009e8       0x40 CMakeFiles/STM_lcd.elf.dir/Src/oledmenu.c.obj
 .debug_aranges
                0x0000000000000a28       0xa0 CMakeFiles/STM_lcd.elf.dir/Src/ssd1306.c.obj
 .debug_aranges
                0x0000000000000ac8       0x18 CMakeFiles/STM_lcd.elf.dir/Src/ssd1306_fonts.c.obj
 .debug_aranges
                0x0000000000000ae0       0x40 CMakeFiles/STM_lcd.elf.dir/Src/stm32f1xx_hal_msp.c.obj
 .debug_aranges
                0x0000000000000b20       0x88 CMakeFiles/STM_lcd.elf.dir/Src/stm32f1xx_it.c.obj
 .debug_aranges
                0x0000000000000ba8       0x20 CMakeFiles/STM_lcd.elf.dir/Src/sysmem.c.obj
 .debug_aranges
                0x0000000000000bc8       0x28 CMakeFiles/STM_lcd.elf.dir/Src/system_stm32f1xx.c.obj
 .debug_aranges
                0x0000000000000bf0       0x28 CMakeFiles/STM_lcd.elf.dir/Startup/startup_stm32f103c8tx.s.obj

.debug_ranges   0x0000000000000000      0xb18
 .debug_ranges  0x0000000000000000       0xd0 CMakeFiles/STM_lcd.elf.dir/Drivers/STM32F1xx_HAL_Driver/Src/stm32f1xx_hal.c.obj
 .debug_ranges  0x00000000000000d0       0xf0 CMakeFiles/STM_lcd.elf.dir/Drivers/STM32F1xx_HAL_Driver/Src/stm32f1xx_hal_cortex.c.obj
 .debug_ranges  0x00000000000001c0       0x48 CMakeFiles/STM_lcd.elf.dir/Drivers/STM32F1xx_HAL_Driver/Src/stm32f1xx_hal_gpio.c.obj
 .debug_ranges  0x0000000000000208       0x80 CMakeFiles/STM_lcd.elf.dir/Drivers/STM32F1xx_HAL_Driver/Src/stm32f1xx_hal_rcc.c.obj
 .debug_ranges  0x0000000000000288      0x1c0 CMakeFiles/STM_lcd.elf.dir/Drivers/STM32F1xx_HAL_Driver/Src/stm32f1xx_hal_spi.c.obj
 .debug_ranges  0x0000000000000448      0x398 CMakeFiles/STM_lcd.elf.dir/Drivers/STM32F1xx_HAL_Driver/Src/stm32f1xx_hal_tim.c.obj
 .debug_ranges  0x00000000000007e0      0x140 CMakeFiles/STM_lcd.elf.dir/Drivers/STM32F1xx_HAL_Driver/Src/stm32f1xx_hal_tim_ex.c.obj
 .debug_ranges  0x0000000000000920       0x48 CMakeFiles/STM_lcd.elf.dir/Src/main.c.obj
 .debug_ranges  0x0000000000000968       0x30 CMakeFiles/STM_lcd.elf.dir/Src/oledmenu.c.obj
 .debug_ranges  0x0000000000000998       0x90 CMakeFiles/STM_lcd.elf.dir/Src/ssd1306.c.obj
 .debug_ranges  0x0000000000000a28       0x30 CMakeFiles/STM_lcd.elf.dir/Src/stm32f1xx_hal_msp.c.obj
 .debug_ranges  0x0000000000000a58       0x78 CMakeFiles/STM_lcd.elf.dir/Src/stm32f1xx_it.c.obj
 .debug_ranges  0x0000000000000ad0       0x10 CMakeFiles/STM_lcd.elf.dir/Src/sysmem.c.obj
 .debug_ranges  0x0000000000000ae0       0x18 CMakeFiles/STM_lcd.elf.dir/Src/system_stm32f1xx.c.obj
 .debug_ranges  0x0000000000000af8       0x20 CMakeFiles/STM_lcd.elf.dir/Startup/startup_stm32f103c8tx.s.obj

.debug_line     0x0000000000000000     0x8926
 .debug_line    0x0000000000000000      0x56a CMakeFiles/STM_lcd.elf.dir/Drivers/STM32F1xx_HAL_Driver/Src/stm32f1xx_hal.c.obj
 .debug_line    0x000000000000056a      0x750 CMakeFiles/STM_lcd.elf.dir/Drivers/STM32F1xx_HAL_Driver/Src/stm32f1xx_hal_cortex.c.obj
 .debug_line    0x0000000000000cba      0x622 CMakeFiles/STM_lcd.elf.dir/Drivers/STM32F1xx_HAL_Driver/Src/stm32f1xx_hal_gpio.c.obj
 .debug_line    0x00000000000012dc      0x9d6 CMakeFiles/STM_lcd.elf.dir/Drivers/STM32F1xx_HAL_Driver/Src/stm32f1xx_hal_rcc.c.obj
 .debug_line    0x0000000000001cb2     0x17d0 CMakeFiles/STM_lcd.elf.dir/Drivers/STM32F1xx_HAL_Driver/Src/stm32f1xx_hal_spi.c.obj
 .debug_line    0x0000000000003482     0x23f7 CMakeFiles/STM_lcd.elf.dir/Drivers/STM32F1xx_HAL_Driver/Src/stm32f1xx_hal_tim.c.obj
 .debug_line    0x0000000000005879      0xdc0 CMakeFiles/STM_lcd.elf.dir/Drivers/STM32F1xx_HAL_Driver/Src/stm32f1xx_hal_tim_ex.c.obj
 .debug_line    0x0000000000006639      0x615 CMakeFiles/STM_lcd.elf.dir/Src/main.c.obj
 .debug_line    0x0000000000006c4e      0x491 CMakeFiles/STM_lcd.elf.dir/Src/oledmenu.c.obj
 .debug_line    0x00000000000070df      0x8ed CMakeFiles/STM_lcd.elf.dir/Src/ssd1306.c.obj
 .debug_line    0x00000000000079cc      0x182 CMakeFiles/STM_lcd.elf.dir/Src/ssd1306_fonts.c.obj
 .debug_line    0x0000000000007b4e      0x3ef CMakeFiles/STM_lcd.elf.dir/Src/stm32f1xx_hal_msp.c.obj
 .debug_line    0x0000000000007f3d      0x456 CMakeFiles/STM_lcd.elf.dir/Src/stm32f1xx_it.c.obj
 .debug_line    0x0000000000008393      0x18d CMakeFiles/STM_lcd.elf.dir/Src/sysmem.c.obj
 .debug_line    0x0000000000008520      0x353 CMakeFiles/STM_lcd.elf.dir/Src/system_stm32f1xx.c.obj
 .debug_line    0x0000000000008873       0xb3 CMakeFiles/STM_lcd.elf.dir/Startup/startup_stm32f103c8tx.s.obj

.debug_str      0x0000000000000000     0x3d11
 .debug_str     0x0000000000000000      0x82e CMakeFiles/STM_lcd.elf.dir/Drivers/STM32F1xx_HAL_Driver/Src/stm32f1xx_hal.c.obj
                                        0x897 (size before relaxing)
 .debug_str     0x000000000000082e      0x43e CMakeFiles/STM_lcd.elf.dir/Drivers/STM32F1xx_HAL_Driver/Src/stm32f1xx_hal_cortex.c.obj
                                        0x9fe (size before relaxing)
 .debug_str     0x0000000000000c6c      0x203 CMakeFiles/STM_lcd.elf.dir/Drivers/STM32F1xx_HAL_Driver/Src/stm32f1xx_hal_gpio.c.obj
                                        0x54f (size before relaxing)
 .debug_str     0x0000000000000e6f      0x35e CMakeFiles/STM_lcd.elf.dir/Drivers/STM32F1xx_HAL_Driver/Src/stm32f1xx_hal_rcc.c.obj
                                        0x70a (size before relaxing)
 .debug_str     0x00000000000011cd      0x8da CMakeFiles/STM_lcd.elf.dir/Drivers/STM32F1xx_HAL_Driver/Src/stm32f1xx_hal_spi.c.obj
                                        0xc37 (size before relaxing)
 .debug_str     0x0000000000001aa7      0xff3 CMakeFiles/STM_lcd.elf.dir/Drivers/STM32F1xx_HAL_Driver/Src/stm32f1xx_hal_tim.c.obj
                                       0x152d (size before relaxing)
 .debug_str     0x0000000000002a9a      0x5ad CMakeFiles/STM_lcd.elf.dir/Drivers/STM32F1xx_HAL_Driver/Src/stm32f1xx_hal_tim_ex.c.obj
                                        0xd2d (size before relaxing)
 .debug_str     0x0000000000003047      0x161 CMakeFiles/STM_lcd.elf.dir/Src/main.c.obj
                                        0xf2d (size before relaxing)
 .debug_str     0x00000000000031a8      0x4ce CMakeFiles/STM_lcd.elf.dir/Src/oledmenu.c.obj
                                        0xbdb (size before relaxing)
 .debug_str     0x0000000000003676      0x314 CMakeFiles/STM_lcd.elf.dir/Src/ssd1306.c.obj
                                        0xdff (size before relaxing)
 .debug_str     0x000000000000398a       0x81 CMakeFiles/STM_lcd.elf.dir/Src/ssd1306_fonts.c.obj
                                        0x2a1 (size before relaxing)
 .debug_str     0x0000000000003a0b       0x59 CMakeFiles/STM_lcd.elf.dir/Src/stm32f1xx_hal_msp.c.obj
                                        0xcc5 (size before relaxing)
 .debug_str     0x0000000000003a64      0x141 CMakeFiles/STM_lcd.elf.dir/Src/stm32f1xx_it.c.obj
                                        0x7f2 (size before relaxing)
 .debug_str     0x0000000000003ba5       0x86 CMakeFiles/STM_lcd.elf.dir/Src/sysmem.c.obj
                                        0x61f (size before relaxing)
 .debug_str     0x0000000000003c2b       0x81 CMakeFiles/STM_lcd.elf.dir/Src/system_stm32f1xx.c.obj
                                        0x3be (size before relaxing)
 .debug_str     0x0000000000003cac       0x65 CMakeFiles/STM_lcd.elf.dir/Startup/startup_stm32f103c8tx.s.obj
                                         0xae (size before relaxing)

.comment        0x0000000000000000       0x79
 .comment       0x0000000000000000       0x79 CMakeFiles/STM_lcd.elf.dir/Drivers/STM32F1xx_HAL_Driver/Src/stm32f1xx_hal.c.obj
                                         0x7a (size before relaxing)
 .comment       0x0000000000000079       0x7a CMakeFiles/STM_lcd.elf.dir/Drivers/STM32F1xx_HAL_Driver/Src/stm32f1xx_hal_cortex.c.obj
 .comment       0x0000000000000079       0x7a CMakeFiles/STM_lcd.elf.dir/Drivers/STM32F1xx_HAL_Driver/Src/stm32f1xx_hal_gpio.c.obj
 .comment       0x0000000000000079       0x7a CMakeFiles/STM_lcd.elf.dir/Drivers/STM32F1xx_HAL_Driver/Src/stm32f1xx_hal_rcc.c.obj
 .comment       0x0000000000000079       0x7a CMakeFiles/STM_lcd.elf.dir/Drivers/STM32F1xx_HAL_Driver/Src/stm32f1xx_hal_spi.c.obj
 .comment       0x0000000000000079       0x7a CMakeFiles/STM_lcd.elf.dir/Drivers/STM32F1xx_HAL_Driver/Src/stm32f1xx_hal_tim.c.obj
 .comment       0x0000000000000079       0x7a CMakeFiles/STM_lcd.elf.dir/Drivers/STM32F1xx_HAL_Driver/Src/stm32f1xx_hal_tim_ex.c.obj
 .comment       0x0000000000000079       0x7a CMakeFiles/STM_lcd.elf.dir/Src/main.c.obj
 .comment       0x0000000000000079       0x7a CMakeFiles/STM_lcd.elf.dir/Src/oledmenu.c.obj
 .comment       0x0000000000000079       0x7a CMakeFiles/STM_lcd.elf.dir/Src/ssd1306.c.obj
 .comment       0x0000000000000079       0x7a CMakeFiles/STM_lcd.elf.dir/Src/ssd1306_fonts.c.obj
 .comment       0x0000000000000079       0x7a CMakeFiles/STM_lcd.elf.dir/Src/stm32f1xx_hal_msp.c.obj
 .comment       0x0000000000000079       0x7a CMakeFiles/STM_lcd.elf.dir/Src/stm32f1xx_it.c.obj
 .comment       0x0000000000000079       0x7a CMakeFiles/STM_lcd.elf.dir/Src/sysmem.c.obj
 .comment       0x0000000000000079       0x7a CMakeFiles/STM_lcd.elf.dir/Src/system_stm32f1xx.c.obj

.debug_frame    0x0000000000000000     0x3db4
 .debug_frame   0x0000000000000000      0x334 CMakeFiles/STM_lcd.elf.dir/Drivers/STM32F1xx_HAL_Driver/Src/stm32f1xx_hal.c.obj
 .debug_frame   0x0000000000000334      0x428 CMakeFiles/STM_lcd.elf.dir/Drivers/STM32F1xx_HAL_Driver/Src/stm32f1xx_hal_cortex.c.obj
 .debug_frame   0x000000000000075c      0x14c CMakeFiles/STM_lcd.elf.dir/Drivers/STM32F1xx_HAL_Driver/Src/stm32f1xx_hal_gpio.c.obj
 .debug_frame   0x00000000000008a8      0x21c CMakeFiles/STM_lcd.elf.dir/Drivers/STM32F1xx_HAL_Driver/Src/stm32f1xx_hal_rcc.c.obj
 .debug_frame   0x0000000000000ac4      0x824 CMakeFiles/STM_lcd.elf.dir/Drivers/STM32F1xx_HAL_Driver/Src/stm32f1xx_hal_spi.c.obj
 .debug_frame   0x00000000000012e8     0x10e8 CMakeFiles/STM_lcd.elf.dir/Drivers/STM32F1xx_HAL_Driver/Src/stm32f1xx_hal_tim.c.obj
 .debug_frame   0x00000000000023d0      0x5c0 CMakeFiles/STM_lcd.elf.dir/Drivers/STM32F1xx_HAL_Driver/Src/stm32f1xx_hal_tim_ex.c.obj
 .debug_frame   0x0000000000002990      0x11c CMakeFiles/STM_lcd.elf.dir/Src/main.c.obj
 .debug_frame   0x0000000000002aac       0xc4 CMakeFiles/STM_lcd.elf.dir/Src/oledmenu.c.obj
 .debug_frame   0x0000000000002b70      0x290 CMakeFiles/STM_lcd.elf.dir/Src/ssd1306.c.obj
 .debug_frame   0x0000000000002e00       0xc8 CMakeFiles/STM_lcd.elf.dir/Src/stm32f1xx_hal_msp.c.obj
 .debug_frame   0x0000000000002ec8      0x198 CMakeFiles/STM_lcd.elf.dir/Src/stm32f1xx_it.c.obj
 .debug_frame   0x0000000000003060       0x34 CMakeFiles/STM_lcd.elf.dir/Src/sysmem.c.obj
 .debug_frame   0x0000000000003094       0x58 CMakeFiles/STM_lcd.elf.dir/Src/system_stm32f1xx.c.obj
 .debug_frame   0x00000000000030ec       0xac /usr/local/Cellar/arm-none-eabi-gcc/9-2019-q4-major/gcc/bin/../lib/gcc/arm-none-eabi/9.2.1/thumb/v7-m/nofp/libgcc.a(_arm_addsubdf3.o)
 .debug_frame   0x0000000000003198       0x50 /usr/local/Cellar/arm-none-eabi-gcc/9-2019-q4-major/gcc/bin/../lib/gcc/arm-none-eabi/9.2.1/thumb/v7-m/nofp/libgcc.a(_arm_muldivdf3.o)
 .debug_frame   0x00000000000031e8       0x24 /usr/local/Cellar/arm-none-eabi-gcc/9-2019-q4-major/gcc/bin/../lib/gcc/arm-none-eabi/9.2.1/thumb/v7-m/nofp/libgcc.a(_arm_fixdfsi.o)
 .debug_frame   0x000000000000320c       0x20 /usr/local/Cellar/arm-none-eabi-gcc/9-2019-q4-major/gcc/bin/../lib/gcc/arm-none-eabi/9.2.1/../../../../arm-none-eabi/lib/thumb/v7-m/nofp/libg.a(lib_a-errno.o)
 .debug_frame   0x000000000000322c       0x2c /usr/local/Cellar/arm-none-eabi-gcc/9-2019-q4-major/gcc/bin/../lib/gcc/arm-none-eabi/9.2.1/../../../../arm-none-eabi/lib/thumb/v7-m/nofp/libg.a(lib_a-init.o)
 .debug_frame   0x0000000000003258       0x40 /usr/local/Cellar/arm-none-eabi-gcc/9-2019-q4-major/gcc/bin/../lib/gcc/arm-none-eabi/9.2.1/../../../../arm-none-eabi/lib/thumb/v7-m/nofp/libg.a(lib_a-memmove.o)
 .debug_frame   0x0000000000003298       0x38 /usr/local/Cellar/arm-none-eabi-gcc/9-2019-q4-major/gcc/bin/../lib/gcc/arm-none-eabi/9.2.1/../../../../arm-none-eabi/lib/thumb/v7-m/nofp/libg.a(lib_a-memset.o)
 .debug_frame   0x00000000000032d0       0x7c /usr/local/Cellar/arm-none-eabi-gcc/9-2019-q4-major/gcc/bin/../lib/gcc/arm-none-eabi/9.2.1/../../../../arm-none-eabi/lib/thumb/v7-m/nofp/libg.a(lib_a-sprintf.o)
 .debug_frame   0x000000000000334c       0x44 /usr/local/Cellar/arm-none-eabi-gcc/9-2019-q4-major/gcc/bin/../lib/gcc/arm-none-eabi/9.2.1/../../../../arm-none-eabi/lib/thumb/v7-m/nofp/libg.a(lib_a-svfprintf.o)
 .debug_frame   0x0000000000003390       0x5c /usr/local/Cellar/arm-none-eabi-gcc/9-2019-q4-major/gcc/bin/../lib/gcc/arm-none-eabi/9.2.1/../../../../arm-none-eabi/lib/thumb/v7-m/nofp/libg.a(lib_a-__call_atexit.o)
 .debug_frame   0x00000000000033ec       0x20 /usr/local/Cellar/arm-none-eabi-gcc/9-2019-q4-major/gcc/bin/../lib/gcc/arm-none-eabi/9.2.1/../../../../arm-none-eabi/lib/thumb/v7-m/nofp/libg.a(lib_a-atexit.o)
 .debug_frame   0x000000000000340c       0x8c /usr/local/Cellar/arm-none-eabi-gcc/9-2019-q4-major/gcc/bin/../lib/gcc/arm-none-eabi/9.2.1/../../../../arm-none-eabi/lib/thumb/v7-m/nofp/libg.a(lib_a-dtoa.o)
 .debug_frame   0x0000000000003498       0x34 /usr/local/Cellar/arm-none-eabi-gcc/9-2019-q4-major/gcc/bin/../lib/gcc/arm-none-eabi/9.2.1/../../../../arm-none-eabi/lib/thumb/v7-m/nofp/libg.a(lib_a-fini.o)
 .debug_frame   0x00000000000034cc       0x8c /usr/local/Cellar/arm-none-eabi-gcc/9-2019-q4-major/gcc/bin/../lib/gcc/arm-none-eabi/9.2.1/../../../../arm-none-eabi/lib/thumb/v7-m/nofp/libg.a(lib_a-freer.o)
 .debug_frame   0x0000000000003558       0x40 /usr/local/Cellar/arm-none-eabi-gcc/9-2019-q4-major/gcc/bin/../lib/gcc/arm-none-eabi/9.2.1/../../../../arm-none-eabi/lib/thumb/v7-m/nofp/libg.a(lib_a-localeconv.o)
 .debug_frame   0x0000000000003598       0xb0 /usr/local/Cellar/arm-none-eabi-gcc/9-2019-q4-major/gcc/bin/../lib/gcc/arm-none-eabi/9.2.1/../../../../arm-none-eabi/lib/thumb/v7-m/nofp/libg.a(lib_a-lock.o)
 .debug_frame   0x0000000000003648       0x4c /usr/local/Cellar/arm-none-eabi-gcc/9-2019-q4-major/gcc/bin/../lib/gcc/arm-none-eabi/9.2.1/../../../../arm-none-eabi/lib/thumb/v7-m/nofp/libg.a(lib_a-mallocr.o)
 .debug_frame   0x0000000000003694       0x44 /usr/local/Cellar/arm-none-eabi-gcc/9-2019-q4-major/gcc/bin/../lib/gcc/arm-none-eabi/9.2.1/../../../../arm-none-eabi/lib/thumb/v7-m/nofp/libg.a(lib_a-memchr-stub.o)
 .debug_frame   0x00000000000036d8       0x30 /usr/local/Cellar/arm-none-eabi-gcc/9-2019-q4-major/gcc/bin/../lib/gcc/arm-none-eabi/9.2.1/../../../../arm-none-eabi/lib/thumb/v7-m/nofp/libg.a(lib_a-mlock.o)
 .debug_frame   0x0000000000003708      0x25c /usr/local/Cellar/arm-none-eabi-gcc/9-2019-q4-major/gcc/bin/../lib/gcc/arm-none-eabi/9.2.1/../../../../arm-none-eabi/lib/thumb/v7-m/nofp/libg.a(lib_a-mprec.o)
 .debug_frame   0x0000000000003964       0x30 /usr/local/Cellar/arm-none-eabi-gcc/9-2019-q4-major/gcc/bin/../lib/gcc/arm-none-eabi/9.2.1/../../../../arm-none-eabi/lib/thumb/v7-m/nofp/libg.a(lib_a-s_frexp.o)
 .debug_frame   0x0000000000003994       0x2c /usr/local/Cellar/arm-none-eabi-gcc/9-2019-q4-major/gcc/bin/../lib/gcc/arm-none-eabi/9.2.1/../../../../arm-none-eabi/lib/thumb/v7-m/nofp/libg.a(lib_a-sbrkr.o)
 .debug_frame   0x00000000000039c0       0x20 /usr/local/Cellar/arm-none-eabi-gcc/9-2019-q4-major/gcc/bin/../lib/gcc/arm-none-eabi/9.2.1/../../../../arm-none-eabi/lib/thumb/v7-m/nofp/libg.a(lib_a-strlen-stub.o)
 .debug_frame   0x00000000000039e0       0x38 /usr/local/Cellar/arm-none-eabi-gcc/9-2019-q4-major/gcc/bin/../lib/gcc/arm-none-eabi/9.2.1/../../../../arm-none-eabi/lib/thumb/v7-m/nofp/libg.a(lib_a-strncpy.o)
 .debug_frame   0x0000000000003a18       0x78 /usr/local/Cellar/arm-none-eabi-gcc/9-2019-q4-major/gcc/bin/../lib/gcc/arm-none-eabi/9.2.1/../../../../arm-none-eabi/lib/thumb/v7-m/nofp/libg.a(lib_a-svfiprintf.o)
 .debug_frame   0x0000000000003a90       0x34 /usr/local/Cellar/arm-none-eabi-gcc/9-2019-q4-major/gcc/bin/../lib/gcc/arm-none-eabi/9.2.1/../../../../arm-none-eabi/lib/thumb/v7-m/nofp/libg.a(lib_a-__atexit.o)
 .debug_frame   0x0000000000003ac4       0x28 /usr/local/Cellar/arm-none-eabi-gcc/9-2019-q4-major/gcc/bin/../lib/gcc/arm-none-eabi/9.2.1/../../../../arm-none-eabi/lib/thumb/v7-m/nofp/libg.a(lib_a-callocr.o)
 .debug_frame   0x0000000000003aec       0x54 /usr/local/Cellar/arm-none-eabi-gcc/9-2019-q4-major/gcc/bin/../lib/gcc/arm-none-eabi/9.2.1/../../../../arm-none-eabi/lib/thumb/v7-m/nofp/libg.a(lib_a-locale.o)
 .debug_frame   0x0000000000003b40       0x4c /usr/local/Cellar/arm-none-eabi-gcc/9-2019-q4-major/gcc/bin/../lib/gcc/arm-none-eabi/9.2.1/../../../../arm-none-eabi/lib/thumb/v7-m/nofp/libg.a(lib_a-mbtowc_r.o)
 .debug_frame   0x0000000000003b8c       0x48 /usr/local/Cellar/arm-none-eabi-gcc/9-2019-q4-major/gcc/bin/../lib/gcc/arm-none-eabi/9.2.1/../../../../arm-none-eabi/lib/thumb/v7-m/nofp/libg.a(lib_a-reallocr.o)
 .debug_frame   0x0000000000003bd4       0x60 /usr/local/Cellar/arm-none-eabi-gcc/9-2019-q4-major/gcc/bin/../lib/gcc/arm-none-eabi/9.2.1/../../../../arm-none-eabi/lib/thumb/v7-m/nofp/libg.a(lib_a-reent.o)
 .debug_frame   0x0000000000003c34       0x3c /usr/local/Cellar/arm-none-eabi-gcc/9-2019-q4-major/gcc/bin/../lib/gcc/arm-none-eabi/9.2.1/../../../../arm-none-eabi/lib/thumb/v7-m/nofp/libg.a(lib_a-wctomb_r.o)
 .debug_frame   0x0000000000003c70       0xc4 /usr/local/Cellar/arm-none-eabi-gcc/9-2019-q4-major/gcc/bin/../lib/gcc/arm-none-eabi/9.2.1/thumb/v7-m/nofp/libgcc.a(_arm_cmpdf2.o)
 .debug_frame   0x0000000000003d34       0x20 /usr/local/Cellar/arm-none-eabi-gcc/9-2019-q4-major/gcc/bin/../lib/gcc/arm-none-eabi/9.2.1/thumb/v7-m/nofp/libgcc.a(_arm_unorddf2.o)
 .debug_frame   0x0000000000003d54       0x2c /usr/local/Cellar/arm-none-eabi-gcc/9-2019-q4-major/gcc/bin/../lib/gcc/arm-none-eabi/9.2.1/thumb/v7-m/nofp/libgcc.a(_aeabi_uldivmod.o)
 .debug_frame   0x0000000000003d80       0x34 /usr/local/Cellar/arm-none-eabi-gcc/9-2019-q4-major/gcc/bin/../lib/gcc/arm-none-eabi/9.2.1/thumb/v7-m/nofp/libgcc.a(_udivmoddi4.o)
